###############################################################################
#
# IAR ELF Linker V7.10.1.6676/W32 for ARM                 17/Nov/2016  12:09:59
# Copyright 2007-2014 IAR Systems AB.
#
#    Output file  =  
#        E:\LiyaoProject\Cube_Project\STM32F103_BASE_V1.0\EWARM\STM32F103\Exe\STM32F103.out
#    Map file     =  
#        E:\LiyaoProject\Cube_Project\STM32F103_BASE_V1.0\EWARM\STM32F103/List\STM32F103.map
#    Command line =  
#        E:\LiyaoProject\Cube_Project\STM32F103_BASE_V1.0\EWARM\STM32F103\Obj\ComBuff.o
#        E:\LiyaoProject\Cube_Project\STM32F103_BASE_V1.0\EWARM\STM32F103\Obj\dma.o
#        E:\LiyaoProject\Cube_Project\STM32F103_BASE_V1.0\EWARM\STM32F103\Obj\gpio.o
#        E:\LiyaoProject\Cube_Project\STM32F103_BASE_V1.0\EWARM\STM32F103\Obj\i2c.o
#        E:\LiyaoProject\Cube_Project\STM32F103_BASE_V1.0\EWARM\STM32F103\Obj\List.o
#        E:\LiyaoProject\Cube_Project\STM32F103_BASE_V1.0\EWARM\STM32F103\Obj\LOG.o
#        E:\LiyaoProject\Cube_Project\STM32F103_BASE_V1.0\EWARM\STM32F103\Obj\main.o
#        E:\LiyaoProject\Cube_Project\STM32F103_BASE_V1.0\EWARM\STM32F103\Obj\Protocol.o
#        E:\LiyaoProject\Cube_Project\STM32F103_BASE_V1.0\EWARM\STM32F103\Obj\ProtocolFrame.o
#        E:\LiyaoProject\Cube_Project\STM32F103_BASE_V1.0\EWARM\STM32F103\Obj\ProtocolHandle.o
#        E:\LiyaoProject\Cube_Project\STM32F103_BASE_V1.0\EWARM\STM32F103\Obj\Queue.o
#        E:\LiyaoProject\Cube_Project\STM32F103_BASE_V1.0\EWARM\STM32F103\Obj\startup_stm32f103xe.o
#        E:\LiyaoProject\Cube_Project\STM32F103_BASE_V1.0\EWARM\STM32F103\Obj\stm32f1xx_hal.o
#        E:\LiyaoProject\Cube_Project\STM32F103_BASE_V1.0\EWARM\STM32F103\Obj\stm32f1xx_hal_cortex.o
#        E:\LiyaoProject\Cube_Project\STM32F103_BASE_V1.0\EWARM\STM32F103\Obj\stm32f1xx_hal_dma.o
#        E:\LiyaoProject\Cube_Project\STM32F103_BASE_V1.0\EWARM\STM32F103\Obj\stm32f1xx_hal_flash.o
#        E:\LiyaoProject\Cube_Project\STM32F103_BASE_V1.0\EWARM\STM32F103\Obj\stm32f1xx_hal_flash_ex.o
#        E:\LiyaoProject\Cube_Project\STM32F103_BASE_V1.0\EWARM\STM32F103\Obj\stm32f1xx_hal_gpio.o
#        E:\LiyaoProject\Cube_Project\STM32F103_BASE_V1.0\EWARM\STM32F103\Obj\stm32f1xx_hal_gpio_ex.o
#        E:\LiyaoProject\Cube_Project\STM32F103_BASE_V1.0\EWARM\STM32F103\Obj\stm32f1xx_hal_i2c.o
#        E:\LiyaoProject\Cube_Project\STM32F103_BASE_V1.0\EWARM\STM32F103\Obj\stm32f1xx_hal_msp.o
#        E:\LiyaoProject\Cube_Project\STM32F103_BASE_V1.0\EWARM\STM32F103\Obj\stm32f1xx_hal_pwr.o
#        E:\LiyaoProject\Cube_Project\STM32F103_BASE_V1.0\EWARM\STM32F103\Obj\stm32f1xx_hal_rcc.o
#        E:\LiyaoProject\Cube_Project\STM32F103_BASE_V1.0\EWARM\STM32F103\Obj\stm32f1xx_hal_rcc_ex.o
#        E:\LiyaoProject\Cube_Project\STM32F103_BASE_V1.0\EWARM\STM32F103\Obj\stm32f1xx_hal_tim.o
#        E:\LiyaoProject\Cube_Project\STM32F103_BASE_V1.0\EWARM\STM32F103\Obj\stm32f1xx_hal_tim_ex.o
#        E:\LiyaoProject\Cube_Project\STM32F103_BASE_V1.0\EWARM\STM32F103\Obj\stm32f1xx_hal_uart.o
#        E:\LiyaoProject\Cube_Project\STM32F103_BASE_V1.0\EWARM\STM32F103\Obj\stm32f1xx_it.o
#        E:\LiyaoProject\Cube_Project\STM32F103_BASE_V1.0\EWARM\STM32F103\Obj\system_stm32f1xx.o
#        E:\LiyaoProject\Cube_Project\STM32F103_BASE_V1.0\EWARM\STM32F103\Obj\TaskTimeManager.o
#        E:\LiyaoProject\Cube_Project\STM32F103_BASE_V1.0\EWARM\STM32F103\Obj\usart.o
#        --redirect _Printf=_PrintfFull --redirect _Scanf=_ScanfFull -o
#        E:\LiyaoProject\Cube_Project\STM32F103_BASE_V1.0\EWARM\STM32F103\Exe\STM32F103.out
#        --map
#        E:\LiyaoProject\Cube_Project\STM32F103_BASE_V1.0\EWARM\STM32F103/List\STM32F103.map
#        --config
#        E:\LiyaoProject\Cube_Project\STM32F103_BASE_V1.0\EWARM/stm32f103xe_flash.icf
#        --semihosting --entry __iar_program_start --vfe
#
###############################################################################

*******************************************************************************
*** RUNTIME MODEL ATTRIBUTES
***

CppFlavor                     = *
__Heap_Handler                = DLMalloc
__SystemLibrary               = DLib
__dlib_dynamic_initialization = normal


*******************************************************************************
*** PLACEMENT SUMMARY
***

"A1":  place at 0x08000000 { ro section .intvec };
"P1":  place in [from 0x08000000 to 0x0807ffff] { ro };
"P2":  place in [from 0x20000000 to 0x2000ffff] { rw, block CSTACK, block HEAP };

  Section             Kind        Address    Size  Object
  -------             ----        -------    ----  ------
"A1":                                       0x130
  .intvec             ro code  0x08000000   0x130  startup_stm32f103xe.o [1]
                             - 0x08000130   0x130

"P1":                                      0x612a
  .text               ro code  0x08000130  0x1560  dlmalloc.o [3]
  .text               ro code  0x08001690     0x6  abort.o [3]
  .text               ro code  0x08001696    0x22  zero_init3.o [5]
  .text               ro code  0x080016b8    0x2c  xgetmemchunk.o [3]
  .text               ro code  0x080016e4    0x14  exit.o [6]
  .text               ro code  0x080016f8  0x1106  xprintffull.o [3]
  .text               ro code  0x080027fe    0x20  xmbtowc.o [3]
  .text               ro code  0x08002820    0x16  strchr.o [5]
  .text               ro code  0x08002838    0x36  strlen.o [5]
  .text               ro code  0x08002870    0x58  memchr.o [5]
  .text               ro code  0x080028c8     0xa  xmbcurmax.o [3]
  .text               ro code  0x080028d2    0x1a  xwctomb.o [3]
  .text               ro code  0x080028ec    0x76  ABImemcpy_unaligned.o [5]
  .text               ro code  0x08002964    0xee  I64DivMod.o [5]
  .text               ro code  0x08002a54   0x1a2  DblMul.o [4]
  .text               ro code  0x08002bf6    0x42  xdnorm.o [4]
  .text               ro code  0x08002c38    0x2e  DblCmpLe.o [4]
  .text               ro code  0x08002c68    0x2e  DblCmpGe.o [4]
  .text               ro code  0x08002c98   0x10c  xdscale.o [4]
  .text               ro code  0x08002da4    0x58  DblToI32.o [4]
  .text               ro code  0x08002dfc    0x30  I32ToDbl.o [4]
  .text               ro code  0x08002e2c   0x180  DblSub.o [4]
  .text               ro code  0x08002fac   0x246  DblDiv.o [4]
  .text               ro code  0x080031f4    0x6c  localeconv.o [3]
  .text               ro code  0x08003260     0xe  div.o [3]
  .text               ro code  0x08003270    0x14  setlocale.o [3]
  .text               ro code  0x08003284    0x60  xencoding_sb.o [3]
  .text               ro code  0x080032e4     0x2  I64DivZer.o [5]
  .text               ro code  0x080032e8    0xd4  DblAdd.o [4]
  .text               ro code  0x080033bc     0x2  xtls.o [3]
  .text               ro code  0x080033c0   0x5e4  stm32f1xx_hal_uart.o [1]
  .text               ro code  0x080039a4   0x1e4  usart.o [1]
  .text               ro code  0x08003b88   0x4b2  stm32f1xx_hal_dma.o [1]
  .text               ro code  0x0800403c   0x570  ComBuff.o [1]
  .text               ro code  0x080045ac    0x74  stm32f1xx_hal.o [1]
  .text               ro code  0x08004620   0x4aa  stm32f1xx_hal_rcc.o [1]
  .text               ro code  0x08004acc   0x150  main.o [1]
  .text               ro code  0x08004c1c    0xf4  stm32f1xx_hal_cortex.o [1]
  .text               ro code  0x08004d10   0x1c8  stm32f1xx_hal_gpio.o [1]
  .text               ro code  0x08004ed8   0x134  Queue.o [1]
  .text               ro code  0x0800500c     0x6  ABImemclr4.o [5]
  .text               ro code  0x08005014    0x84  stm32f1xx_hal_msp.o [1]
  .text               ro code  0x08005098    0x24  printf.o [3]
  .text               ro code  0x080050bc    0x44  gpio.o [1]
  .text               ro code  0x08005100    0x60  dma.o [1]
  .text               ro code  0x08005160    0xa4  i2c.o [1]
  .text               ro code  0x08005204   0x1f0  TaskTimeManager.o [1]
  .text               ro code  0x080053f4   0x308  ProtocolFrame.o [1]
  .text               ro code  0x080056fc    0x70  LOG.o [1]
  .text               ro code  0x0800576c     0x6  ABImemclr.o [5]
  .text               ro code  0x08005772     0xc  memcpy.o [3]
  .text               ro code  0x08005780    0x32  ABImemset48.o [5]
  .text               ro code  0x080057b4   0x40e  stm32f1xx_hal_i2c.o [1]
  .text               ro code  0x08005bc4    0xfc  List.o [1]
  .text               ro code  0x08005cc0    0x7e  Protocol.o [1]
  .text               ro code  0x08005d40    0x66  ABImemset.o [5]
  .text               ro code  0x08005da6    0x14  memset.o [3]
  .text               ro code  0x08005dba    0xd4  packbits_init.o [5]
  .text               ro code  0x08005e90    0x94  dlmalloc_stat.o [3]
  .text               ro code  0x08005f24    0x34  fprintf.o [3]
  .text               ro code  0x08005f58     0x4  xsyslock_nop.o [3]
  .text               ro code  0x08005f5c    0x6c  stm32f1xx_it.o [1]
  .text               ro code  0x08005fc8    0x5c  system_stm32f1xx.o [1]
  .text               ro code  0x08006024    0x28  data_init.o [5]
  .iar.init_table     const    0x0800604c    0x2c  - Linker created -
  .text               ro code  0x08006078    0x20  ProtocolHandle.o [1]
  .text               ro code  0x08006098    0x1a  cmain.o [5]
  .text               ro code  0x080060b2     0x4  low_level_init.o [3]
  .text               ro code  0x080060b6     0x4  exit.o [3]
  .text               ro code  0x080060bc     0xa  cexit.o [5]
  .text               ro code  0x080060c6    0x18  xfprout.o [3]
  .text               ro code  0x080060de    0x16  xprout.o [3]
  .text               ro code  0x080060f4     0xc  putchar.o [3]
  .text               ro code  0x08006100    0x10  startup_stm32f103xe.o [1]
  .text               ro code  0x08006110     0xc  cstartup_M.o [5]
  .rodata             const    0x0800611c     0x8  system_stm32f1xx.o [1]
  .text               ro code  0x08006124     0x4  startup_stm32f103xe.o [1]
  .text               ro code  0x08006128     0x4  startup_stm32f103xe.o [1]
  .text               ro code  0x0800612c     0x4  startup_stm32f103xe.o [1]
  .text               ro code  0x08006130     0x4  startup_stm32f103xe.o [1]
  .text               ro code  0x08006134     0x4  startup_stm32f103xe.o [1]
  .text               ro code  0x08006138     0x4  startup_stm32f103xe.o [1]
  .text               ro code  0x0800613c     0x4  startup_stm32f103xe.o [1]
  .text               ro code  0x08006140     0x4  startup_stm32f103xe.o [1]
  .text               ro code  0x08006144     0x4  startup_stm32f103xe.o [1]
  .text               ro code  0x08006148     0x4  startup_stm32f103xe.o [1]
  .text               ro code  0x0800614c     0x4  startup_stm32f103xe.o [1]
  .text               ro code  0x08006150     0x4  startup_stm32f103xe.o [1]
  .text               ro code  0x08006154     0x4  startup_stm32f103xe.o [1]
  .text               ro code  0x08006158     0x4  startup_stm32f103xe.o [1]
  .text               ro code  0x0800615c     0x4  startup_stm32f103xe.o [1]
  .text               ro code  0x08006160     0x4  startup_stm32f103xe.o [1]
  .text               ro code  0x08006164     0x4  startup_stm32f103xe.o [1]
  .text               ro code  0x08006168     0x4  startup_stm32f103xe.o [1]
  .text               ro code  0x0800616c     0x4  startup_stm32f103xe.o [1]
  .text               ro code  0x08006170     0x4  startup_stm32f103xe.o [1]
  .text               ro code  0x08006174     0x4  startup_stm32f103xe.o [1]
  .text               ro code  0x08006178     0x4  startup_stm32f103xe.o [1]
  .text               ro code  0x0800617c     0x4  startup_stm32f103xe.o [1]
  .text               ro code  0x08006180     0x4  startup_stm32f103xe.o [1]
  .text               ro code  0x08006184     0x4  startup_stm32f103xe.o [1]
  .text               ro code  0x08006188     0x4  startup_stm32f103xe.o [1]
  .text               ro code  0x0800618c     0x4  startup_stm32f103xe.o [1]
  .text               ro code  0x08006190     0x4  startup_stm32f103xe.o [1]
  .text               ro code  0x08006194     0x4  startup_stm32f103xe.o [1]
  .text               ro code  0x08006198     0x4  startup_stm32f103xe.o [1]
  .text               ro code  0x0800619c     0x4  startup_stm32f103xe.o [1]
  .text               ro code  0x080061a0     0x4  startup_stm32f103xe.o [1]
  .text               ro code  0x080061a4     0x4  startup_stm32f103xe.o [1]
  .text               ro code  0x080061a8     0x4  startup_stm32f103xe.o [1]
  .text               ro code  0x080061ac     0x4  startup_stm32f103xe.o [1]
  .text               ro code  0x080061b0     0x4  startup_stm32f103xe.o [1]
  .text               ro code  0x080061b4     0x4  startup_stm32f103xe.o [1]
  .text               ro code  0x080061b8     0x4  startup_stm32f103xe.o [1]
  .text               ro code  0x080061bc     0x4  startup_stm32f103xe.o [1]
  .text               ro code  0x080061c0     0x4  startup_stm32f103xe.o [1]
  .text               ro code  0x080061c4     0x4  startup_stm32f103xe.o [1]
  .text               ro code  0x080061c8     0x4  startup_stm32f103xe.o [1]
  .text               ro code  0x080061cc     0x4  startup_stm32f103xe.o [1]
  .text               ro code  0x080061d0     0x4  startup_stm32f103xe.o [1]
  .text               ro code  0x080061d4     0x4  startup_stm32f103xe.o [1]
  .text               ro code  0x080061d8     0x4  startup_stm32f103xe.o [1]
  .text               ro code  0x080061dc     0x4  startup_stm32f103xe.o [1]
  .text               ro code  0x080061e0     0x4  startup_stm32f103xe.o [1]
  .text               ro code  0x080061e4     0x4  startup_stm32f103xe.o [1]
  .text               ro code  0x080061e8     0x4  startup_stm32f103xe.o [1]
  .text               ro code  0x080061ec     0x4  startup_stm32f103xe.o [1]
  .text               ro code  0x080061f0     0x4  startup_stm32f103xe.o [1]
  .rodata             const    0x080061f4     0x0  zero_init3.o [5]
  .rodata             const    0x080061f4     0x0  packbits_init.o [5]
  Initializer bytes   ro data  0x080061f4    0x66  <for P2 s0>
                             - 0x0800625a  0x612a

"P2", part 1 of 3:                          0x1c8
  P2 s0                        0x20000000   0x1c8  <Init block>
    __DLIB_PERTHREAD  inited   0x20000000    0x88  localeconv.o [3]
    __DLIB_PERTHREAD  inited   0x20000088    0x74  setlocale.o [3]
    .data             inited   0x200000fc    0x40  xfiles.o [3]
    .data             inited   0x2000013c    0x40  xfiles.o [3]
    .data             inited   0x2000017c    0x34  TaskTimeManager.o [1]
    .data             inited   0x200001b0    0x14  ProtocolFrame.o [1]
    .data             inited   0x200001c4     0x4  system_stm32f1xx.o [1]
                             - 0x200001c8   0x1c8

"P2", part 2 of 3:                          0x608
  .bss                zero     0x200001c8   0x1d8  dlmalloc.o [3]
  .bss                zero     0x200003a0    0xe0  usart.o [1]
  .bss                zero     0x20000480    0x94  ProtocolFrame.o [1]
  .bss                zero     0x20000514    0x94  ProtocolFrame.o [1]
  .bss                zero     0x200005a8    0x50  xfiles.o [3]
  .bss                zero     0x200005f8    0x50  xfiles.o [3]
  .bss                zero     0x20000648    0x40  usart.o [1]
  .bss                zero     0x20000688    0x40  usart.o [1]
  .bss                zero     0x200006c8    0x3c  i2c.o [1]
  .bss                zero     0x20000704    0x28  ComBuff.o [1]
  .bss                zero     0x2000072c    0x28  ComBuff.o [1]
  .bss                zero     0x20000754    0x24  ComBuff.o [1]
  .bss                zero     0x20000778    0x24  ComBuff.o [1]
  .bss                zero     0x2000079c    0x18  dlmalloc.o [3]
  .bss                zero     0x200007b4    0x10  LOG.o [1]
  .bss                zero     0x200007c4     0x4  stm32f1xx_hal.o [1]
  .bss                zero     0x200007c8     0x4  xgetmemchunk.o [3]
  .bss                zero     0x200007cc     0x1  main.o [1]
  .bss                zero     0x200007cd     0x1  TaskTimeManager.o [1]
                             - 0x200007ce   0x606

"P2", part 3 of 3:                         0x1400
  CSTACK                       0x200007d0   0x400  <Block>
    CSTACK            uninit   0x200007d0   0x400  <Block tail>
  HEAP                         0x20000bd0  0x1000  <Block>
    HEAP              uninit   0x20000bd0  0x1000  <Block tail>
                             - 0x20001bd0  0x1400


*******************************************************************************
*** INIT TABLE
***

          Address     Size
          -------     ----
Zero (__iar_zero_init3)
    1 destination range, total size 0x606:
          0x200001c8  0x606

Copy/packbits (__iar_packbits_init3)
    1 source range, total size 0x66 (22% of destination):
          0x080061f4   0x66
    1 destination range, total size 0x1c8:
          0x20000000  0x1c8



*******************************************************************************
*** MODULE SUMMARY
***

    Module                  ro code  ro data  rw data
    ------                  -------  -------  -------
E:\LiyaoProject\Cube_Project\STM32F103_BASE_V1.0\EWARM\STM32F103\Obj: [1]
    ComBuff.o                 1 392               152
    LOG.o                       112                16
    List.o                      252
    Protocol.o                  126
    ProtocolFrame.o             776        5      316
    ProtocolHandle.o             32
    Queue.o                     308
    TaskTimeManager.o           496       11       53
    dma.o                        96
    gpio.o                       68
    i2c.o                       164                60
    main.o                      336                 1
    startup_stm32f103xe.o       528
    stm32f1xx_hal.o             116                 4
    stm32f1xx_hal_cortex.o      244
    stm32f1xx_hal_dma.o       1 202
    stm32f1xx_hal_gpio.o        456
    stm32f1xx_hal_i2c.o       1 038
    stm32f1xx_hal_msp.o         132
    stm32f1xx_hal_rcc.o       1 194
    stm32f1xx_hal_uart.o      1 508
    stm32f1xx_it.o              108
    system_stm32f1xx.o           92        9        4
    usart.o                     484               352
    -------------------------------------------------
    Total:                   11 260       25      958

command line: [2]
    -------------------------------------------------
    Total:

dl7M_tlf.a: [3]
    abort.o                       6
    div.o                        14
    dlmalloc.o                5 472               496
    dlmalloc_stat.o             148
    exit.o                        4
    fprintf.o                    52
    localeconv.o                108       30      136
    low_level_init.o              4
    memcpy.o                     12
    memset.o                     20
    printf.o                     36
    putchar.o                    12
    setlocale.o                  20       26      116
    xencoding_sb.o               96
    xfiles.o                              29      288
    xfprout.o                    24
    xgetmemchunk.o               44                 4
    xmbcurmax.o                  10
    xmbtowc.o                    32
    xprintffull.o             4 358
    xprout.o                     22
    xsyslock_nop.o                4
    xtls.o                        2
    xwctomb.o                    26
    -------------------------------------------------
    Total:                   10 526       85    1 040

m7M_tl.a: [4]
    DblAdd.o                    212
    DblCmpGe.o                   46
    DblCmpLe.o                   46
    DblDiv.o                    582
    DblMul.o                    418
    DblSub.o                    384
    DblToI32.o                   88
    I32ToDbl.o                   48
    xdnorm.o                     66
    xdscale.o                   268
    -------------------------------------------------
    Total:                    2 158

rt7M_tl.a: [5]
    ABImemclr.o                   6
    ABImemclr4.o                  6
    ABImemcpy_unaligned.o       118
    ABImemset.o                 102
    ABImemset48.o                50
    I64DivMod.o                 238
    I64DivZer.o                   2
    cexit.o                      10
    cmain.o                      26
    cstartup_M.o                 12
    data_init.o                  40
    memchr.o                     88
    packbits_init.o             212
    strchr.o                     22
    strlen.o                     54
    zero_init3.o                 34
    -------------------------------------------------
    Total:                    1 020

shb_l.a: [6]
    exit.o                       20
    -------------------------------------------------
    Total:                       20

    Gaps                         40
    Linker created                        44    5 120
-----------------------------------------------------
    Grand Total:             25 024      154    7 118


*******************************************************************************
*** ENTRY LIST
***

Entry                      Address   Size  Type      Object
-----                      -------   ----  ----      ------
?main                   0x08006099         Code  Gb  cmain.o [5]
AHBPrescTable           0x08006014   0x10  Data  Gb  system_stm32f1xx.o [1]
APBPrescTable           0x0800611c    0x8  Data  Gb  system_stm32f1xx.o [1]
BusFault_Handler        0x08005f63    0x2  Code  Gb  stm32f1xx_it.o [1]
CSTACK$$Base            0x200007d0          --   Gb  - Linker created -
CSTACK$$Limit           0x20000bd0          --   Gb  - Linker created -
ComBuff_Init            0x080040c3   0x3c  Code  Gb  ComBuff.o [1]
DMA1_Channel4_IRQHandler
                        0x08005f7b    0x6  Code  Gb  stm32f1xx_it.o [1]
DMA1_Channel5_IRQHandler
                        0x08005f81    0x6  Code  Gb  stm32f1xx_it.o [1]
DMA1_Channel6_IRQHandler
                        0x08005f87    0x6  Code  Gb  stm32f1xx_it.o [1]
DMA1_Channel7_IRQHandler
                        0x08005f8d    0x6  Code  Gb  stm32f1xx_it.o [1]
DMA_Receiver_Init       0x08004061   0x62  Code  Gb  ComBuff.o [1]
DMA_Sender_Init         0x0800403d   0x24  Code  Lc  ComBuff.o [1]
DMA_SetConfig           0x08004025   0x16  Code  Lc  stm32f1xx_hal_dma.o [1]
DebugMon_Handler        0x08005f69    0x2  Code  Gb  stm32f1xx_it.o [1]
Error_Handler           0x08004bcb   0x10  Code  Gb  main.o [1]
FetchProtocols          0x08005653   0x18  Code  Gb  ProtocolFrame.o [1]
HAL_DMA_IRQHandler      0x08003c29  0x3c4  Code  Gb  stm32f1xx_hal_dma.o [1]
HAL_DMA_Init            0x08003b89   0x4a  Code  Gb  stm32f1xx_hal_dma.o [1]
HAL_DMA_Start_IT        0x08003bd3   0x2e  Code  Gb  stm32f1xx_hal_dma.o [1]
HAL_Delay               0x08004601   0x18  Code  Wk  stm32f1xx_hal.o [1]
HAL_GPIO_Init           0x08004d11  0x18a  Code  Gb  stm32f1xx_hal_gpio.o [1]
HAL_GetTick             0x080045fb    0x6  Code  Wk  stm32f1xx_hal.o [1]
HAL_I2C_ER_IRQHandler   0x08005a1f   0xd6  Code  Gb  stm32f1xx_hal_i2c.o [1]
HAL_I2C_EV_IRQHandler   0x080058a1  0x17e  Code  Gb  stm32f1xx_hal_i2c.o [1]
HAL_I2C_ErrorCallback   0x08005b01    0x2  Code  Wk  stm32f1xx_hal_i2c.o [1]
HAL_I2C_Init            0x080057b5   0xc6  Code  Gb  stm32f1xx_hal_i2c.o [1]
HAL_I2C_MasterRxCpltCallback
                        0x08005af7    0x2  Code  Wk  stm32f1xx_hal_i2c.o [1]
HAL_I2C_MasterTxCpltCallback
                        0x08005af5    0x2  Code  Wk  stm32f1xx_hal_i2c.o [1]
HAL_I2C_MemRxCpltCallback
                        0x08005aff    0x2  Code  Wk  stm32f1xx_hal_i2c.o [1]
HAL_I2C_MemTxCpltCallback
                        0x08005afd    0x2  Code  Wk  stm32f1xx_hal_i2c.o [1]
HAL_I2C_MspInit         0x08005195   0x5a  Code  Gb  i2c.o [1]
HAL_I2C_SlaveRxCpltCallback
                        0x08005afb    0x2  Code  Wk  stm32f1xx_hal_i2c.o [1]
HAL_I2C_SlaveTxCpltCallback
                        0x08005af9    0x2  Code  Wk  stm32f1xx_hal_i2c.o [1]
HAL_IncTick             0x080045f1    0xa  Code  Wk  stm32f1xx_hal.o [1]
HAL_Init                0x080045ad   0x20  Code  Gb  stm32f1xx_hal.o [1]
HAL_InitTick            0x080045cd   0x24  Code  Wk  stm32f1xx_hal.o [1]
HAL_MspInit             0x08005015   0x84  Code  Gb  stm32f1xx_hal_msp.o [1]
HAL_NVIC_EnableIRQ      0x08004c9d    0xc  Code  Gb  stm32f1xx_hal_cortex.o [1]
HAL_NVIC_SetPriority    0x08004c5b   0x42  Code  Gb  stm32f1xx_hal_cortex.o [1]
HAL_NVIC_SetPriorityGrouping
                        0x08004c41   0x1a  Code  Gb  stm32f1xx_hal_cortex.o [1]
HAL_RCC_ClockConfig     0x080048e3  0x12e  Code  Gb  stm32f1xx_hal_rcc.o [1]
HAL_RCC_GetHCLKFreq     0x08004a63    0x6  Code  Gb  stm32f1xx_hal_rcc.o [1]
HAL_RCC_GetPCLK1Freq    0x08004a69   0x10  Code  Gb  stm32f1xx_hal_rcc.o [1]
HAL_RCC_GetPCLK2Freq    0x08004a79    0xe  Code  Gb  stm32f1xx_hal_rcc.o [1]
HAL_RCC_GetSysClockFreq
                        0x08004a11   0x52  Code  Gb  stm32f1xx_hal_rcc.o [1]
HAL_RCC_OscConfig       0x08004621  0x2ba  Code  Gb  stm32f1xx_hal_rcc.o [1]
HAL_SYSTICK_CLKSourceConfig
                        0x08004cd9   0x14  Code  Gb  stm32f1xx_hal_cortex.o [1]
HAL_SYSTICK_Callback    0x08005311   0x40  Code  Gb  TaskTimeManager.o [1]
HAL_SYSTICK_Config      0x08004cb1   0x28  Code  Gb  stm32f1xx_hal_cortex.o [1]
HAL_SYSTICK_IRQHandler  0x08004d09    0x8  Code  Gb  stm32f1xx_hal_cortex.o [1]
HAL_UART_ErrorCallback  0x080036f7    0x2  Code  Wk  stm32f1xx_hal_uart.o [1]
HAL_UART_IRQHandler     0x080035e1  0x112  Code  Gb  stm32f1xx_hal_uart.o [1]
HAL_UART_Init           0x080033c1   0x30  Code  Gb  stm32f1xx_hal_uart.o [1]
HAL_UART_MspInit        0x080039f3  0x156  Code  Gb  usart.o [1]
HAL_UART_Receive_DMA    0x08003565   0x70  Code  Gb  stm32f1xx_hal_uart.o [1]
HAL_UART_RxCpltCallback
                        0x0800441f   0x4c  Code  Gb  ComBuff.o [1]
HAL_UART_RxHalfCpltCallback
                        0x080036f5    0x2  Code  Wk  stm32f1xx_hal_uart.o [1]
HAL_UART_Transmit       0x08003433   0xa0  Code  Gb  stm32f1xx_hal_uart.o [1]
HAL_UART_Transmit_DMA   0x080034e7   0x72  Code  Gb  stm32f1xx_hal_uart.o [1]
HAL_UART_TxCpltCallback
                        0x080043f1   0x2e  Code  Gb  ComBuff.o [1]
HAL_UART_TxHalfCpltCallback
                        0x080036f3    0x2  Code  Wk  stm32f1xx_hal_uart.o [1]
HEAP$$Base              0x20000bd0          --   Gb  - Linker created -
HEAP$$Limit             0x20001bd0          --   Gb  - Linker created -
HardFault_Handler       0x08005f5f    0x2  Code  Gb  stm32f1xx_it.o [1]
Heap_Use                0x08006079    0x4  Code  Gb  ProtocolHandle.o [1]
HeartBeat_P_Handle      0x0800607d    0xc  Code  Gb  ProtocolHandle.o [1]
I2C1_ER_IRQHandler      0x08005f99    0x6  Code  Gb  stm32f1xx_it.o [1]
I2C1_EV_IRQHandler      0x08005f93    0x6  Code  Gb  stm32f1xx_it.o [1]
I2C_MasterReceive_BTF   0x08005b03   0x70  Code  Lc  stm32f1xx_hal_i2c.o [1]
InStream_Read           0x08005dbb   0x22  Code  Lc  packbits_init.o [5]
LED_TEST                0x08004acd   0x10  Code  Gb  main.o [1]
List_Add                0x08005bf3   0x6c  Code  Gb  List.o [1]
List_Init               0x08005bc5   0x2e  Code  Gb  List.o [1]
Log                     0x200007b4    0xc  Data  Gb  LOG.o [1]
Log_Init                0x0800571b   0x10  Code  Gb  LOG.o [1]
MEM_USE                 0x200007c0    0x4  Data  Gb  LOG.o [1]
MX_DMA_Init             0x08005101   0x60  Code  Gb  dma.o [1]
MX_GPIO_Init            0x080050bd   0x44  Code  Gb  gpio.o [1]
MX_I2C1_Init            0x08005161   0x34  Code  Gb  i2c.o [1]
MX_USART1_UART_Init     0x080039a5   0x18  Code  Gb  usart.o [1]
MX_USART2_UART_Init     0x080039bd   0x18  Code  Gb  usart.o [1]
MemManage_Handler       0x08005f61    0x2  Code  Gb  stm32f1xx_it.o [1]
NMI_Handler             0x08005f5d    0x2  Code  Gb  stm32f1xx_it.o [1]
NVIC_GetPriorityGrouping
                        0x08004c1d    0xa  Code  Lc  stm32f1xx_hal_cortex.o [1]
NVIC_SetPriority        0x08004c27   0x1a  Code  Lc  stm32f1xx_hal_cortex.o [1]
OSInfo                  0x2000017c   0x24  Data  Gb  TaskTimeManager.o [1]
PaddingProtocol         0x08004477   0x34  Code  Wk  ComBuff.o [1]
PendSV_Handler          0x08005f6b    0x2  Code  Gb  stm32f1xx_it.o [1]
ProtocolFrame_Init      0x08005609   0x4a  Code  Gb  ProtocolFrame.o [1]
ProtocolResolver_1      0x200001bc    0x4  Data  Gb  ProtocolFrame.o [1]
ProtocolResolver_2      0x200001c0    0x4  Data  Gb  ProtocolFrame.o [1]
Protocol_Init           0x08005cc3   0x66  Code  Gb  Protocol.o [1]
Protocol_Register       0x080055d7   0x32  Code  Gb  ProtocolFrame.o [1]
Queue_Link_Get          0x08004fa1   0x2e  Code  Gb  Queue.o [1]
Queue_Link_Init         0x08004edf   0x2e  Code  Gb  Queue.o [1]
Queue_Link_OutSize      0x08004f99    0x8  Code  Gb  Queue.o [1]
Queue_Link_Put          0x08004f0d   0x88  Code  Gb  Queue.o [1]
Recv_Desc_P             0x200001b4    0x4  Data  Gb  ProtocolFrame.o [1]
Region$$Table$$Base     0x0800604c          --   Gb  - Linker created -
Region$$Table$$Limit    0x08006078          --   Gb  - Linker created -
SVC_Handler             0x08005f67    0x2  Code  Gb  stm32f1xx_it.o [1]
Send                    0x08005cc1    0x2  Code  Gb  Protocol.o [1]
Send_Desc_P             0x200001b0    0x4  Data  Gb  ProtocolFrame.o [1]
SenderKeepTransmit      0x08004add    0x6  Code  Gb  main.o [1]
SysTick_Handler         0x08005f6d    0xe  Code  Gb  stm32f1xx_it.o [1]
SystemClock_Config      0x08004b53   0x78  Code  Gb  main.o [1]
SystemCoreClock         0x200001c4    0x4  Data  Gb  system_stm32f1xx.o [1]
SystemInit              0x08005fc9   0x3a  Code  Gb  system_stm32f1xx.o [1]
TaskID                  0x200007cd    0x1  Data  Gb  TaskTimeManager.o [1]
TaskTime_Add            0x0800523d   0xd4  Code  Gb  TaskTimeManager.o [1]
TaskTime_Head           0x200001a4    0x4  Data  Gb  TaskTimeManager.o [1]
TaskTime_Init           0x08005205   0x38  Code  Gb  TaskTimeManager.o [1]
TaskTime_Run            0x08005351   0x78  Code  Gb  TaskTimeManager.o [1]
Transpond_Desc_P        0x200001b8    0x4  Data  Gb  ProtocolFrame.o [1]
UART_DMAError           0x08003771   0x20  Code  Lc  stm32f1xx_hal_uart.o [1]
UART_DMAReceiveCplt     0x08003731   0x32  Code  Lc  stm32f1xx_hal_uart.o [1]
UART_DMARxHalfCplt      0x08003765    0xa  Code  Lc  stm32f1xx_hal_uart.o [1]
UART_DMATransmitCplt    0x080036f9   0x2c  Code  Lc  stm32f1xx_hal_uart.o [1]
UART_DMATxHalfCplt      0x08003725    0xa  Code  Lc  stm32f1xx_hal_uart.o [1]
UART_Receive_IT         0x08003821   0xa0  Code  Lc  stm32f1xx_hal_uart.o [1]
UART_SetConfig          0x080038c1   0xdc  Code  Lc  stm32f1xx_hal_uart.o [1]
UART_WaitOnFlagUntilTimeout
                        0x08003791   0x90  Code  Lc  stm32f1xx_hal_uart.o [1]
USART1_IRQHandler       0x08005f9f    0x6  Code  Gb  stm32f1xx_it.o [1]
USART2_IRQHandler       0x08005fa5    0x6  Code  Gb  stm32f1xx_it.o [1]
Uart1_DMA_Receiver      0x20000704   0x28  Data  Gb  ComBuff.o [1]
Uart1_DMA_Sender        0x20000754   0x24  Data  Gb  ComBuff.o [1]
Uart2_DMA_Receiver      0x2000072c   0x28  Data  Gb  ComBuff.o [1]
Uart2_DMA_Sender        0x20000778   0x24  Data  Gb  ComBuff.o [1]
UsageFault_Handler      0x08005f65    0x2  Code  Gb  stm32f1xx_it.o [1]
_EncodingSb_Mbtowc      0x0800329f   0x30  Code  Gb  xencoding_sb.o [3]
_EncodingSb_Wctomb      0x08003285   0x1a  Code  Gb  xencoding_sb.o [3]
_FProut                 0x080060c7   0x18  Code  Gb  xfprout.o [3]
_Fetch_Protocol         0x08005419   0x4c  Code  Lc  ProtocolFrame.o [1]
_GenldFull              0x0800256d  0x24a  Code  Lc  xprintffull.o [3]
_IsdstStr               0x2000008c    0x4  Data  Gb  setlocale.o [3]
_KeepTransmit           0x08004381   0x4c  Code  Lc  ComBuff.o [1]
_LdtobFull              0x080021e1  0x386  Code  Lc  xprintffull.o [3]
_LitobFull              0x0800208f  0x106  Code  Lc  xprintffull.o [3]
_LocaleEncoding         0x08003271    0xe  Code  Gb  setlocale.o [3]
_LocaleReturnString     0x200000ac   0x50  Data  Lc  setlocale.o [3]
_Locale_Profile         0x20000090   0x1c  Data  Gb  setlocale.o [3]
_Locale_aeabi_lconv     0x20000050   0x38  Data  Gb  localeconv.o [3]
_Locale_lconv           0x20000000   0x50  Data  Gb  localeconv.o [3]
_Mbtowc                 0x080027ff   0x20  Code  Gb  xmbtowc.o [3]
_PrintfFull             0x080016f9  0x67c  Code  Gb  xprintffull.o [3]
_ProtocolResolver_1     0x20000480   0x94  Data  Gb  ProtocolFrame.o [1]
_ProtocolResolver_2     0x20000514   0x94  Data  Gb  ProtocolFrame.o [1]
_Protocol_Put           0x08005465  0x172  Code  Lc  ProtocolFrame.o [1]
_Prout                  0x080060df   0x16  Code  Gb  xprout.o [3]
_PutcharsFull           0x080027b7   0x2e  Code  Lc  xprintffull.o [3]
_PutstrFull             0x08001d8d  0x2fc  Code  Lc  xprintffull.o [3]
_Read                   0x080042fd   0x7a  Code  Lc  ComBuff.o [1]
_ReadByte               0x080041e1   0x56  Code  Lc  ComBuff.o [1]
_ReadTo                 0x08004239   0xc2  Code  Lc  ComBuff.o [1]
_TzoneStr               0x20000088    0x4  Data  Gb  setlocale.o [3]
_Wctomb                 0x080028d3   0x1a  Code  Gb  xwctomb.o [3]
_Write                  0x08004101   0x9a  Code  Lc  ComBuff.o [1]
_WriteByte              0x0800419d   0x3a  Code  Lc  ComBuff.o [1]
__aeabi_cdcmple         0x08002c39         Code  Gb  DblCmpLe.o [4]
__aeabi_cdrcmple        0x08002c69         Code  Gb  DblCmpGe.o [4]
__aeabi_d2iz            0x08002da5         Code  Gb  DblToI32.o [4]
__aeabi_d2uiz           0x08002dd1         Code  Gb  DblToI32.o [4]
__aeabi_ddiv            0x08002fad         Code  Gb  DblDiv.o [4]
__aeabi_dmul            0x08002a55         Code  Gb  DblMul.o [4]
__aeabi_dsub            0x08002e2d         Code  Gb  DblSub.o [4]
__aeabi_i2d             0x08002dfd         Code  Gb  I32ToDbl.o [4]
__aeabi_ldiv0           0x080032e5         Code  Gb  I64DivZer.o [5]
__aeabi_memclr          0x0800576d         Code  Gb  ABImemclr.o [5]
__aeabi_memclr4         0x0800500d         Code  Gb  ABImemclr4.o [5]
__aeabi_memset          0x08005d41         Code  Gb  ABImemset.o [5]
__aeabi_ui2d            0x08002e11         Code  Gb  I32ToDbl.o [4]
__aeabi_uldivmod        0x08002965         Code  Gb  I64DivMod.o [5]
__cmain                 0x08006099         Code  Gb  cmain.o [5]
__data_GetMemChunk      0x080016b9   0x2c  Code  Gb  xgetmemchunk.o [3]
__exit                  0x080016e5   0x14  Code  Gb  exit.o [6]
__iar_Dnorm             0x08002bf7   0x42  Code  Gb  xdnorm.o [4]
__iar_Dscale            0x08002c99  0x10c  Code  Gb  xdscale.o [4]
__iar_Locale_lconv_init
                        0x080031f5   0x3a  Code  Gb  localeconv.o [3]
__iar_Lockfilelock      0x08005f59    0x2  Code  Gb  xsyslock_nop.o [3]
__iar_Mbcurmax          0x080028c9    0xa  Code  Gb  xmbcurmax.o [3]
__iar_Memchr            0x08002871         Code  Gb  memchr.o [5]
__iar_Memset            0x08005d41         Code  Gb  ABImemset.o [5]
__iar_Memset4_word      0x08005781         Code  Gb  ABImemset48.o [5]
__iar_Memset8_word      0x08005781         Code  Gb  ABImemset48.o [5]
__iar_Memset_word       0x08005d49         Code  Gb  ABImemset.o [5]
__iar_Stderr            0x2000013c   0x40  Data  Gb  xfiles.o [3]
__iar_Stdout            0x200000fc   0x40  Data  Gb  xfiles.o [3]
__iar_Strchr            0x08002821         Code  Gb  strchr.o [5]
__iar_Unlockfilelock    0x08005f5b    0x2  Code  Gb  xsyslock_nop.o [3]
__iar_d2uiz             0x08002ddd         Code  Gb  DblToI32.o [4]
__iar_dadd              0x080032e9         Code  Gb  DblAdd.o [4]
__iar_data_init3        0x08006025   0x28  Code  Gb  data_init.o [5]
__iar_dlfree            0x08001177  0x512  Code  Gb  dlmalloc.o [3]
__iar_dlib_perthread_access
                        0x080033bd    0x2  Code  Gb  xtls.o [3]
__iar_dlmalloc          0x08000eb9  0x2b2  Code  Gb  dlmalloc.o [3]
__iar_dlmalloc_stats    0x08005e91   0x36  Code  Gb  dlmalloc_stat.o [3]
__iar_dsub              0x08002e41         Code  Gb  DblSub.o [4]
__iar_dsubStart         0x08002e53         Code  Gb  DblSub.o [4]
__iar_gm_               0x200001c8  0x1d8  Data  Gb  dlmalloc.o [3]
__iar_internal_malloc_stats
                        0x0800017d   0xa0  Code  Gb  dlmalloc.o [3]
__iar_packbits_init3    0x08005ddd   0xb2  Code  Gb  packbits_init.o [5]
__iar_program_start     0x08006111         Code  Gb  cstartup_M.o [5]
__iar_ui2d              0x08002e15         Code  Gb  I32ToDbl.o [4]
__iar_unaligned___aeabi_memcpy
                        0x080028ed         Code  Gb  ABImemcpy_unaligned.o [5]
__iar_unaligned___aeabi_memcpy4
                        0x0800290d         Code  Gb  ABImemcpy_unaligned.o [5]
__iar_unaligned___aeabi_memcpy8
                        0x0800290d         Code  Gb  ABImemcpy_unaligned.o [5]
__iar_zero_init3        0x08001697   0x22  Code  Gb  zero_init3.o [5]
__low_level_init        0x080060b3    0x4  Code  Gb  low_level_init.o [3]
__vector_table          0x08000000         Data  Gb  startup_stm32f103xe.o [1]
_call_main              0x080060a5         Code  Gb  cmain.o [5]
_clean_recv_buf         0x080053f5   0x24  Code  Lc  ProtocolFrame.o [1]
_error                  0x080056fd    0xa  Code  Lc  LOG.o [1]
_exit                   0x080060bd         Code  Gb  cexit.o [5]
_info                   0x08005711    0xa  Code  Lc  LOG.o [1]
_main                   0x080060af         Code  Gb  cmain.o [5]
_warning                0x08005707    0xa  Code  Lc  LOG.o [1]
abort                   0x08001691    0x6  Code  Gb  abort.o [3]
div                     0x08003261    0xe  Code  Gb  div.o [3]
ebuf                    0x200005a8   0x50  Data  Lc  xfiles.o [3]
exit                    0x080060b7    0x4  Code  Gb  exit.o [3]
fprintf                 0x08005f25   0x34  Code  Gb  fprintf.o [3]
fputc                   0x080043d7   0x1a  Code  Gb  ComBuff.o [1]
hdma_usart1_rx          0x200003a0   0x38  Data  Gb  usart.o [1]
hdma_usart1_tx          0x200003d8   0x38  Data  Gb  usart.o [1]
hdma_usart2_rx          0x20000410   0x38  Data  Gb  usart.o [1]
hdma_usart2_tx          0x20000448   0x38  Data  Gb  usart.o [1]
hi2c1                   0x200006c8   0x3c  Data  Gb  i2c.o [1]
huart1                  0x20000648   0x40  Data  Gb  usart.o [1]
huart2                  0x20000688   0x40  Data  Gb  usart.o [1]
init_mparams            0x0800014b   0x32  Code  Lc  dlmalloc.o [3]
init_top                0x0800021d   0x34  Code  Lc  dlmalloc.o [3]
localeconv              0x0800322f   0x16  Code  Gb  localeconv.o [3]
main                    0x08004ae3   0x62  Code  Gb  main.o [1]
memchr                  0x08002871         Code  Gb  memchr.o [5]
memcpy                  0x08005773    0xc  Code  Gb  memcpy.o [3]
memset                  0x08005da7   0x14  Code  Gb  memset.o [3]
mparams                 0x2000079c   0x18  Data  Lc  dlmalloc.o [3]
obuf                    0x200005f8   0x50  Data  Lc  xfiles.o [3]
prepend_alloc           0x08000251  0x33c  Code  Lc  dlmalloc.o [3]
prevTaskTime            0x200001ac    0x4  Data  Lc  TaskTimeManager.o [1]
printf                  0x08005099   0x24  Code  Gb  printf.o [3]
putchar                 0x080060f5    0xc  Code  Gb  putchar.o [3]
scale                   0x08002195   0x46  Code  Lc  xprintffull.o [3]
segment_holding         0x08000131   0x1a  Code  Lc  dlmalloc.o [3]
strchr                  0x08002821         Code  Gb  strchr.o [5]
strlen                  0x08002839         Code  Gb  strlen.o [5]
sys_alloc               0x0800058d  0x384  Code  Lc  dlmalloc.o [3]
tmalloc_large           0x0800091d  0x38a  Code  Lc  dlmalloc.o [3]
tmalloc_small           0x08000ca7  0x204  Code  Lc  dlmalloc.o [3]
tmpTaskTime             0x200001a8    0x4  Data  Lc  TaskTimeManager.o [1]
uwTick                  0x200007c4    0x4  Data  Lc  stm32f1xx_hal.o [1]


[1] = E:\LiyaoProject\Cube_Project\STM32F103_BASE_V1.0\EWARM\STM32F103\Obj
[2] = command line
[3] = dl7M_tlf.a
[4] = m7M_tl.a
[5] = rt7M_tl.a
[6] = shb_l.a

  25 024 bytes of readonly  code memory
     154 bytes of readonly  data memory
   7 118 bytes of readwrite data memory

Errors: none
Warnings: none
