###############################################################################
#
# IAR ELF Linker V7.10.1.6676/W32 for ARM                 11/Nov/2016  16:39:11
# Copyright 2007-2014 IAR Systems AB.
#
#    Output file  =  
#        E:\CubeProject\STM32F103VC_Motor\EWARM\STM32F103VC_Cube\Exe\STM32F103VC_Cube.out
#    Map file     =  
#        E:\CubeProject\STM32F103VC_Motor\EWARM\STM32F103VC_Cube/List\STM32F103VC_Cube.map
#    Command line =  
#        E:\CubeProject\STM32F103VC_Motor\EWARM\STM32F103VC_Cube\Obj\ComBuff.o
#        E:\CubeProject\STM32F103VC_Motor\EWARM\STM32F103VC_Cube\Obj\dma.o
#        E:\CubeProject\STM32F103VC_Motor\EWARM\STM32F103VC_Cube\Obj\gpio.o
#        E:\CubeProject\STM32F103VC_Motor\EWARM\STM32F103VC_Cube\Obj\List.o
#        E:\CubeProject\STM32F103VC_Motor\EWARM\STM32F103VC_Cube\Obj\LOG.o
#        E:\CubeProject\STM32F103VC_Motor\EWARM\STM32F103VC_Cube\Obj\main.o
#        E:\CubeProject\STM32F103VC_Motor\EWARM\STM32F103VC_Cube\Obj\MotorDriver.o
#        E:\CubeProject\STM32F103VC_Motor\EWARM\STM32F103VC_Cube\Obj\MotorHeadDriver.o
#        E:\CubeProject\STM32F103VC_Motor\EWARM\STM32F103VC_Cube\Obj\MotorWingDriver.o
#        E:\CubeProject\STM32F103VC_Motor\EWARM\STM32F103VC_Cube\Obj\PID.o
#        E:\CubeProject\STM32F103VC_Motor\EWARM\STM32F103VC_Cube\Obj\Protocol.o
#        E:\CubeProject\STM32F103VC_Motor\EWARM\STM32F103VC_Cube\Obj\ProtocolFrame.o
#        E:\CubeProject\STM32F103VC_Motor\EWARM\STM32F103VC_Cube\Obj\ProtocolHandle.o
#        E:\CubeProject\STM32F103VC_Motor\EWARM\STM32F103VC_Cube\Obj\Queue.o
#        E:\CubeProject\STM32F103VC_Motor\EWARM\STM32F103VC_Cube\Obj\startup_stm32f103xe.o
#        E:\CubeProject\STM32F103VC_Motor\EWARM\STM32F103VC_Cube\Obj\stm32f1xx_hal.o
#        E:\CubeProject\STM32F103VC_Motor\EWARM\STM32F103VC_Cube\Obj\stm32f1xx_hal_cortex.o
#        E:\CubeProject\STM32F103VC_Motor\EWARM\STM32F103VC_Cube\Obj\stm32f1xx_hal_dma.o
#        E:\CubeProject\STM32F103VC_Motor\EWARM\STM32F103VC_Cube\Obj\stm32f1xx_hal_flash.o
#        E:\CubeProject\STM32F103VC_Motor\EWARM\STM32F103VC_Cube\Obj\stm32f1xx_hal_flash_ex.o
#        E:\CubeProject\STM32F103VC_Motor\EWARM\STM32F103VC_Cube\Obj\stm32f1xx_hal_gpio.o
#        E:\CubeProject\STM32F103VC_Motor\EWARM\STM32F103VC_Cube\Obj\stm32f1xx_hal_gpio_ex.o
#        E:\CubeProject\STM32F103VC_Motor\EWARM\STM32F103VC_Cube\Obj\stm32f1xx_hal_msp.o
#        E:\CubeProject\STM32F103VC_Motor\EWARM\STM32F103VC_Cube\Obj\stm32f1xx_hal_pwr.o
#        E:\CubeProject\STM32F103VC_Motor\EWARM\STM32F103VC_Cube\Obj\stm32f1xx_hal_rcc.o
#        E:\CubeProject\STM32F103VC_Motor\EWARM\STM32F103VC_Cube\Obj\stm32f1xx_hal_rcc_ex.o
#        E:\CubeProject\STM32F103VC_Motor\EWARM\STM32F103VC_Cube\Obj\stm32f1xx_hal_tim.o
#        E:\CubeProject\STM32F103VC_Motor\EWARM\STM32F103VC_Cube\Obj\stm32f1xx_hal_tim_ex.o
#        E:\CubeProject\STM32F103VC_Motor\EWARM\STM32F103VC_Cube\Obj\stm32f1xx_hal_uart.o
#        E:\CubeProject\STM32F103VC_Motor\EWARM\STM32F103VC_Cube\Obj\stm32f1xx_it.o
#        E:\CubeProject\STM32F103VC_Motor\EWARM\STM32F103VC_Cube\Obj\system_stm32f1xx.o
#        E:\CubeProject\STM32F103VC_Motor\EWARM\STM32F103VC_Cube\Obj\TaskTimeManager.o
#        E:\CubeProject\STM32F103VC_Motor\EWARM\STM32F103VC_Cube\Obj\tim.o
#        E:\CubeProject\STM32F103VC_Motor\EWARM\STM32F103VC_Cube\Obj\usart.o
#        --redirect _Printf=_PrintfFull --redirect _Scanf=_ScanfFull -o
#        E:\CubeProject\STM32F103VC_Motor\EWARM\STM32F103VC_Cube\Exe\STM32F103VC_Cube.out
#        --map
#        E:\CubeProject\STM32F103VC_Motor\EWARM\STM32F103VC_Cube/List\STM32F103VC_Cube.map
#        --config E:\CubeProject\STM32F103VC_Motor\EWARM/stm32f103xe_flash.icf
#        --semihosting --entry __iar_program_start --vfe
#
###############################################################################

*******************************************************************************
*** RUNTIME MODEL ATTRIBUTES
***

CppFlavor                     = *
__Heap_Handler                = DLMalloc
__SystemLibrary               = DLib
__dlib_dynamic_initialization = normal


*******************************************************************************
*** PLACEMENT SUMMARY
***

"A1":  place at 0x08000000 { ro section .intvec };
"P1":  place in [from 0x08000000 to 0x0807ffff] { ro };
"P2":  place in [from 0x20000000 to 0x2000ffff] { rw, block CSTACK, block HEAP };

  Section             Kind        Address    Size  Object
  -------             ----        -------    ----  ------
"A1":                                       0x130
  .intvec             ro code  0x08000000   0x130  startup_stm32f103xe.o [1]
                             - 0x08000130   0x130

"P1":                                      0x645a
  .text               ro code  0x08000130  0x1560  dlmalloc.o [3]
  .text               ro code  0x08001690     0x6  abort.o [3]
  .text               ro code  0x08001696    0x22  zero_init3.o [5]
  .text               ro code  0x080016b8    0x2c  xgetmemchunk.o [3]
  .text               ro code  0x080016e4    0x14  exit.o [6]
  .text               ro code  0x080016f8  0x1106  xprintffull.o [3]
  .text               ro code  0x080027fe    0x20  xmbtowc.o [3]
  .text               ro code  0x0800281e     0xa  xsprout.o [3]
  .text               ro code  0x08002828    0x16  strchr.o [5]
  .text               ro code  0x08002840    0x36  strlen.o [5]
  .text               ro code  0x08002878    0x58  memchr.o [5]
  .text               ro code  0x080028d0     0xa  xmbcurmax.o [3]
  .text               ro code  0x080028da    0x1a  xwctomb.o [3]
  .text               ro code  0x080028f4    0x76  ABImemcpy_unaligned.o [5]
  .text               ro code  0x0800296c    0xee  I64DivMod.o [5]
  .text               ro code  0x08002a5c   0x1a2  DblMul.o [4]
  .text               ro code  0x08002bfe    0x42  xdnorm.o [4]
  .text               ro code  0x08002c40    0x2e  DblCmpLe.o [4]
  .text               ro code  0x08002c70    0x2e  DblCmpGe.o [4]
  .text               ro code  0x08002ca0   0x10c  xdscale.o [4]
  .text               ro code  0x08002dac    0x58  DblToI32.o [4]
  .text               ro code  0x08002e04    0x30  I32ToDbl.o [4]
  .text               ro code  0x08002e34   0x180  DblSub.o [4]
  .text               ro code  0x08002fb4   0x246  DblDiv.o [4]
  .text               ro code  0x080031fc    0x6c  localeconv.o [3]
  .text               ro code  0x08003268     0xe  div.o [3]
  .text               ro code  0x08003278    0x14  setlocale.o [3]
  .text               ro code  0x0800328c    0x60  xencoding_sb.o [3]
  .text               ro code  0x080032ec     0x2  I64DivZer.o [5]
  .text               ro code  0x080032f0    0xd4  DblAdd.o [4]
  .text               ro code  0x080033c4     0x2  xtls.o [3]
  .text               ro code  0x080033c8   0x5e4  stm32f1xx_hal_uart.o [1]
  .text               ro code  0x080039ac   0x108  usart.o [1]
  .text               ro code  0x08003ab4   0x4b2  stm32f1xx_hal_dma.o [1]
  .text               ro code  0x08003f68   0x3f8  ComBuff.o [1]
  .text               ro code  0x08004360    0x74  stm32f1xx_hal.o [1]
  .text               ro code  0x080043d4   0x4aa  stm32f1xx_hal_rcc.o [1]
  .text               ro code  0x08004880   0x160  main.o [1]
  .text               ro code  0x080049e0   0x1dc  stm32f1xx_hal_gpio.o [1]
  .text               ro code  0x08004bbc    0xf4  stm32f1xx_hal_cortex.o [1]
  .text               ro code  0x08004cb0   0x14c  Queue.o [1]
  .text               ro code  0x08004dfc    0x88  stm32f1xx_hal_msp.o [1]
  .text               ro code  0x08004e84    0x24  printf.o [3]
  .text               ro code  0x08004ea8     0x6  ABImemclr4.o [5]
  .text               ro code  0x08004eb0    0x6c  gpio.o [1]
  .text               ro code  0x08004f1c    0x40  dma.o [1]
  .text               ro code  0x08004f5c    0xe4  tim.o [1]
  .text               ro code  0x08005040   0x1f8  TaskTimeManager.o [1]
  .text               ro code  0x08005238   0x530  ProtocolFrame.o [1]
  .text               ro code  0x08005768    0x70  LOG.o [1]
  .text               ro code  0x080057d8     0x6  ABImemclr.o [5]
  .text               ro code  0x080057de     0xc  memcpy.o [3]
  .text               ro code  0x080057ec    0x32  ABImemset48.o [5]
  .text               ro code  0x08005820   0x2ec  stm32f1xx_hal_tim.o [1]
  .text               ro code  0x08005b0c    0x56  stm32f1xx_hal_tim_ex.o [1]
  .text               ro code  0x08005b64    0x34  sprintf.o [3]
  .text               ro code  0x08005b98    0xe8  List.o [1]
  .text               ro code  0x08005c80   0x1a6  Protocol.o [1]
  .text               ro code  0x08005e28    0x66  ABImemset.o [5]
  .text               ro code  0x08005e8e    0x14  memset.o [3]
  .text               ro code  0x08005ea4   0x220  ProtocolHandle.o [1]
  .text               ro code  0x080060c4    0x94  dlmalloc_stat.o [3]
  .text               ro code  0x08006158    0x24  MotorDriver.o [1]
  .text               ro code  0x0800617c    0x44  FltToS32.o [4]
  .text               ro code  0x080061c0    0x34  fprintf.o [3]
  .text               ro code  0x080061f4     0x4  xsyslock_nop.o [3]
  .text               ro code  0x080061f8    0xd4  packbits_init.o [5]
  .text               ro code  0x080062cc    0x5c  system_stm32f1xx.o [1]
  .text               ro code  0x08006328    0x3c  stm32f1xx_it.o [1]
  .text               ro code  0x08006364    0x28  data_init.o [5]
  .iar.init_table     const    0x0800638c    0x2c  - Linker created -
  .text               ro code  0x080063b8    0x1a  cmain.o [5]
  .text               ro code  0x080063d2     0x4  low_level_init.o [3]
  .text               ro code  0x080063d6     0x4  exit.o [3]
  .text               ro code  0x080063dc     0xa  cexit.o [5]
  .text               ro code  0x080063e6    0x18  xfprout.o [3]
  .text               ro code  0x080063fe    0x16  xprout.o [3]
  .text               ro code  0x08006414     0xc  putchar.o [3]
  .text               ro code  0x08006420    0x10  startup_stm32f103xe.o [1]
  .text               ro code  0x08006430     0xc  cstartup_M.o [5]
  .rodata             const    0x0800643c     0x8  system_stm32f1xx.o [1]
  .text               ro code  0x08006444     0x4  startup_stm32f103xe.o [1]
  .text               ro code  0x08006448     0x4  startup_stm32f103xe.o [1]
  .text               ro code  0x0800644c     0x4  startup_stm32f103xe.o [1]
  .text               ro code  0x08006450     0x4  startup_stm32f103xe.o [1]
  .text               ro code  0x08006454     0x4  startup_stm32f103xe.o [1]
  .text               ro code  0x08006458     0x4  startup_stm32f103xe.o [1]
  .text               ro code  0x0800645c     0x4  startup_stm32f103xe.o [1]
  .text               ro code  0x08006460     0x4  startup_stm32f103xe.o [1]
  .text               ro code  0x08006464     0x4  startup_stm32f103xe.o [1]
  .text               ro code  0x08006468     0x4  startup_stm32f103xe.o [1]
  .text               ro code  0x0800646c     0x4  startup_stm32f103xe.o [1]
  .text               ro code  0x08006470     0x4  startup_stm32f103xe.o [1]
  .text               ro code  0x08006474     0x4  startup_stm32f103xe.o [1]
  .text               ro code  0x08006478     0x4  startup_stm32f103xe.o [1]
  .text               ro code  0x0800647c     0x4  startup_stm32f103xe.o [1]
  .text               ro code  0x08006480     0x4  startup_stm32f103xe.o [1]
  .text               ro code  0x08006484     0x4  startup_stm32f103xe.o [1]
  .text               ro code  0x08006488     0x4  startup_stm32f103xe.o [1]
  .text               ro code  0x0800648c     0x4  startup_stm32f103xe.o [1]
  .text               ro code  0x08006490     0x4  startup_stm32f103xe.o [1]
  .text               ro code  0x08006494     0x4  startup_stm32f103xe.o [1]
  .text               ro code  0x08006498     0x4  startup_stm32f103xe.o [1]
  .text               ro code  0x0800649c     0x4  startup_stm32f103xe.o [1]
  .text               ro code  0x080064a0     0x4  startup_stm32f103xe.o [1]
  .text               ro code  0x080064a4     0x4  startup_stm32f103xe.o [1]
  .text               ro code  0x080064a8     0x4  startup_stm32f103xe.o [1]
  .text               ro code  0x080064ac     0x4  startup_stm32f103xe.o [1]
  .text               ro code  0x080064b0     0x4  startup_stm32f103xe.o [1]
  .text               ro code  0x080064b4     0x4  startup_stm32f103xe.o [1]
  .text               ro code  0x080064b8     0x4  startup_stm32f103xe.o [1]
  .text               ro code  0x080064bc     0x4  startup_stm32f103xe.o [1]
  .text               ro code  0x080064c0     0x4  startup_stm32f103xe.o [1]
  .text               ro code  0x080064c4     0x4  startup_stm32f103xe.o [1]
  .text               ro code  0x080064c8     0x4  startup_stm32f103xe.o [1]
  .text               ro code  0x080064cc     0x4  startup_stm32f103xe.o [1]
  .text               ro code  0x080064d0     0x4  startup_stm32f103xe.o [1]
  .text               ro code  0x080064d4     0x4  startup_stm32f103xe.o [1]
  .text               ro code  0x080064d8     0x4  startup_stm32f103xe.o [1]
  .text               ro code  0x080064dc     0x4  startup_stm32f103xe.o [1]
  .text               ro code  0x080064e0     0x4  startup_stm32f103xe.o [1]
  .text               ro code  0x080064e4     0x4  startup_stm32f103xe.o [1]
  .text               ro code  0x080064e8     0x4  startup_stm32f103xe.o [1]
  .text               ro code  0x080064ec     0x4  startup_stm32f103xe.o [1]
  .text               ro code  0x080064f0     0x4  startup_stm32f103xe.o [1]
  .text               ro code  0x080064f4     0x4  startup_stm32f103xe.o [1]
  .text               ro code  0x080064f8     0x4  startup_stm32f103xe.o [1]
  .text               ro code  0x080064fc     0x4  startup_stm32f103xe.o [1]
  .text               ro code  0x08006500     0x4  startup_stm32f103xe.o [1]
  .text               ro code  0x08006504     0x4  startup_stm32f103xe.o [1]
  .text               ro code  0x08006508     0x4  startup_stm32f103xe.o [1]
  .text               ro code  0x0800650c     0x4  startup_stm32f103xe.o [1]
  .text               ro code  0x08006510     0x4  startup_stm32f103xe.o [1]
  .text               ro code  0x08006514     0x4  startup_stm32f103xe.o [1]
  .text               ro code  0x08006518     0x4  startup_stm32f103xe.o [1]
  .text               ro code  0x0800651c     0x4  startup_stm32f103xe.o [1]
  .text               ro code  0x08006520     0x4  startup_stm32f103xe.o [1]
  .text               ro code  0x08006524     0x4  startup_stm32f103xe.o [1]
  .rodata             const    0x08006528     0x0  zero_init3.o [5]
  .rodata             const    0x08006528     0x0  packbits_init.o [5]
  Initializer bytes   ro data  0x08006528    0x62  <for P2 s0>
                             - 0x0800658a  0x645a

"P2", part 1 of 3:                          0x1c4
  P2 s0                        0x20000000   0x1c4  <Init block>
    __DLIB_PERTHREAD  inited   0x20000000    0x88  localeconv.o [3]
    __DLIB_PERTHREAD  inited   0x20000088    0x74  setlocale.o [3]
    .data             inited   0x200000fc    0x40  xfiles.o [3]
    .data             inited   0x2000013c    0x40  xfiles.o [3]
    .data             inited   0x2000017c    0x34  TaskTimeManager.o [1]
    .data             inited   0x200001b0    0x10  ProtocolFrame.o [1]
    .data             inited   0x200001c0     0x4  system_stm32f1xx.o [1]
                             - 0x200001c4   0x1c4

"P2", part 2 of 3:                          0x64c
  .bss                zero     0x200001c4   0x1d8  dlmalloc.o [3]
  .bss                zero     0x2000039c   0x1d0  MotorDriver.o [1]
  .bss                zero     0x2000056c    0x94  ProtocolFrame.o [1]
  .bss                zero     0x20000600    0x70  usart.o [1]
  .bss                zero     0x20000670    0x50  xfiles.o [3]
  .bss                zero     0x200006c0    0x50  xfiles.o [3]
  .bss                zero     0x20000710    0x40  usart.o [1]
  .bss                zero     0x20000750    0x3c  tim.o [1]
  .bss                zero     0x2000078c    0x28  ComBuff.o [1]
  .bss                zero     0x200007b4    0x24  ComBuff.o [1]
  .bss                zero     0x200007d8    0x18  dlmalloc.o [3]
  .bss                zero     0x200007f0    0x10  LOG.o [1]
  .bss                zero     0x20000800     0x4  stm32f1xx_hal.o [1]
  .bss                zero     0x20000804     0x4  xgetmemchunk.o [3]
  .bss                zero     0x20000808     0x1  main.o [1]
  .bss                zero     0x20000809     0x1  TaskTimeManager.o [1]
                             - 0x2000080a   0x646

"P2", part 3 of 3:                          0xc00
  CSTACK                       0x20000810   0x400  <Block>
    CSTACK            uninit   0x20000810   0x400  <Block tail>
  HEAP                         0x20000c10   0x800  <Block>
    HEAP              uninit   0x20000c10   0x800  <Block tail>
                             - 0x20001410   0xc00


*******************************************************************************
*** INIT TABLE
***

          Address     Size
          -------     ----
Zero (__iar_zero_init3)
    1 destination range, total size 0x646:
          0x200001c4  0x646

Copy/packbits (__iar_packbits_init3)
    1 source range, total size 0x62 (21% of destination):
          0x08006528   0x62
    1 destination range, total size 0x1c4:
          0x20000000  0x1c4



*******************************************************************************
*** MODULE SUMMARY
***

    Module                  ro code  ro data  rw data
    ------                  -------  -------  -------
E:\CubeProject\STM32F103VC_Motor\EWARM\STM32F103VC_Cube\Obj: [1]
    ComBuff.o                 1 016                76
    LOG.o                       112                16
    List.o                      232
    MotorDriver.o                36               464
    Protocol.o                  422
    ProtocolFrame.o           1 328        4      164
    ProtocolHandle.o            544
    Queue.o                     332
    TaskTimeManager.o           504       11       53
    dma.o                        64
    gpio.o                      108
    main.o                      352                 1
    startup_stm32f103xe.o       548
    stm32f1xx_hal.o             116                 4
    stm32f1xx_hal_cortex.o      244
    stm32f1xx_hal_dma.o       1 202
    stm32f1xx_hal_gpio.o        476
    stm32f1xx_hal_msp.o         136
    stm32f1xx_hal_rcc.o       1 194
    stm32f1xx_hal_tim.o         748
    stm32f1xx_hal_tim_ex.o       86
    stm32f1xx_hal_uart.o      1 508
    stm32f1xx_it.o               60
    system_stm32f1xx.o           92        9        4
    tim.o                       228                60
    usart.o                     264               176
    -------------------------------------------------
    Total:                   11 952       24    1 018

command line: [2]
    -------------------------------------------------
    Total:

dl7M_tlf.a: [3]
    abort.o                       6
    div.o                        14
    dlmalloc.o                5 472               496
    dlmalloc_stat.o             148
    exit.o                        4
    fprintf.o                    52
    localeconv.o                108       29      136
    low_level_init.o              4
    memcpy.o                     12
    memset.o                     20
    printf.o                     36
    putchar.o                    12
    setlocale.o                  20       25      116
    sprintf.o                    52
    xencoding_sb.o               96
    xfiles.o                              28      288
    xfprout.o                    24
    xgetmemchunk.o               44                 4
    xmbcurmax.o                  10
    xmbtowc.o                    32
    xprintffull.o             4 358
    xprout.o                     22
    xsprout.o                    10
    xsyslock_nop.o                4
    xtls.o                        2
    xwctomb.o                    26
    -------------------------------------------------
    Total:                   10 588       82    1 040

m7M_tl.a: [4]
    DblAdd.o                    212
    DblCmpGe.o                   46
    DblCmpLe.o                   46
    DblDiv.o                    582
    DblMul.o                    418
    DblSub.o                    384
    DblToI32.o                   88
    FltToS32.o                   68
    I32ToDbl.o                   48
    xdnorm.o                     66
    xdscale.o                   268
    -------------------------------------------------
    Total:                    2 226

rt7M_tl.a: [5]
    ABImemclr.o                   6
    ABImemclr4.o                  6
    ABImemcpy_unaligned.o       118
    ABImemset.o                 102
    ABImemset48.o                50
    I64DivMod.o                 238
    I64DivZer.o                   2
    cexit.o                      10
    cmain.o                      26
    cstartup_M.o                 12
    data_init.o                  40
    memchr.o                     88
    packbits_init.o             212
    strchr.o                     22
    strlen.o                     54
    zero_init3.o                 34
    -------------------------------------------------
    Total:                    1 020

shb_l.a: [6]
    exit.o                       20
    -------------------------------------------------
    Total:                       20

    Gaps                         38
    Linker created                        44    3 072
-----------------------------------------------------
    Grand Total:             25 844      150    5 130


*******************************************************************************
*** ENTRY LIST
***

Entry                      Address   Size  Type      Object
-----                      -------   ----  ----      ------
?main                   0x080063b9         Code  Gb  cmain.o [5]
AHBPrescTable           0x08006318   0x10  Data  Gb  system_stm32f1xx.o [1]
APBPrescTable           0x0800643c    0x8  Data  Gb  system_stm32f1xx.o [1]
Angle_Protocol_Handle   0x08005faf   0x1c  Code  Gb  ProtocolHandle.o [1]
BusFault_Handler        0x0800632f    0x2  Code  Gb  stm32f1xx_it.o [1]
CSTACK$$Base            0x20000810          --   Gb  - Linker created -
CSTACK$$Limit           0x20000c10          --   Gb  - Linker created -
CheckPower              0x08006159   0x1e  Code  Gb  MotorDriver.o [1]
ComBuff_Init            0x08003f69   0x64  Code  Gb  ComBuff.o [1]
Compensate_Protocol_Handle
                        0x08005fd1    0x8  Code  Gb  ProtocolHandle.o [1]
DMA1_Channel4_IRQHandler
                        0x08006347    0x6  Code  Gb  stm32f1xx_it.o [1]
DMA1_Channel5_IRQHandler
                        0x0800634d    0x6  Code  Gb  stm32f1xx_it.o [1]
DMA_SetConfig           0x08003f51   0x16  Code  Lc  stm32f1xx_hal_dma.o [1]
DebugMon_Handler        0x08006335    0x2  Code  Gb  stm32f1xx_it.o [1]
Error_Handler           0x080049cf    0x2  Code  Gb  main.o [1]
FetchProtocols          0x08005675    0xa  Code  Gb  ProtocolFrame.o [1]
GetSnVersion_Protocol_Handle
                        0x08006055   0x36  Code  Gb  ProtocolHandle.o [1]
Get_Protocol_Description
                        0x080054d1   0x3a  Code  Gb  ProtocolFrame.o [1]
HAL_DMA_IRQHandler      0x08003b55  0x3c4  Code  Gb  stm32f1xx_hal_dma.o [1]
HAL_DMA_Init            0x08003ab5   0x4a  Code  Gb  stm32f1xx_hal_dma.o [1]
HAL_DMA_Start_IT        0x08003aff   0x2e  Code  Gb  stm32f1xx_hal_dma.o [1]
HAL_Delay               0x080043b5   0x18  Code  Wk  stm32f1xx_hal.o [1]
HAL_GPIO_Init           0x080049e1  0x18a  Code  Gb  stm32f1xx_hal_gpio.o [1]
HAL_GPIO_ReadPin        0x08004b6b    0xc  Code  Gb  stm32f1xx_hal_gpio.o [1]
HAL_GPIO_WritePin       0x08004b77    0x8  Code  Gb  stm32f1xx_hal_gpio.o [1]
HAL_GetTick             0x080043af    0x6  Code  Wk  stm32f1xx_hal.o [1]
HAL_IncTick             0x080043a5    0xa  Code  Wk  stm32f1xx_hal.o [1]
HAL_Init                0x08004361   0x20  Code  Gb  stm32f1xx_hal.o [1]
HAL_InitTick            0x08004381   0x24  Code  Wk  stm32f1xx_hal.o [1]
HAL_MspInit             0x08004dfd   0x88  Code  Gb  stm32f1xx_hal_msp.o [1]
HAL_NVIC_EnableIRQ      0x08004c3d    0xc  Code  Gb  stm32f1xx_hal_cortex.o [1]
HAL_NVIC_SetPriority    0x08004bfb   0x42  Code  Gb  stm32f1xx_hal_cortex.o [1]
HAL_NVIC_SetPriorityGrouping
                        0x08004be1   0x1a  Code  Gb  stm32f1xx_hal_cortex.o [1]
HAL_RCC_ClockConfig     0x08004697  0x12e  Code  Gb  stm32f1xx_hal_rcc.o [1]
HAL_RCC_GetHCLKFreq     0x08004817    0x6  Code  Gb  stm32f1xx_hal_rcc.o [1]
HAL_RCC_GetPCLK1Freq    0x0800481d   0x10  Code  Gb  stm32f1xx_hal_rcc.o [1]
HAL_RCC_GetPCLK2Freq    0x0800482d    0xe  Code  Gb  stm32f1xx_hal_rcc.o [1]
HAL_RCC_GetSysClockFreq
                        0x080047c5   0x52  Code  Gb  stm32f1xx_hal_rcc.o [1]
HAL_RCC_OscConfig       0x080043d5  0x2ba  Code  Gb  stm32f1xx_hal_rcc.o [1]
HAL_SYSTICK_CLKSourceConfig
                        0x08004c79   0x14  Code  Gb  stm32f1xx_hal_cortex.o [1]
HAL_SYSTICK_Callback    0x0800519b   0x40  Code  Gb  TaskTimeManager.o [1]
HAL_SYSTICK_Config      0x08004c51   0x28  Code  Gb  stm32f1xx_hal_cortex.o [1]
HAL_SYSTICK_IRQHandler  0x08004ca9    0x8  Code  Gb  stm32f1xx_hal_cortex.o [1]
HAL_TIMEx_MasterConfigSynchronization
                        0x08005b19   0x4a  Code  Gb  stm32f1xx_hal_tim_ex.o [1]
HAL_TIM_MspPostInit     0x08004ffb   0x30  Code  Gb  tim.o [1]
HAL_TIM_PWM_ConfigChannel
                        0x0800585b   0xd2  Code  Gb  stm32f1xx_hal_tim.o [1]
HAL_TIM_PWM_Init        0x08005839   0x1a  Code  Gb  stm32f1xx_hal_tim.o [1]
HAL_TIM_PWM_MspInit     0x08004fd9   0x22  Code  Gb  tim.o [1]
HAL_UART_ErrorCallback  0x080036ff    0x2  Code  Wk  stm32f1xx_hal_uart.o [1]
HAL_UART_IRQHandler     0x080035e9  0x112  Code  Gb  stm32f1xx_hal_uart.o [1]
HAL_UART_Init           0x080033c9   0x30  Code  Gb  stm32f1xx_hal_uart.o [1]
HAL_UART_MspInit        0x080039df   0xbe  Code  Gb  usart.o [1]
HAL_UART_Receive_DMA    0x0800356d   0x70  Code  Gb  stm32f1xx_hal_uart.o [1]
HAL_UART_RxCpltCallback
                        0x080042ad   0x32  Code  Gb  ComBuff.o [1]
HAL_UART_RxHalfCpltCallback
                        0x080036fd    0x2  Code  Wk  stm32f1xx_hal_uart.o [1]
HAL_UART_Transmit       0x0800343b   0xa0  Code  Gb  stm32f1xx_hal_uart.o [1]
HAL_UART_Transmit_DMA   0x080034ef   0x72  Code  Gb  stm32f1xx_hal_uart.o [1]
HAL_UART_TxCpltCallback
                        0x08004289   0x14  Code  Gb  ComBuff.o [1]
HAL_UART_TxHalfCpltCallback
                        0x080036fb    0x2  Code  Wk  stm32f1xx_hal_uart.o [1]
HEAP$$Base              0x20000c10          --   Gb  - Linker created -
HEAP$$Limit             0x20001410          --   Gb  - Linker created -
HardFault_Handler       0x0800632b    0x2  Code  Gb  stm32f1xx_it.o [1]
Head_Protocol_Handle    0x08005f59   0x56  Code  Gb  ProtocolHandle.o [1]
Heap_Use                0x08005ea5    0x4  Code  Gb  ProtocolHandle.o [1]
InStream_Read           0x080061f9   0x22  Code  Lc  packbits_init.o [5]
IsShift                 0x0800543f   0x30  Code  Gb  ProtocolFrame.o [1]
LED_TEST                0x08004881   0x10  Code  Gb  main.o [1]
List_Add                0x08005bbf   0x60  Code  Gb  List.o [1]
List_Init               0x08005b99   0x26  Code  Gb  List.o [1]
Log                     0x200007f0    0xc  Data  Gb  LOG.o [1]
Log_Init                0x08005787   0x10  Code  Gb  LOG.o [1]
MEM_USE                 0x200007fc    0x4  Data  Gb  LOG.o [1]
MX_DMA_Init             0x08004f1d   0x40  Code  Gb  dma.o [1]
MX_GPIO_Init            0x08004eb1   0x6c  Code  Gb  gpio.o [1]
MX_TIM4_Init            0x08004f5d   0x74  Code  Gb  tim.o [1]
MX_USART1_UART_Init     0x080039ad   0x32  Code  Gb  usart.o [1]
MemManage_Handler       0x0800632d    0x2  Code  Gb  stm32f1xx_it.o [1]
Motor_H                 0x2000039c   0xc0  Data  Gb  MotorDriver.o [1]
Motor_WL                0x2000045c   0x88  Data  Gb  MotorDriver.o [1]
Motor_WR                0x200004e4   0x88  Data  Gb  MotorDriver.o [1]
NMI_Handler             0x08006329    0x2  Code  Gb  stm32f1xx_it.o [1]
NVIC_GetPriorityGrouping
                        0x08004bbd    0xa  Code  Lc  stm32f1xx_hal_cortex.o [1]
NVIC_SetPriority        0x08004bc7   0x1a  Code  Lc  stm32f1xx_hal_cortex.o [1]
OSInfo                  0x2000017c   0x24  Data  Gb  TaskTimeManager.o [1]
PDR_Correnct_Protocol_Handle
                        0x08005fcb    0x6  Code  Gb  ProtocolHandle.o [1]
PaddingProtocol         0x08004897   0x32  Code  Gb  main.o [1]
PendSV_Handler          0x08006337    0x2  Code  Gb  stm32f1xx_it.o [1]
ProtocolFrame_Init      0x0800550b   0x38  Code  Gb  ProtocolFrame.o [1]
Protocol_Init           0x08005c8d  0x14c  Code  Gb  Protocol.o [1]
Protocol_Register       0x0800549d   0x34  Code  Gb  ProtocolFrame.o [1]
Protocol_Send           0x080055e5   0x90  Code  Gb  ProtocolFrame.o [1]
Protocol_To_Uart        0x08005543   0xa2  Code  Gb  ProtocolFrame.o [1]
Queue_Link_Get          0x08004d61   0x2e  Code  Gb  Queue.o [1]
Queue_Link_Init         0x08004cb7   0x26  Code  Gb  Queue.o [1]
Queue_Link_OutSize      0x08004d59    0x8  Code  Gb  Queue.o [1]
Queue_Link_Put          0x08004cdd   0x78  Code  Gb  Queue.o [1]
Recv_Desc_P             0x200001b4    0x4  Data  Gb  ProtocolFrame.o [1]
Region$$Table$$Base     0x0800638c          --   Gb  - Linker created -
Region$$Table$$Limit    0x080063b8          --   Gb  - Linker created -
ReportSnVersion_Protocol
                        0x08005fd9   0x7c  Code  Gb  ProtocolHandle.o [1]
Run_Protocol_Handle     0x08005ebd   0x1c  Code  Gb  ProtocolHandle.o [1]
SVC_Handler             0x08006333    0x2  Code  Gb  stm32f1xx_it.o [1]
Send                    0x08005c81    0xc  Code  Gb  Protocol.o [1]
Send_Desc_P             0x200001b0    0x4  Data  Gb  ProtocolFrame.o [1]
SenderKeepTransmit      0x08004891    0x6  Code  Gb  main.o [1]
SysTick_Handler         0x08006339    0xe  Code  Gb  stm32f1xx_it.o [1]
SystemClock_Config      0x0800495b   0x74  Code  Gb  main.o [1]
SystemCoreClock         0x200001c0    0x4  Data  Gb  system_stm32f1xx.o [1]
SystemInit              0x080062cd   0x3a  Code  Gb  system_stm32f1xx.o [1]
TIM_Base_SetConfig      0x0800592d   0x6e  Code  Gb  stm32f1xx_hal_tim.o [1]
TIM_OC1_SetConfig       0x0800599b   0x58  Code  Lc  stm32f1xx_hal_tim.o [1]
TIM_OC2_SetConfig       0x080059f3   0x60  Code  Gb  stm32f1xx_hal_tim.o [1]
TIM_OC3_SetConfig       0x08005a53   0x5e  Code  Lc  stm32f1xx_hal_tim.o [1]
TIM_OC4_SetConfig       0x08005ab1   0x46  Code  Lc  stm32f1xx_hal_tim.o [1]
TaskID                  0x20000809    0x1  Data  Gb  TaskTimeManager.o [1]
TaskTime_Add            0x08005079   0xca  Code  Gb  TaskTimeManager.o [1]
TaskTime_Head           0x200001a4    0x4  Data  Gb  TaskTimeManager.o [1]
TaskTime_Init           0x08005041   0x38  Code  Gb  TaskTimeManager.o [1]
TaskTime_Run            0x080051db   0x34  Code  Gb  TaskTimeManager.o [1]
Transpond_Desc_P        0x200001b8    0x4  Data  Gb  ProtocolFrame.o [1]
UART1_Resolver          0x200001bc    0x4  Data  Gb  ProtocolFrame.o [1]
UART_DMAError           0x08003779   0x20  Code  Lc  stm32f1xx_hal_uart.o [1]
UART_DMAReceiveCplt     0x08003739   0x32  Code  Lc  stm32f1xx_hal_uart.o [1]
UART_DMARxHalfCplt      0x0800376d    0xa  Code  Lc  stm32f1xx_hal_uart.o [1]
UART_DMATransmitCplt    0x08003701   0x2c  Code  Lc  stm32f1xx_hal_uart.o [1]
UART_DMATxHalfCplt      0x0800372d    0xa  Code  Lc  stm32f1xx_hal_uart.o [1]
UART_Receive_IT         0x08003829   0xa0  Code  Lc  stm32f1xx_hal_uart.o [1]
UART_SetConfig          0x080038c9   0xdc  Code  Lc  stm32f1xx_hal_uart.o [1]
UART_WaitOnFlagUntilTimeout
                        0x08003799   0x90  Code  Lc  stm32f1xx_hal_uart.o [1]
USART1_IRQHandler       0x08006353    0x6  Code  Gb  stm32f1xx_it.o [1]
Uart1_DMA_Receiver      0x2000078c   0x28  Data  Gb  ComBuff.o [1]
Uart1_DMA_Sender        0x200007b4   0x24  Data  Gb  ComBuff.o [1]
UsageFault_Handler      0x08006331    0x2  Code  Gb  stm32f1xx_it.o [1]
Wing_Protocol_Handle    0x08005ed9   0x78  Code  Gb  ProtocolHandle.o [1]
_EncodingSb_Mbtowc      0x080032a7   0x30  Code  Gb  xencoding_sb.o [3]
_EncodingSb_Wctomb      0x0800328d   0x1a  Code  Gb  xencoding_sb.o [3]
_FProut                 0x080063e7   0x18  Code  Gb  xfprout.o [3]
_Fetch_Protocol         0x0800525d   0x4c  Code  Gb  ProtocolFrame.o [1]
_GenldFull              0x0800256d  0x24a  Code  Lc  xprintffull.o [3]
_IsdstStr               0x2000008c    0x4  Data  Gb  setlocale.o [3]
_KeepTransmit           0x08004219   0x42  Code  Gb  ComBuff.o [1]
_LdtobFull              0x080021e1  0x386  Code  Lc  xprintffull.o [3]
_LitobFull              0x0800208f  0x106  Code  Lc  xprintffull.o [3]
_LocaleEncoding         0x08003279    0xe  Code  Gb  setlocale.o [3]
_LocaleReturnString     0x200000ac   0x50  Data  Lc  setlocale.o [3]
_Locale_Profile         0x20000090   0x1c  Data  Gb  setlocale.o [3]
_Locale_aeabi_lconv     0x20000050   0x38  Data  Gb  localeconv.o [3]
_Locale_lconv           0x20000000   0x50  Data  Gb  localeconv.o [3]
_Mbtowc                 0x080027ff   0x20  Code  Gb  xmbtowc.o [3]
_PrintfFull             0x080016f9  0x67c  Code  Gb  xprintffull.o [3]
_Protocol_Put           0x080052a9  0x192  Code  Gb  ProtocolFrame.o [1]
_Prout                  0x080063ff   0x16  Code  Gb  xprout.o [3]
_PutcharsFull           0x080027b7   0x2e  Code  Lc  xprintffull.o [3]
_PutstrFull             0x08001d8d  0x2fc  Code  Lc  xprintffull.o [3]
_Read                   0x08004195   0x7a  Code  Gb  ComBuff.o [1]
_ReadByte               0x08004085   0x4c  Code  Gb  ComBuff.o [1]
_ReadTo                 0x080040d1   0xc2  Code  Gb  ComBuff.o [1]
_SProut                 0x0800281f    0xa  Code  Gb  xsprout.o [3]
_TaskTime_Remove        0x08005143   0x58  Code  Gb  TaskTimeManager.o [1]
_TzoneStr               0x20000088    0x4  Data  Gb  setlocale.o [3]
_UART1_Resolver         0x2000056c   0x94  Data  Gb  ProtocolFrame.o [1]
_Wctomb                 0x080028db   0x1a  Code  Gb  xwctomb.o [3]
_Write                  0x08003fcd   0x88  Code  Gb  ComBuff.o [1]
_WriteByte              0x08004055   0x30  Code  Gb  ComBuff.o [1]
__aeabi_cdcmple         0x08002c41         Code  Gb  DblCmpLe.o [4]
__aeabi_cdrcmple        0x08002c71         Code  Gb  DblCmpGe.o [4]
__aeabi_d2iz            0x08002dad         Code  Gb  DblToI32.o [4]
__aeabi_d2uiz           0x08002dd9         Code  Gb  DblToI32.o [4]
__aeabi_ddiv            0x08002fb5         Code  Gb  DblDiv.o [4]
__aeabi_dmul            0x08002a5d         Code  Gb  DblMul.o [4]
__aeabi_dsub            0x08002e35         Code  Gb  DblSub.o [4]
__aeabi_f2iz            0x0800617d         Code  Gb  FltToS32.o [4]
__aeabi_i2d             0x08002e05         Code  Gb  I32ToDbl.o [4]
__aeabi_ldiv0           0x080032ed         Code  Gb  I64DivZer.o [5]
__aeabi_memclr          0x080057d9         Code  Gb  ABImemclr.o [5]
__aeabi_memclr4         0x08004ea9         Code  Gb  ABImemclr4.o [5]
__aeabi_memset          0x08005e29         Code  Gb  ABImemset.o [5]
__aeabi_ui2d            0x08002e19         Code  Gb  I32ToDbl.o [4]
__aeabi_uldivmod        0x0800296d         Code  Gb  I64DivMod.o [5]
__cmain                 0x080063b9         Code  Gb  cmain.o [5]
__data_GetMemChunk      0x080016b9   0x2c  Code  Gb  xgetmemchunk.o [3]
__exit                  0x080016e5   0x14  Code  Gb  exit.o [6]
__iar_Dnorm             0x08002bff   0x42  Code  Gb  xdnorm.o [4]
__iar_Dscale            0x08002ca1  0x10c  Code  Gb  xdscale.o [4]
__iar_Locale_lconv_init
                        0x080031fd   0x3a  Code  Gb  localeconv.o [3]
__iar_Lockfilelock      0x080061f5    0x2  Code  Gb  xsyslock_nop.o [3]
__iar_Mbcurmax          0x080028d1    0xa  Code  Gb  xmbcurmax.o [3]
__iar_Memchr            0x08002879         Code  Gb  memchr.o [5]
__iar_Memset            0x08005e29         Code  Gb  ABImemset.o [5]
__iar_Memset4_word      0x080057ed         Code  Gb  ABImemset48.o [5]
__iar_Memset8_word      0x080057ed         Code  Gb  ABImemset48.o [5]
__iar_Memset_word       0x08005e31         Code  Gb  ABImemset.o [5]
__iar_Stderr            0x2000013c   0x40  Data  Gb  xfiles.o [3]
__iar_Stdout            0x200000fc   0x40  Data  Gb  xfiles.o [3]
__iar_Strchr            0x08002829         Code  Gb  strchr.o [5]
__iar_Unlockfilelock    0x080061f7    0x2  Code  Gb  xsyslock_nop.o [3]
__iar_d2uiz             0x08002de5         Code  Gb  DblToI32.o [4]
__iar_dadd              0x080032f1         Code  Gb  DblAdd.o [4]
__iar_data_init3        0x08006365   0x28  Code  Gb  data_init.o [5]
__iar_dlfree            0x08001177  0x512  Code  Gb  dlmalloc.o [3]
__iar_dlib_perthread_access
                        0x080033c5    0x2  Code  Gb  xtls.o [3]
__iar_dlmalloc          0x08000eb9  0x2b2  Code  Gb  dlmalloc.o [3]
__iar_dlmalloc_stats    0x080060c5   0x36  Code  Gb  dlmalloc_stat.o [3]
__iar_dsub              0x08002e49         Code  Gb  DblSub.o [4]
__iar_dsubStart         0x08002e5b         Code  Gb  DblSub.o [4]
__iar_gm_               0x200001c4  0x1d8  Data  Gb  dlmalloc.o [3]
__iar_internal_malloc_stats
                        0x0800017d   0xa0  Code  Gb  dlmalloc.o [3]
__iar_packbits_init3    0x0800621b   0xb2  Code  Gb  packbits_init.o [5]
__iar_program_start     0x08006431         Code  Gb  cstartup_M.o [5]
__iar_ui2d              0x08002e1d         Code  Gb  I32ToDbl.o [4]
__iar_unaligned___aeabi_memcpy
                        0x080028f5         Code  Gb  ABImemcpy_unaligned.o [5]
__iar_unaligned___aeabi_memcpy4
                        0x08002915         Code  Gb  ABImemcpy_unaligned.o [5]
__iar_unaligned___aeabi_memcpy8
                        0x08002915         Code  Gb  ABImemcpy_unaligned.o [5]
__iar_zero_init3        0x08001697   0x22  Code  Gb  zero_init3.o [5]
__low_level_init        0x080063d3    0x4  Code  Gb  low_level_init.o [3]
__vector_table          0x08000000         Data  Gb  startup_stm32f103xe.o [1]
_call_main              0x080063c5         Code  Gb  cmain.o [5]
_clean_recv_buf         0x08005239   0x24  Code  Gb  ProtocolFrame.o [1]
_error                  0x08005769    0xa  Code  Gb  LOG.o [1]
_exit                   0x080063dd         Code  Gb  cexit.o [5]
_info                   0x0800577d    0xa  Code  Gb  LOG.o [1]
_main                   0x080063cf         Code  Gb  cmain.o [5]
_warning                0x08005773    0xa  Code  Gb  LOG.o [1]
abort                   0x08001691    0x6  Code  Gb  abort.o [3]
ask_send                0x08005ea9   0x14  Code  Gb  ProtocolHandle.o [1]
div                     0x08003269    0xe  Code  Gb  div.o [3]
ebuf                    0x20000670   0x50  Data  Lc  xfiles.o [3]
exit                    0x080063d7    0x4  Code  Gb  exit.o [3]
fprintf                 0x080061c1   0x34  Code  Gb  fprintf.o [3]
fputc                   0x0800426f   0x1a  Code  Gb  ComBuff.o [1]
getCheckSum_ByProtocolInfo
                        0x0800546f   0x2e  Code  Gb  ProtocolFrame.o [1]
hdma_usart1_rx          0x20000600   0x38  Data  Gb  usart.o [1]
hdma_usart1_tx          0x20000638   0x38  Data  Gb  usart.o [1]
htim4                   0x20000750   0x3c  Data  Gb  tim.o [1]
huart1                  0x20000710   0x40  Data  Gb  usart.o [1]
init_mparams            0x0800014b   0x32  Code  Lc  dlmalloc.o [3]
init_top                0x0800021d   0x34  Code  Lc  dlmalloc.o [3]
localeconv              0x08003237   0x16  Code  Gb  localeconv.o [3]
main                    0x080048c9   0x5e  Code  Gb  main.o [1]
memchr                  0x08002879         Code  Gb  memchr.o [5]
memcpy                  0x080057df    0xc  Code  Gb  memcpy.o [3]
memset                  0x08005e8f   0x14  Code  Gb  memset.o [3]
mparams                 0x200007d8   0x18  Data  Lc  dlmalloc.o [3]
obuf                    0x200006c0   0x50  Data  Lc  xfiles.o [3]
prepend_alloc           0x08000251  0x33c  Code  Lc  dlmalloc.o [3]
prevTaskTime            0x200001ac    0x4  Data  Lc  TaskTimeManager.o [1]
printf                  0x08004e85   0x24  Code  Gb  printf.o [3]
putchar                 0x08006415    0xc  Code  Gb  putchar.o [3]
scale                   0x08002195   0x46  Code  Lc  xprintffull.o [3]
segment_holding         0x08000131   0x1a  Code  Lc  dlmalloc.o [3]
sprintf                 0x08005b65   0x34  Code  Gb  sprintf.o [3]
strchr                  0x08002829         Code  Gb  strchr.o [5]
strlen                  0x08002841         Code  Gb  strlen.o [5]
sys_alloc               0x0800058d  0x384  Code  Lc  dlmalloc.o [3]
tmalloc_large           0x0800091d  0x38a  Code  Lc  dlmalloc.o [3]
tmalloc_small           0x08000ca7  0x204  Code  Lc  dlmalloc.o [3]
tmpTaskTime             0x200001a8    0x4  Data  Lc  TaskTimeManager.o [1]
uwTick                  0x20000800    0x4  Data  Lc  stm32f1xx_hal.o [1]


[1] = E:\CubeProject\STM32F103VC_Motor\EWARM\STM32F103VC_Cube\Obj
[2] = command line
[3] = dl7M_tlf.a
[4] = m7M_tl.a
[5] = rt7M_tl.a
[6] = shb_l.a

  25 844 bytes of readonly  code memory
     150 bytes of readonly  data memory
   5 130 bytes of readwrite data memory

Errors: none
Warnings: none
