###############################################################################
#
# IAR ELF Linker V7.10.1.6676/W32 for ARM                 21/Nov/2016  17:35:44
# Copyright 2007-2014 IAR Systems AB.
#
#    Output file  =  
#        E:\LiyaoProject\Cube_Project\STM32F103_BASE_V1.0\EWARM\STM32F103\Exe\STM32F103.out
#    Map file     =  
#        E:\LiyaoProject\Cube_Project\STM32F103_BASE_V1.0\EWARM\STM32F103/List\STM32F103.map
#    Command line =  
#        E:\LiyaoProject\Cube_Project\STM32F103_BASE_V1.0\EWARM\STM32F103\Obj\ComBuff.o
#        E:\LiyaoProject\Cube_Project\STM32F103_BASE_V1.0\EWARM\STM32F103\Obj\dma.o
#        E:\LiyaoProject\Cube_Project\STM32F103_BASE_V1.0\EWARM\STM32F103\Obj\gpio.o
#        E:\LiyaoProject\Cube_Project\STM32F103_BASE_V1.0\EWARM\STM32F103\Obj\i2c.o
#        E:\LiyaoProject\Cube_Project\STM32F103_BASE_V1.0\EWARM\STM32F103\Obj\List.o
#        E:\LiyaoProject\Cube_Project\STM32F103_BASE_V1.0\EWARM\STM32F103\Obj\LOG.o
#        E:\LiyaoProject\Cube_Project\STM32F103_BASE_V1.0\EWARM\STM32F103\Obj\main.o
#        E:\LiyaoProject\Cube_Project\STM32F103_BASE_V1.0\EWARM\STM32F103\Obj\Protocol.o
#        E:\LiyaoProject\Cube_Project\STM32F103_BASE_V1.0\EWARM\STM32F103\Obj\ProtocolFrame.o
#        E:\LiyaoProject\Cube_Project\STM32F103_BASE_V1.0\EWARM\STM32F103\Obj\ProtocolHandle.o
#        E:\LiyaoProject\Cube_Project\STM32F103_BASE_V1.0\EWARM\STM32F103\Obj\Queue.o
#        E:\LiyaoProject\Cube_Project\STM32F103_BASE_V1.0\EWARM\STM32F103\Obj\startup_stm32f103xe.o
#        E:\LiyaoProject\Cube_Project\STM32F103_BASE_V1.0\EWARM\STM32F103\Obj\stm32f1xx_hal.o
#        E:\LiyaoProject\Cube_Project\STM32F103_BASE_V1.0\EWARM\STM32F103\Obj\stm32f1xx_hal_cortex.o
#        E:\LiyaoProject\Cube_Project\STM32F103_BASE_V1.0\EWARM\STM32F103\Obj\stm32f1xx_hal_dma.o
#        E:\LiyaoProject\Cube_Project\STM32F103_BASE_V1.0\EWARM\STM32F103\Obj\stm32f1xx_hal_flash.o
#        E:\LiyaoProject\Cube_Project\STM32F103_BASE_V1.0\EWARM\STM32F103\Obj\stm32f1xx_hal_flash_ex.o
#        E:\LiyaoProject\Cube_Project\STM32F103_BASE_V1.0\EWARM\STM32F103\Obj\stm32f1xx_hal_gpio.o
#        E:\LiyaoProject\Cube_Project\STM32F103_BASE_V1.0\EWARM\STM32F103\Obj\stm32f1xx_hal_gpio_ex.o
#        E:\LiyaoProject\Cube_Project\STM32F103_BASE_V1.0\EWARM\STM32F103\Obj\stm32f1xx_hal_i2c.o
#        E:\LiyaoProject\Cube_Project\STM32F103_BASE_V1.0\EWARM\STM32F103\Obj\stm32f1xx_hal_msp.o
#        E:\LiyaoProject\Cube_Project\STM32F103_BASE_V1.0\EWARM\STM32F103\Obj\stm32f1xx_hal_pwr.o
#        E:\LiyaoProject\Cube_Project\STM32F103_BASE_V1.0\EWARM\STM32F103\Obj\stm32f1xx_hal_rcc.o
#        E:\LiyaoProject\Cube_Project\STM32F103_BASE_V1.0\EWARM\STM32F103\Obj\stm32f1xx_hal_rcc_ex.o
#        E:\LiyaoProject\Cube_Project\STM32F103_BASE_V1.0\EWARM\STM32F103\Obj\stm32f1xx_hal_tim.o
#        E:\LiyaoProject\Cube_Project\STM32F103_BASE_V1.0\EWARM\STM32F103\Obj\stm32f1xx_hal_tim_ex.o
#        E:\LiyaoProject\Cube_Project\STM32F103_BASE_V1.0\EWARM\STM32F103\Obj\stm32f1xx_hal_uart.o
#        E:\LiyaoProject\Cube_Project\STM32F103_BASE_V1.0\EWARM\STM32F103\Obj\stm32f1xx_it.o
#        E:\LiyaoProject\Cube_Project\STM32F103_BASE_V1.0\EWARM\STM32F103\Obj\system_stm32f1xx.o
#        E:\LiyaoProject\Cube_Project\STM32F103_BASE_V1.0\EWARM\STM32F103\Obj\TaskTimeManager.o
#        E:\LiyaoProject\Cube_Project\STM32F103_BASE_V1.0\EWARM\STM32F103\Obj\usart.o
#        --redirect _Printf=_PrintfFull --redirect _Scanf=_ScanfFull -o
#        E:\LiyaoProject\Cube_Project\STM32F103_BASE_V1.0\EWARM\STM32F103\Exe\STM32F103.out
#        --map
#        E:\LiyaoProject\Cube_Project\STM32F103_BASE_V1.0\EWARM\STM32F103/List\STM32F103.map
#        --config
#        E:\LiyaoProject\Cube_Project\STM32F103_BASE_V1.0\EWARM/stm32f103xe_flash.icf
#        --semihosting --entry __iar_program_start --vfe
#
###############################################################################

*******************************************************************************
*** RUNTIME MODEL ATTRIBUTES
***

CppFlavor                     = *
__Heap_Handler                = DLMalloc
__SystemLibrary               = DLib
__dlib_dynamic_initialization = normal


*******************************************************************************
*** PLACEMENT SUMMARY
***

"A1":  place at 0x08000000 { ro section .intvec };
"P1":  place in [from 0x08000000 to 0x0807ffff] { ro };
"P2":  place in [from 0x20000000 to 0x2000ffff] { rw, block CSTACK, block HEAP };

  Section             Kind        Address    Size  Object
  -------             ----        -------    ----  ------
"A1":                                       0x130
  .intvec             ro code  0x08000000   0x130  startup_stm32f103xe.o [1]
                             - 0x08000130   0x130

"P1":                                      0x5f9b
  .text               ro code  0x08000130  0x14c0  dlmalloc.o [3]
  .text               ro code  0x080015f0     0x6  abort.o [3]
  .text               ro code  0x080015f6    0x22  zero_init3.o [5]
  .text               ro code  0x08001618    0x2c  xgetmemchunk.o [3]
  .text               ro code  0x08001644    0x14  exit.o [6]
  .text               ro code  0x08001658  0x1106  xprintffull.o [3]
  .text               ro code  0x0800275e    0x20  xmbtowc.o [3]
  .text               ro code  0x08002780    0x16  strchr.o [5]
  .text               ro code  0x08002798    0x36  strlen.o [5]
  .text               ro code  0x080027d0    0x58  memchr.o [5]
  .text               ro code  0x08002828     0xa  xmbcurmax.o [3]
  .text               ro code  0x08002832    0x1a  xwctomb.o [3]
  .text               ro code  0x0800284c    0x76  ABImemcpy_unaligned.o [5]
  .text               ro code  0x080028c4    0xee  I64DivMod.o [5]
  .text               ro code  0x080029b4   0x1a2  DblMul.o [4]
  .text               ro code  0x08002b56    0x42  xdnorm.o [4]
  .text               ro code  0x08002b98    0x2e  DblCmpLe.o [4]
  .text               ro code  0x08002bc8    0x2e  DblCmpGe.o [4]
  .text               ro code  0x08002bf8   0x10c  xdscale.o [4]
  .text               ro code  0x08002d04    0x58  DblToI32.o [4]
  .text               ro code  0x08002d5c    0x30  I32ToDbl.o [4]
  .text               ro code  0x08002d8c   0x180  DblSub.o [4]
  .text               ro code  0x08002f0c   0x246  DblDiv.o [4]
  .text               ro code  0x08003154    0x6c  localeconv.o [3]
  .text               ro code  0x080031c0     0xe  div.o [3]
  .text               ro code  0x080031d0    0x14  setlocale.o [3]
  .text               ro code  0x080031e4    0x60  xencoding_sb.o [3]
  .text               ro code  0x08003244     0x2  I64DivZer.o [5]
  .text               ro code  0x08003248    0xd4  DblAdd.o [4]
  .text               ro code  0x0800331c     0x2  xtls.o [3]
  .text               ro code  0x08003320   0x5e4  stm32f1xx_hal_uart.o [1]
  .text               ro code  0x08003904   0x1e4  usart.o [1]
  .text               ro code  0x08003ae8   0x4b2  stm32f1xx_hal_dma.o [1]
  .text               ro code  0x08003f9c   0x584  ComBuff.o [1]
  .text               ro code  0x08004520    0x74  stm32f1xx_hal.o [1]
  .text               ro code  0x08004594   0x4aa  stm32f1xx_hal_rcc.o [1]
  .text               ro code  0x08004a40   0x144  main.o [1]
  .text               ro code  0x08004b84    0xf4  stm32f1xx_hal_cortex.o [1]
  .text               ro code  0x08004c78   0x1c8  stm32f1xx_hal_gpio.o [1]
  .text               ro code  0x08004e40   0x134  Queue.o [1]
  .text               ro code  0x08004f74     0x6  ABImemclr4.o [5]
  .text               ro code  0x08004f7c    0x84  stm32f1xx_hal_msp.o [1]
  .text               ro code  0x08005000    0x24  printf.o [3]
  .text               ro code  0x08005024    0x44  gpio.o [1]
  .text               ro code  0x08005068    0x60  dma.o [1]
  .text               ro code  0x080050c8    0xa4  i2c.o [1]
  .text               ro code  0x0800516c   0x1f0  TaskTimeManager.o [1]
  .text               ro code  0x0800535c   0x308  ProtocolFrame.o [1]
  .text               ro code  0x08005664    0x70  LOG.o [1]
  .text               ro code  0x080056d4     0x6  ABImemclr.o [5]
  .text               ro code  0x080056da     0xc  memcpy.o [3]
  .text               ro code  0x080056e8    0x32  ABImemset48.o [5]
  .text               ro code  0x0800571c   0x40e  stm32f1xx_hal_i2c.o [1]
  .text               ro code  0x08005b2c    0xfc  List.o [1]
  .text               ro code  0x08005c28    0x7e  Protocol.o [1]
  .text               ro code  0x08005ca8    0x66  ABImemset.o [5]
  .text               ro code  0x08005d0e    0x14  memset.o [3]
  .text               ro code  0x08005d22    0xd4  packbits_init.o [5]
  .text               ro code  0x08005df8    0x6c  stm32f1xx_it.o [1]
  .text               ro code  0x08005e64    0x5c  system_stm32f1xx.o [1]
  .text               ro code  0x08005ec0    0x30  ProtocolHandle.o [1]
  .text               ro code  0x08005ef0    0x28  data_init.o [5]
  .iar.init_table     const    0x08005f18    0x2c  - Linker created -
  .text               ro code  0x08005f44    0x1a  cmain.o [5]
  .text               ro code  0x08005f5e     0x4  low_level_init.o [3]
  .text               ro code  0x08005f62     0x4  exit.o [3]
  .text               ro code  0x08005f68     0xa  cexit.o [5]
  .text               ro code  0x08005f72    0x16  xprout.o [3]
  .text               ro code  0x08005f88     0xc  putchar.o [3]
  .text               ro code  0x08005f94    0x10  startup_stm32f103xe.o [1]
  .text               ro code  0x08005fa4     0xc  cstartup_M.o [5]
  .rodata             const    0x08005fb0     0x8  system_stm32f1xx.o [1]
  .text               ro code  0x08005fb8     0x4  startup_stm32f103xe.o [1]
  .text               ro code  0x08005fbc     0x4  startup_stm32f103xe.o [1]
  .text               ro code  0x08005fc0     0x4  startup_stm32f103xe.o [1]
  .text               ro code  0x08005fc4     0x4  startup_stm32f103xe.o [1]
  .text               ro code  0x08005fc8     0x4  startup_stm32f103xe.o [1]
  .text               ro code  0x08005fcc     0x4  startup_stm32f103xe.o [1]
  .text               ro code  0x08005fd0     0x4  startup_stm32f103xe.o [1]
  .text               ro code  0x08005fd4     0x4  startup_stm32f103xe.o [1]
  .text               ro code  0x08005fd8     0x4  startup_stm32f103xe.o [1]
  .text               ro code  0x08005fdc     0x4  startup_stm32f103xe.o [1]
  .text               ro code  0x08005fe0     0x4  startup_stm32f103xe.o [1]
  .text               ro code  0x08005fe4     0x4  startup_stm32f103xe.o [1]
  .text               ro code  0x08005fe8     0x4  startup_stm32f103xe.o [1]
  .text               ro code  0x08005fec     0x4  startup_stm32f103xe.o [1]
  .text               ro code  0x08005ff0     0x4  startup_stm32f103xe.o [1]
  .text               ro code  0x08005ff4     0x4  startup_stm32f103xe.o [1]
  .text               ro code  0x08005ff8     0x4  startup_stm32f103xe.o [1]
  .text               ro code  0x08005ffc     0x4  startup_stm32f103xe.o [1]
  .text               ro code  0x08006000     0x4  startup_stm32f103xe.o [1]
  .text               ro code  0x08006004     0x4  startup_stm32f103xe.o [1]
  .text               ro code  0x08006008     0x4  startup_stm32f103xe.o [1]
  .text               ro code  0x0800600c     0x4  startup_stm32f103xe.o [1]
  .text               ro code  0x08006010     0x4  startup_stm32f103xe.o [1]
  .text               ro code  0x08006014     0x4  startup_stm32f103xe.o [1]
  .text               ro code  0x08006018     0x4  startup_stm32f103xe.o [1]
  .text               ro code  0x0800601c     0x4  startup_stm32f103xe.o [1]
  .text               ro code  0x08006020     0x4  startup_stm32f103xe.o [1]
  .text               ro code  0x08006024     0x4  startup_stm32f103xe.o [1]
  .text               ro code  0x08006028     0x4  startup_stm32f103xe.o [1]
  .text               ro code  0x0800602c     0x4  startup_stm32f103xe.o [1]
  .text               ro code  0x08006030     0x4  startup_stm32f103xe.o [1]
  .text               ro code  0x08006034     0x4  startup_stm32f103xe.o [1]
  .text               ro code  0x08006038     0x4  startup_stm32f103xe.o [1]
  .text               ro code  0x0800603c     0x4  startup_stm32f103xe.o [1]
  .text               ro code  0x08006040     0x4  startup_stm32f103xe.o [1]
  .text               ro code  0x08006044     0x4  startup_stm32f103xe.o [1]
  .text               ro code  0x08006048     0x4  startup_stm32f103xe.o [1]
  .text               ro code  0x0800604c     0x4  startup_stm32f103xe.o [1]
  .text               ro code  0x08006050     0x4  startup_stm32f103xe.o [1]
  .text               ro code  0x08006054     0x4  startup_stm32f103xe.o [1]
  .text               ro code  0x08006058     0x4  startup_stm32f103xe.o [1]
  .text               ro code  0x0800605c     0x4  startup_stm32f103xe.o [1]
  .text               ro code  0x08006060     0x4  startup_stm32f103xe.o [1]
  .text               ro code  0x08006064     0x4  startup_stm32f103xe.o [1]
  .text               ro code  0x08006068     0x4  startup_stm32f103xe.o [1]
  .text               ro code  0x0800606c     0x4  startup_stm32f103xe.o [1]
  .text               ro code  0x08006070     0x4  startup_stm32f103xe.o [1]
  .text               ro code  0x08006074     0x4  startup_stm32f103xe.o [1]
  .text               ro code  0x08006078     0x4  startup_stm32f103xe.o [1]
  .text               ro code  0x0800607c     0x4  startup_stm32f103xe.o [1]
  .text               ro code  0x08006080     0x4  startup_stm32f103xe.o [1]
  .text               ro code  0x08006084     0x4  startup_stm32f103xe.o [1]
  .rodata             const    0x08006088     0x0  zero_init3.o [5]
  .rodata             const    0x08006088     0x0  packbits_init.o [5]
  Initializer bytes   ro data  0x08006088    0x43  <for P2 s0>
                             - 0x080060cb  0x5f9b

"P2", part 1 of 3:                          0x188
  P2 s0                        0x20000000   0x188  <Init block>
    __DLIB_PERTHREAD  inited   0x20000000    0x88  localeconv.o [3]
    __DLIB_PERTHREAD  inited   0x20000088    0x74  setlocale.o [3]
    .data             inited   0x200000fc    0x40  xfiles.o [3]
    .data             inited   0x2000013c    0x34  TaskTimeManager.o [1]
    .data             inited   0x20000170    0x14  ProtocolFrame.o [1]
    .data             inited   0x20000184     0x4  system_stm32f1xx.o [1]
                             - 0x20000188   0x188

"P2", part 2 of 3:                          0x5b8
  .bss                zero     0x20000188   0x1d8  dlmalloc.o [3]
  .bss                zero     0x20000360    0xe0  usart.o [1]
  .bss                zero     0x20000440    0x94  ProtocolFrame.o [1]
  .bss                zero     0x200004d4    0x94  ProtocolFrame.o [1]
  .bss                zero     0x20000568    0x50  xfiles.o [3]
  .bss                zero     0x200005b8    0x40  usart.o [1]
  .bss                zero     0x200005f8    0x40  usart.o [1]
  .bss                zero     0x20000638    0x3c  i2c.o [1]
  .bss                zero     0x20000674    0x28  ComBuff.o [1]
  .bss                zero     0x2000069c    0x28  ComBuff.o [1]
  .bss                zero     0x200006c4    0x24  ComBuff.o [1]
  .bss                zero     0x200006e8    0x24  ComBuff.o [1]
  .bss                zero     0x2000070c    0x18  dlmalloc.o [3]
  .bss                zero     0x20000724    0x10  LOG.o [1]
  .bss                zero     0x20000734     0x4  stm32f1xx_hal.o [1]
  .bss                zero     0x20000738     0x4  xgetmemchunk.o [3]
  .bss                zero     0x2000073c     0x1  main.o [1]
  .bss                zero     0x2000073d     0x1  TaskTimeManager.o [1]
                             - 0x2000073e   0x5b6

"P2", part 3 of 3:                         0x1400
  CSTACK                       0x20000740   0x400  <Block>
    CSTACK            uninit   0x20000740   0x400  <Block tail>
  HEAP                         0x20000b40  0x1000  <Block>
    HEAP              uninit   0x20000b40  0x1000  <Block tail>
                             - 0x20001b40  0x1400


*******************************************************************************
*** INIT TABLE
***

          Address     Size
          -------     ----
Zero (__iar_zero_init3)
    1 destination range, total size 0x5b6:
          0x20000188  0x5b6

Copy/packbits (__iar_packbits_init3)
    1 source range, total size 0x43 (17% of destination):
          0x08006088   0x43
    1 destination range, total size 0x188:
          0x20000000  0x188



*******************************************************************************
*** MODULE SUMMARY
***

    Module                  ro code  ro data  rw data
    ------                  -------  -------  -------
E:\LiyaoProject\Cube_Project\STM32F103_BASE_V1.0\EWARM\STM32F103\Obj: [1]
    ComBuff.o                 1 412               152
    LOG.o                       112                16
    List.o                      252
    Protocol.o                  126
    ProtocolFrame.o             776        4      316
    ProtocolHandle.o             48
    Queue.o                     308
    TaskTimeManager.o           496        8       53
    dma.o                        96
    gpio.o                       68
    i2c.o                       164                60
    main.o                      324                 1
    startup_stm32f103xe.o       528
    stm32f1xx_hal.o             116                 4
    stm32f1xx_hal_cortex.o      244
    stm32f1xx_hal_dma.o       1 202
    stm32f1xx_hal_gpio.o        456
    stm32f1xx_hal_i2c.o       1 038
    stm32f1xx_hal_msp.o         132
    stm32f1xx_hal_rcc.o       1 194
    stm32f1xx_hal_uart.o      1 508
    stm32f1xx_it.o              108
    system_stm32f1xx.o           92        9        4
    usart.o                     484               352
    -------------------------------------------------
    Total:                   11 284       21      958

command line: [2]
    -------------------------------------------------
    Total:

dl7M_tlf.a: [3]
    abort.o                       6
    div.o                        14
    dlmalloc.o                5 312               496
    exit.o                        4
    localeconv.o                108       23      136
    low_level_init.o              4
    memcpy.o                     12
    memset.o                     20
    printf.o                     36
    putchar.o                    12
    setlocale.o                  20       20      116
    xencoding_sb.o               96
    xfiles.o                              11      144
    xgetmemchunk.o               44                 4
    xmbcurmax.o                  10
    xmbtowc.o                    32
    xprintffull.o             4 358
    xprout.o                     22
    xtls.o                        2
    xwctomb.o                    26
    -------------------------------------------------
    Total:                   10 138       54      896

m7M_tl.a: [4]
    DblAdd.o                    212
    DblCmpGe.o                   46
    DblCmpLe.o                   46
    DblDiv.o                    582
    DblMul.o                    418
    DblSub.o                    384
    DblToI32.o                   88
    I32ToDbl.o                   48
    xdnorm.o                     66
    xdscale.o                   268
    -------------------------------------------------
    Total:                    2 158

rt7M_tl.a: [5]
    ABImemclr.o                   6
    ABImemclr4.o                  6
    ABImemcpy_unaligned.o       118
    ABImemset.o                 102
    ABImemset48.o                50
    I64DivMod.o                 238
    I64DivZer.o                   2
    cexit.o                      10
    cmain.o                      26
    cstartup_M.o                 12
    data_init.o                  40
    memchr.o                     88
    packbits_init.o             212
    strchr.o                     22
    strlen.o                     54
    zero_init3.o                 34
    -------------------------------------------------
    Total:                    1 020

shb_l.a: [6]
    exit.o                       20
    -------------------------------------------------
    Total:                       20

    Gaps                         40
    Linker created                        44    5 120
-----------------------------------------------------
    Grand Total:             24 660      119    6 974


*******************************************************************************
*** ENTRY LIST
***

Entry                      Address   Size  Type      Object
-----                      -------   ----  ----      ------
?main                   0x08005f45         Code  Gb  cmain.o [5]
AHBPrescTable           0x08005eb0   0x10  Data  Gb  system_stm32f1xx.o [1]
APBPrescTable           0x08005fb0    0x8  Data  Gb  system_stm32f1xx.o [1]
BusFault_Handler        0x08005dff    0x2  Code  Gb  stm32f1xx_it.o [1]
CSTACK$$Base            0x20000740          --   Gb  - Linker created -
CSTACK$$Limit           0x20000b40          --   Gb  - Linker created -
ComBuff_Init            0x08004023   0x3c  Code  Gb  ComBuff.o [1]
DMA1_Channel4_IRQHandler
                        0x08005e17    0x6  Code  Gb  stm32f1xx_it.o [1]
DMA1_Channel5_IRQHandler
                        0x08005e1d    0x6  Code  Gb  stm32f1xx_it.o [1]
DMA1_Channel6_IRQHandler
                        0x08005e23    0x6  Code  Gb  stm32f1xx_it.o [1]
DMA1_Channel7_IRQHandler
                        0x08005e29    0x6  Code  Gb  stm32f1xx_it.o [1]
DMA_Receiver_Init       0x08003fc1   0x62  Code  Gb  ComBuff.o [1]
DMA_Sender_Init         0x08003f9d   0x24  Code  Lc  ComBuff.o [1]
DMA_SetConfig           0x08003f85   0x16  Code  Lc  stm32f1xx_hal_dma.o [1]
DebugMon_Handler        0x08005e05    0x2  Code  Gb  stm32f1xx_it.o [1]
Error_Handler           0x08004b39   0x10  Code  Gb  main.o [1]
FetchProtocols          0x080055bb   0x18  Code  Gb  ProtocolFrame.o [1]
HAL_DMA_IRQHandler      0x08003b89  0x3c4  Code  Gb  stm32f1xx_hal_dma.o [1]
HAL_DMA_Init            0x08003ae9   0x4a  Code  Gb  stm32f1xx_hal_dma.o [1]
HAL_DMA_Start_IT        0x08003b33   0x2e  Code  Gb  stm32f1xx_hal_dma.o [1]
HAL_Delay               0x08004575   0x18  Code  Wk  stm32f1xx_hal.o [1]
HAL_GPIO_Init           0x08004c79  0x18a  Code  Gb  stm32f1xx_hal_gpio.o [1]
HAL_GetTick             0x0800456f    0x6  Code  Wk  stm32f1xx_hal.o [1]
HAL_I2C_ER_IRQHandler   0x08005987   0xd6  Code  Gb  stm32f1xx_hal_i2c.o [1]
HAL_I2C_EV_IRQHandler   0x08005809  0x17e  Code  Gb  stm32f1xx_hal_i2c.o [1]
HAL_I2C_ErrorCallback   0x08005a69    0x2  Code  Wk  stm32f1xx_hal_i2c.o [1]
HAL_I2C_Init            0x0800571d   0xc6  Code  Gb  stm32f1xx_hal_i2c.o [1]
HAL_I2C_MasterRxCpltCallback
                        0x08005a5f    0x2  Code  Wk  stm32f1xx_hal_i2c.o [1]
HAL_I2C_MasterTxCpltCallback
                        0x08005a5d    0x2  Code  Wk  stm32f1xx_hal_i2c.o [1]
HAL_I2C_MemRxCpltCallback
                        0x08005a67    0x2  Code  Wk  stm32f1xx_hal_i2c.o [1]
HAL_I2C_MemTxCpltCallback
                        0x08005a65    0x2  Code  Wk  stm32f1xx_hal_i2c.o [1]
HAL_I2C_MspInit         0x080050fd   0x5a  Code  Gb  i2c.o [1]
HAL_I2C_SlaveRxCpltCallback
                        0x08005a63    0x2  Code  Wk  stm32f1xx_hal_i2c.o [1]
HAL_I2C_SlaveTxCpltCallback
                        0x08005a61    0x2  Code  Wk  stm32f1xx_hal_i2c.o [1]
HAL_IncTick             0x08004565    0xa  Code  Wk  stm32f1xx_hal.o [1]
HAL_Init                0x08004521   0x20  Code  Gb  stm32f1xx_hal.o [1]
HAL_InitTick            0x08004541   0x24  Code  Wk  stm32f1xx_hal.o [1]
HAL_MspInit             0x08004f7d   0x84  Code  Gb  stm32f1xx_hal_msp.o [1]
HAL_NVIC_EnableIRQ      0x08004c05    0xc  Code  Gb  stm32f1xx_hal_cortex.o [1]
HAL_NVIC_SetPriority    0x08004bc3   0x42  Code  Gb  stm32f1xx_hal_cortex.o [1]
HAL_NVIC_SetPriorityGrouping
                        0x08004ba9   0x1a  Code  Gb  stm32f1xx_hal_cortex.o [1]
HAL_RCC_ClockConfig     0x08004857  0x12e  Code  Gb  stm32f1xx_hal_rcc.o [1]
HAL_RCC_GetHCLKFreq     0x080049d7    0x6  Code  Gb  stm32f1xx_hal_rcc.o [1]
HAL_RCC_GetPCLK1Freq    0x080049dd   0x10  Code  Gb  stm32f1xx_hal_rcc.o [1]
HAL_RCC_GetPCLK2Freq    0x080049ed    0xe  Code  Gb  stm32f1xx_hal_rcc.o [1]
HAL_RCC_GetSysClockFreq
                        0x08004985   0x52  Code  Gb  stm32f1xx_hal_rcc.o [1]
HAL_RCC_OscConfig       0x08004595  0x2ba  Code  Gb  stm32f1xx_hal_rcc.o [1]
HAL_SYSTICK_CLKSourceConfig
                        0x08004c41   0x14  Code  Gb  stm32f1xx_hal_cortex.o [1]
HAL_SYSTICK_Callback    0x08005279   0x40  Code  Gb  TaskTimeManager.o [1]
HAL_SYSTICK_Config      0x08004c19   0x28  Code  Gb  stm32f1xx_hal_cortex.o [1]
HAL_SYSTICK_IRQHandler  0x08004c71    0x8  Code  Gb  stm32f1xx_hal_cortex.o [1]
HAL_UART_ErrorCallback  0x08003657    0x2  Code  Wk  stm32f1xx_hal_uart.o [1]
HAL_UART_IRQHandler     0x08003541  0x112  Code  Gb  stm32f1xx_hal_uart.o [1]
HAL_UART_Init           0x08003321   0x30  Code  Gb  stm32f1xx_hal_uart.o [1]
HAL_UART_MspInit        0x08003953  0x156  Code  Gb  usart.o [1]
HAL_UART_Receive_DMA    0x080034c5   0x70  Code  Gb  stm32f1xx_hal_uart.o [1]
HAL_UART_RxCpltCallback
                        0x0800437f   0x4c  Code  Gb  ComBuff.o [1]
HAL_UART_RxHalfCpltCallback
                        0x08003655    0x2  Code  Wk  stm32f1xx_hal_uart.o [1]
HAL_UART_Transmit       0x08003393   0xa0  Code  Gb  stm32f1xx_hal_uart.o [1]
HAL_UART_Transmit_DMA   0x08003447   0x72  Code  Gb  stm32f1xx_hal_uart.o [1]
HAL_UART_TxCpltCallback
                        0x08004351   0x2e  Code  Gb  ComBuff.o [1]
HAL_UART_TxHalfCpltCallback
                        0x08003653    0x2  Code  Wk  stm32f1xx_hal_uart.o [1]
HEAP$$Base              0x20000b40          --   Gb  - Linker created -
HEAP$$Limit             0x20001b40          --   Gb  - Linker created -
HardFault_Handler       0x08005dfb    0x2  Code  Gb  stm32f1xx_it.o [1]
Heap_Use                0x08005ec1    0x8  Code  Gb  ProtocolHandle.o [1]
HeartBeat_P_Handle      0x08005ec9    0xc  Code  Gb  ProtocolHandle.o [1]
I2C1_ER_IRQHandler      0x08005e35    0x6  Code  Gb  stm32f1xx_it.o [1]
I2C1_EV_IRQHandler      0x08005e2f    0x6  Code  Gb  stm32f1xx_it.o [1]
I2C_MasterReceive_BTF   0x08005a6b   0x70  Code  Lc  stm32f1xx_hal_i2c.o [1]
InStream_Read           0x08005d23   0x22  Code  Lc  packbits_init.o [5]
LED_TEST                0x08004a41   0x10  Code  Gb  main.o [1]
List_Add                0x08005b5b   0x6c  Code  Gb  List.o [1]
List_Init               0x08005b2d   0x2e  Code  Gb  List.o [1]
Log                     0x20000724    0xc  Data  Gb  LOG.o [1]
Log_Init                0x08005683   0x10  Code  Gb  LOG.o [1]
MEM_USE                 0x20000730    0x4  Data  Gb  LOG.o [1]
MX_DMA_Init             0x08005069   0x60  Code  Gb  dma.o [1]
MX_GPIO_Init            0x08005025   0x44  Code  Gb  gpio.o [1]
MX_I2C1_Init            0x080050c9   0x34  Code  Gb  i2c.o [1]
MX_USART1_UART_Init     0x08003905   0x18  Code  Gb  usart.o [1]
MX_USART2_UART_Init     0x0800391d   0x18  Code  Gb  usart.o [1]
MemManage_Handler       0x08005dfd    0x2  Code  Gb  stm32f1xx_it.o [1]
NMI_Handler             0x08005df9    0x2  Code  Gb  stm32f1xx_it.o [1]
NVIC_GetPriorityGrouping
                        0x08004b85    0xa  Code  Lc  stm32f1xx_hal_cortex.o [1]
NVIC_SetPriority        0x08004b8f   0x1a  Code  Lc  stm32f1xx_hal_cortex.o [1]
OSInfo                  0x2000013c   0x24  Data  Gb  TaskTimeManager.o [1]
PaddingProtocol         0x080043e9   0x34  Code  Gb  ComBuff.o [1]
PendSV_Handler          0x08005e07    0x2  Code  Gb  stm32f1xx_it.o [1]
ProtocolFrame_Init      0x08005571   0x4a  Code  Gb  ProtocolFrame.o [1]
ProtocolResolver_1      0x2000017c    0x4  Data  Gb  ProtocolFrame.o [1]
ProtocolResolver_2      0x20000180    0x4  Data  Gb  ProtocolFrame.o [1]
Protocol_Init           0x08005c2b   0x66  Code  Gb  Protocol.o [1]
Protocol_Register       0x0800553f   0x32  Code  Gb  ProtocolFrame.o [1]
Queue_Link_Get          0x08004f09   0x2e  Code  Gb  Queue.o [1]
Queue_Link_Init         0x08004e47   0x2e  Code  Gb  Queue.o [1]
Queue_Link_OutSize      0x08004f01    0x8  Code  Gb  Queue.o [1]
Queue_Link_Put          0x08004e75   0x88  Code  Gb  Queue.o [1]
Recv_Desc_P             0x20000174    0x4  Data  Gb  ProtocolFrame.o [1]
Region$$Table$$Base     0x08005f18          --   Gb  - Linker created -
Region$$Table$$Limit    0x08005f44          --   Gb  - Linker created -
SVC_Handler             0x08005e03    0x2  Code  Gb  stm32f1xx_it.o [1]
Send                    0x08005c29    0x2  Code  Gb  Protocol.o [1]
Send_Desc_P             0x20000170    0x4  Data  Gb  ProtocolFrame.o [1]
SenderKeepTransmit      0x080043d7   0x12  Code  Gb  ComBuff.o [1]
SysTick_Handler         0x08005e09    0xe  Code  Gb  stm32f1xx_it.o [1]
SystemClock_Config      0x08004ac1   0x78  Code  Gb  main.o [1]
SystemCoreClock         0x20000184    0x4  Data  Gb  system_stm32f1xx.o [1]
SystemInit              0x08005e65   0x3a  Code  Gb  system_stm32f1xx.o [1]
TaskID                  0x2000073d    0x1  Data  Gb  TaskTimeManager.o [1]
TaskTime_Add            0x080051a5   0xd4  Code  Gb  TaskTimeManager.o [1]
TaskTime_Head           0x20000164    0x4  Data  Gb  TaskTimeManager.o [1]
TaskTime_Init           0x0800516d   0x38  Code  Gb  TaskTimeManager.o [1]
TaskTime_Run            0x080052b9   0x78  Code  Gb  TaskTimeManager.o [1]
Transpond_Desc_P        0x20000178    0x4  Data  Gb  ProtocolFrame.o [1]
UART_DMAError           0x080036d1   0x20  Code  Lc  stm32f1xx_hal_uart.o [1]
UART_DMAReceiveCplt     0x08003691   0x32  Code  Lc  stm32f1xx_hal_uart.o [1]
UART_DMARxHalfCplt      0x080036c5    0xa  Code  Lc  stm32f1xx_hal_uart.o [1]
UART_DMATransmitCplt    0x08003659   0x2c  Code  Lc  stm32f1xx_hal_uart.o [1]
UART_DMATxHalfCplt      0x08003685    0xa  Code  Lc  stm32f1xx_hal_uart.o [1]
UART_Receive_IT         0x08003781   0xa0  Code  Lc  stm32f1xx_hal_uart.o [1]
UART_SetConfig          0x08003821   0xdc  Code  Lc  stm32f1xx_hal_uart.o [1]
UART_WaitOnFlagUntilTimeout
                        0x080036f1   0x90  Code  Lc  stm32f1xx_hal_uart.o [1]
USART1_IRQHandler       0x08005e3b    0x6  Code  Gb  stm32f1xx_it.o [1]
USART2_IRQHandler       0x08005e41    0x6  Code  Gb  stm32f1xx_it.o [1]
Uart1_DMA_Receiver      0x20000674   0x28  Data  Gb  ComBuff.o [1]
Uart1_DMA_Sender        0x200006c4   0x24  Data  Gb  ComBuff.o [1]
Uart2_DMA_Receiver      0x2000069c   0x28  Data  Gb  ComBuff.o [1]
Uart2_DMA_Sender        0x200006e8   0x24  Data  Gb  ComBuff.o [1]
UsageFault_Handler      0x08005e01    0x2  Code  Gb  stm32f1xx_it.o [1]
_EncodingSb_Mbtowc      0x080031ff   0x30  Code  Gb  xencoding_sb.o [3]
_EncodingSb_Wctomb      0x080031e5   0x1a  Code  Gb  xencoding_sb.o [3]
_Fetch_Protocol         0x08005381   0x4c  Code  Lc  ProtocolFrame.o [1]
_GenldFull              0x080024cd  0x24a  Code  Lc  xprintffull.o [3]
_IsdstStr               0x2000008c    0x4  Data  Gb  setlocale.o [3]
_KeepTransmit           0x080042e1   0x4c  Code  Lc  ComBuff.o [1]
_LdtobFull              0x08002141  0x386  Code  Lc  xprintffull.o [3]
_LitobFull              0x08001fef  0x106  Code  Lc  xprintffull.o [3]
_LocaleEncoding         0x080031d1    0xe  Code  Gb  setlocale.o [3]
_LocaleReturnString     0x200000ac   0x50  Data  Lc  setlocale.o [3]
_Locale_Profile         0x20000090   0x1c  Data  Gb  setlocale.o [3]
_Locale_aeabi_lconv     0x20000050   0x38  Data  Gb  localeconv.o [3]
_Locale_lconv           0x20000000   0x50  Data  Gb  localeconv.o [3]
_Mbtowc                 0x0800275f   0x20  Code  Gb  xmbtowc.o [3]
_PrintfFull             0x08001659  0x67c  Code  Gb  xprintffull.o [3]
_ProtocolResolver_1     0x20000440   0x94  Data  Gb  ProtocolFrame.o [1]
_ProtocolResolver_2     0x200004d4   0x94  Data  Gb  ProtocolFrame.o [1]
_Protocol_Put           0x080053cd  0x172  Code  Lc  ProtocolFrame.o [1]
_Prout                  0x08005f73   0x16  Code  Gb  xprout.o [3]
_PutcharsFull           0x08002717   0x2e  Code  Lc  xprintffull.o [3]
_PutstrFull             0x08001ced  0x2fc  Code  Lc  xprintffull.o [3]
_Read                   0x0800425d   0x7a  Code  Lc  ComBuff.o [1]
_ReadByte               0x08004141   0x56  Code  Lc  ComBuff.o [1]
_ReadTo                 0x08004199   0xc2  Code  Lc  ComBuff.o [1]
_TzoneStr               0x20000088    0x4  Data  Gb  setlocale.o [3]
_Wctomb                 0x08002833   0x1a  Code  Gb  xwctomb.o [3]
_Write                  0x08004061   0x9a  Code  Lc  ComBuff.o [1]
_WriteByte              0x080040fd   0x3a  Code  Lc  ComBuff.o [1]
__aeabi_cdcmple         0x08002b99         Code  Gb  DblCmpLe.o [4]
__aeabi_cdrcmple        0x08002bc9         Code  Gb  DblCmpGe.o [4]
__aeabi_d2iz            0x08002d05         Code  Gb  DblToI32.o [4]
__aeabi_d2uiz           0x08002d31         Code  Gb  DblToI32.o [4]
__aeabi_ddiv            0x08002f0d         Code  Gb  DblDiv.o [4]
__aeabi_dmul            0x080029b5         Code  Gb  DblMul.o [4]
__aeabi_dsub            0x08002d8d         Code  Gb  DblSub.o [4]
__aeabi_i2d             0x08002d5d         Code  Gb  I32ToDbl.o [4]
__aeabi_ldiv0           0x08003245         Code  Gb  I64DivZer.o [5]
__aeabi_memclr          0x080056d5         Code  Gb  ABImemclr.o [5]
__aeabi_memclr4         0x08004f75         Code  Gb  ABImemclr4.o [5]
__aeabi_memset          0x08005ca9         Code  Gb  ABImemset.o [5]
__aeabi_ui2d            0x08002d71         Code  Gb  I32ToDbl.o [4]
__aeabi_uldivmod        0x080028c5         Code  Gb  I64DivMod.o [5]
__cmain                 0x08005f45         Code  Gb  cmain.o [5]
__data_GetMemChunk      0x08001619   0x2c  Code  Gb  xgetmemchunk.o [3]
__exit                  0x08001645   0x14  Code  Gb  exit.o [6]
__iar_Dnorm             0x08002b57   0x42  Code  Gb  xdnorm.o [4]
__iar_Dscale            0x08002bf9  0x10c  Code  Gb  xdscale.o [4]
__iar_Locale_lconv_init
                        0x08003155   0x3a  Code  Gb  localeconv.o [3]
__iar_Mbcurmax          0x08002829    0xa  Code  Gb  xmbcurmax.o [3]
__iar_Memchr            0x080027d1         Code  Gb  memchr.o [5]
__iar_Memset            0x08005ca9         Code  Gb  ABImemset.o [5]
__iar_Memset4_word      0x080056e9         Code  Gb  ABImemset48.o [5]
__iar_Memset8_word      0x080056e9         Code  Gb  ABImemset48.o [5]
__iar_Memset_word       0x08005cb1         Code  Gb  ABImemset.o [5]
__iar_Stdout            0x200000fc   0x40  Data  Gb  xfiles.o [3]
__iar_Strchr            0x08002781         Code  Gb  strchr.o [5]
__iar_d2uiz             0x08002d3d         Code  Gb  DblToI32.o [4]
__iar_dadd              0x08003249         Code  Gb  DblAdd.o [4]
__iar_data_init3        0x08005ef1   0x28  Code  Gb  data_init.o [5]
__iar_dlfree            0x080010d7  0x512  Code  Gb  dlmalloc.o [3]
__iar_dlib_perthread_access
                        0x0800331d    0x2  Code  Gb  xtls.o [3]
__iar_dlmalloc          0x08000e19  0x2b2  Code  Gb  dlmalloc.o [3]
__iar_dsub              0x08002da1         Code  Gb  DblSub.o [4]
__iar_dsubStart         0x08002db3         Code  Gb  DblSub.o [4]
__iar_gm_               0x20000188  0x1d8  Data  Gb  dlmalloc.o [3]
__iar_packbits_init3    0x08005d45   0xb2  Code  Gb  packbits_init.o [5]
__iar_program_start     0x08005fa5         Code  Gb  cstartup_M.o [5]
__iar_ui2d              0x08002d75         Code  Gb  I32ToDbl.o [4]
__iar_unaligned___aeabi_memcpy
                        0x0800284d         Code  Gb  ABImemcpy_unaligned.o [5]
__iar_unaligned___aeabi_memcpy4
                        0x0800286d         Code  Gb  ABImemcpy_unaligned.o [5]
__iar_unaligned___aeabi_memcpy8
                        0x0800286d         Code  Gb  ABImemcpy_unaligned.o [5]
__iar_zero_init3        0x080015f7   0x22  Code  Gb  zero_init3.o [5]
__low_level_init        0x08005f5f    0x4  Code  Gb  low_level_init.o [3]
__vector_table          0x08000000         Data  Gb  startup_stm32f103xe.o [1]
_call_main              0x08005f51         Code  Gb  cmain.o [5]
_clean_recv_buf         0x0800535d   0x24  Code  Lc  ProtocolFrame.o [1]
_error                  0x08005665    0xa  Code  Lc  LOG.o [1]
_exit                   0x08005f69         Code  Gb  cexit.o [5]
_info                   0x08005679    0xa  Code  Lc  LOG.o [1]
_main                   0x08005f5b         Code  Gb  cmain.o [5]
_warning                0x0800566f    0xa  Code  Lc  LOG.o [1]
abort                   0x080015f1    0x6  Code  Gb  abort.o [3]
div                     0x080031c1    0xe  Code  Gb  div.o [3]
exit                    0x08005f63    0x4  Code  Gb  exit.o [3]
fputc                   0x08004337   0x1a  Code  Gb  ComBuff.o [1]
hdma_usart1_rx          0x20000360   0x38  Data  Gb  usart.o [1]
hdma_usart1_tx          0x20000398   0x38  Data  Gb  usart.o [1]
hdma_usart2_rx          0x200003d0   0x38  Data  Gb  usart.o [1]
hdma_usart2_tx          0x20000408   0x38  Data  Gb  usart.o [1]
hi2c1                   0x20000638   0x3c  Data  Gb  i2c.o [1]
huart1                  0x200005b8   0x40  Data  Gb  usart.o [1]
huart2                  0x200005f8   0x40  Data  Gb  usart.o [1]
init_mparams            0x0800014b   0x32  Code  Lc  dlmalloc.o [3]
init_top                0x0800017d   0x34  Code  Lc  dlmalloc.o [3]
localeconv              0x0800318f   0x16  Code  Gb  localeconv.o [3]
main                    0x08004a51   0x62  Code  Gb  main.o [1]
memchr                  0x080027d1         Code  Gb  memchr.o [5]
memcpy                  0x080056db    0xc  Code  Gb  memcpy.o [3]
memset                  0x08005d0f   0x14  Code  Gb  memset.o [3]
mparams                 0x2000070c   0x18  Data  Lc  dlmalloc.o [3]
obuf                    0x20000568   0x50  Data  Lc  xfiles.o [3]
prepend_alloc           0x080001b1  0x33c  Code  Lc  dlmalloc.o [3]
prevTaskTime            0x2000016c    0x4  Data  Lc  TaskTimeManager.o [1]
printf                  0x08005001   0x24  Code  Gb  printf.o [3]
putchar                 0x08005f89    0xc  Code  Gb  putchar.o [3]
scale                   0x080020f5   0x46  Code  Lc  xprintffull.o [3]
segment_holding         0x08000131   0x1a  Code  Lc  dlmalloc.o [3]
strchr                  0x08002781         Code  Gb  strchr.o [5]
strlen                  0x08002799         Code  Gb  strlen.o [5]
sys_alloc               0x080004ed  0x384  Code  Lc  dlmalloc.o [3]
tmalloc_large           0x0800087d  0x38a  Code  Lc  dlmalloc.o [3]
tmalloc_small           0x08000c07  0x204  Code  Lc  dlmalloc.o [3]
tmpTaskTime             0x20000168    0x4  Data  Lc  TaskTimeManager.o [1]
uwTick                  0x20000734    0x4  Data  Lc  stm32f1xx_hal.o [1]


[1] = E:\LiyaoProject\Cube_Project\STM32F103_BASE_V1.0\EWARM\STM32F103\Obj
[2] = command line
[3] = dl7M_tlf.a
[4] = m7M_tl.a
[5] = rt7M_tl.a
[6] = shb_l.a

  24 660 bytes of readonly  code memory
     119 bytes of readonly  data memory
   6 974 bytes of readwrite data memory

Errors: none
Warnings: none
