Component: ARM Compiler 5.06 (build 20) Tool: armlink [4d35a3]

==============================================================================

Section Cross References

    main.o(i.Error_Handler) refers to log.o(.bss) for Log
    main.o(i.HAL_ADC_ConvCpltCallback) refers to stm32f1xx_hal_adc.o(i.HAL_ADC_GetValue) for HAL_ADC_GetValue
    main.o(i.HAL_ADC_ConvCpltCallback) refers to printf3.o(i.__0printf$3) for __2printf
    main.o(i.HAL_ADC_ConvCpltCallback) refers to stm32f1xx_hal_adc.o(i.HAL_ADC_Stop_IT) for HAL_ADC_Stop_IT
    main.o(i.HAL_ADC_ConvCpltCallback) refers to adc.o(.bss) for hadc1
    main.o(i.LED_TEST) refers to printf3.o(i.__0printf$3) for __2printf
    main.o(i.LED_TEST) refers to stm32f1xx_hal_adc.o(i.HAL_ADC_Start_IT) for HAL_ADC_Start_IT
    main.o(i.LED_TEST) refers to main.o(.data) for .data
    main.o(i.LED_TEST) refers to adc.o(.bss) for hadc1
    main.o(i.SystemClock_Config) refers to stm32f1xx_hal_rcc.o(i.HAL_RCC_OscConfig) for HAL_RCC_OscConfig
    main.o(i.SystemClock_Config) refers to stm32f1xx_hal_rcc.o(i.HAL_RCC_ClockConfig) for HAL_RCC_ClockConfig
    main.o(i.SystemClock_Config) refers to stm32f1xx_hal_rcc_ex.o(i.HAL_RCCEx_PeriphCLKConfig) for HAL_RCCEx_PeriphCLKConfig
    main.o(i.SystemClock_Config) refers to main.o(i.Error_Handler) for Error_Handler
    main.o(i.SystemClock_Config) refers to stm32f1xx_hal_rcc.o(i.HAL_RCC_GetHCLKFreq) for HAL_RCC_GetHCLKFreq
    main.o(i.SystemClock_Config) refers to stm32f1xx_hal_cortex.o(i.HAL_SYSTICK_Config) for HAL_SYSTICK_Config
    main.o(i.SystemClock_Config) refers to stm32f1xx_hal_cortex.o(i.HAL_SYSTICK_CLKSourceConfig) for HAL_SYSTICK_CLKSourceConfig
    main.o(i.SystemClock_Config) refers to stm32f1xx_hal_cortex.o(i.HAL_NVIC_SetPriority) for HAL_NVIC_SetPriority
    main.o(i.main) refers to stm32f1xx_hal.o(i.HAL_Init) for HAL_Init
    main.o(i.main) refers to main.o(i.SystemClock_Config) for SystemClock_Config
    main.o(i.main) refers to gpio.o(i.MX_GPIO_Init) for MX_GPIO_Init
    main.o(i.main) refers to dma.o(i.MX_DMA_Init) for MX_DMA_Init
    main.o(i.main) refers to i2c.o(i.MX_I2C1_Init) for MX_I2C1_Init
    main.o(i.main) refers to usart.o(i.MX_USART1_UART_Init) for MX_USART1_UART_Init
    main.o(i.main) refers to adc.o(i.MX_ADC1_Init) for MX_ADC1_Init
    main.o(i.main) refers to tasktimemanager.o(i.TaskTime_Init) for TaskTime_Init
    main.o(i.main) refers to protocolframe.o(i.ProtocolFrame_Init) for ProtocolFrame_Init
    main.o(i.main) refers to log.o(i.Log_Init) for Log_Init
    main.o(i.main) refers to combuff.o(i.ComBuff_Init) for ComBuff_Init
    main.o(i.main) refers to tasktimemanager.o(i.TaskTime_Add) for TaskTime_Add
    main.o(i.main) refers to tasktimemanager.o(i.TaskTime_Run) for TaskTime_Run
    main.o(i.main) refers to tasktimemanager.o(.data) for TaskID
    main.o(i.main) refers to main.o(i.LED_TEST) for LED_TEST
    main.o(i.main) refers to combuff.o(i.SenderKeepTransmit) for SenderKeepTransmit
    main.o(i.main) refers to combuff.o(i.PaddingProtocol) for PaddingProtocol
    main.o(i.main) refers to protocolframe.o(i.FetchProtocols) for FetchProtocols
    usart.o(i.HAL_UART_MspDeInit) refers to stm32f1xx_hal_gpio.o(i.HAL_GPIO_DeInit) for HAL_GPIO_DeInit
    usart.o(i.HAL_UART_MspDeInit) refers to stm32f1xx_hal_dma.o(i.HAL_DMA_DeInit) for HAL_DMA_DeInit
    usart.o(i.HAL_UART_MspDeInit) refers to stm32f1xx_hal_cortex.o(i.HAL_NVIC_DisableIRQ) for HAL_NVIC_DisableIRQ
    usart.o(i.HAL_UART_MspInit) refers to stm32f1xx_hal_gpio.o(i.HAL_GPIO_Init) for HAL_GPIO_Init
    usart.o(i.HAL_UART_MspInit) refers to stm32f1xx_hal_dma.o(i.HAL_DMA_Init) for HAL_DMA_Init
    usart.o(i.HAL_UART_MspInit) refers to main.o(i.Error_Handler) for Error_Handler
    usart.o(i.HAL_UART_MspInit) refers to stm32f1xx_hal_cortex.o(i.HAL_NVIC_SetPriority) for HAL_NVIC_SetPriority
    usart.o(i.HAL_UART_MspInit) refers to stm32f1xx_hal_cortex.o(i.HAL_NVIC_EnableIRQ) for HAL_NVIC_EnableIRQ
    usart.o(i.HAL_UART_MspInit) refers to usart.o(.bss) for .bss
    usart.o(i.MX_USART1_UART_Init) refers to stm32f1xx_hal_uart.o(i.HAL_UART_Init) for HAL_UART_Init
    usart.o(i.MX_USART1_UART_Init) refers to main.o(i.Error_Handler) for Error_Handler
    usart.o(i.MX_USART1_UART_Init) refers to usart.o(.bss) for .bss
    dma.o(i.MX_DMA_Init) refers to stm32f1xx_hal_cortex.o(i.HAL_NVIC_SetPriority) for HAL_NVIC_SetPriority
    dma.o(i.MX_DMA_Init) refers to stm32f1xx_hal_cortex.o(i.HAL_NVIC_EnableIRQ) for HAL_NVIC_EnableIRQ
    stm32f1xx_hal_msp.o(i.HAL_MspInit) refers to stm32f1xx_hal_cortex.o(i.HAL_NVIC_SetPriorityGrouping) for HAL_NVIC_SetPriorityGrouping
    stm32f1xx_hal_msp.o(i.HAL_MspInit) refers to stm32f1xx_hal_cortex.o(i.HAL_NVIC_SetPriority) for HAL_NVIC_SetPriority
    stm32f1xx_it.o(i.ADC1_2_IRQHandler) refers to stm32f1xx_hal_adc.o(i.HAL_ADC_IRQHandler) for HAL_ADC_IRQHandler
    stm32f1xx_it.o(i.ADC1_2_IRQHandler) refers to adc.o(.bss) for hadc1
[...]
    Removing stm32f1xx_hal.o(i.HAL_DBGMCU_EnableDBGSleepMode), (16 bytes).
    Removing stm32f1xx_hal.o(i.HAL_DBGMCU_EnableDBGStandbyMode), (16 bytes).
    Removing stm32f1xx_hal.o(i.HAL_DBGMCU_EnableDBGStopMode), (16 bytes).
    Removing stm32f1xx_hal.o(i.HAL_DeInit), (32 bytes).
    Removing stm32f1xx_hal.o(i.HAL_GetDEVID), (16 bytes).
    Removing stm32f1xx_hal.o(i.HAL_GetHalVersion), (8 bytes).
    Removing stm32f1xx_hal.o(i.HAL_GetREVID), (28 bytes).
    Removing stm32f1xx_hal.o(i.HAL_MspDeInit), (2 bytes).
    Removing stm32f1xx_hal.o(i.HAL_MspInit), (2 bytes).
    Removing stm32f1xx_hal.o(i.HAL_ResumeTick), (14 bytes).
    Removing stm32f1xx_hal.o(i.HAL_SuspendTick), (14 bytes).
    Removing stm32f1xx_hal_tim_ex.o(.rev16_text), (4 bytes).
    Removing stm32f1xx_hal_tim_ex.o(.revsh_text), (4 bytes).
    Removing stm32f1xx_hal_tim_ex.o(.rrx_text), (6 bytes).
    Removing stm32f1xx_hal_pwr.o(.rev16_text), (4 bytes).
    Removing stm32f1xx_hal_pwr.o(.revsh_text), (4 bytes).
    Removing stm32f1xx_hal_pwr.o(.rrx_text), (6 bytes).
    Removing stm32f1xx_hal_pwr.o(i.HAL_PWR_ConfigPVD), (124 bytes).
    Removing stm32f1xx_hal_pwr.o(i.HAL_PWR_DeInit), (24 bytes).
    Removing stm32f1xx_hal_pwr.o(i.HAL_PWR_DisableBkUpAccess), (28 bytes).
    Removing stm32f1xx_hal_pwr.o(i.HAL_PWR_DisablePVD), (24 bytes).
    Removing stm32f1xx_hal_pwr.o(i.HAL_PWR_DisableSEVOnPend), (16 bytes).
    Removing stm32f1xx_hal_pwr.o(i.HAL_PWR_DisableSleepOnExit), (16 bytes).
    Removing stm32f1xx_hal_pwr.o(i.HAL_PWR_DisableWakeUpPin), (28 bytes).
    Removing stm32f1xx_hal_pwr.o(i.HAL_PWR_EnableBkUpAccess), (24 bytes).
    Removing stm32f1xx_hal_pwr.o(i.HAL_PWR_EnablePVD), (24 bytes).
    Removing stm32f1xx_hal_pwr.o(i.HAL_PWR_EnableSEVOnPend), (16 bytes).
    Removing stm32f1xx_hal_pwr.o(i.HAL_PWR_EnableSleepOnExit), (16 bytes).
    Removing stm32f1xx_hal_pwr.o(i.HAL_PWR_EnableWakeUpPin), (28 bytes).
    Removing stm32f1xx_hal_pwr.o(i.HAL_PWR_EnterSLEEPMode), (32 bytes).
    Removing stm32f1xx_hal_pwr.o(i.HAL_PWR_EnterSTANDBYMode), (32 bytes).
    Removing stm32f1xx_hal_pwr.o(i.HAL_PWR_EnterSTOPMode), (68 bytes).
    Removing stm32f1xx_hal_pwr.o(i.HAL_PWR_PVDCallback), (2 bytes).
    Removing stm32f1xx_hal_pwr.o(i.HAL_PWR_PVD_IRQHandler), (28 bytes).
    Removing stm32f1xx_hal_pwr.o(i.PWR_OverloadWfe), (6 bytes).
    Removing stm32f1xx_hal_adc.o(.rev16_text), (4 bytes).
    Removing stm32f1xx_hal_adc.o(.revsh_text), (4 bytes).
    Removing stm32f1xx_hal_adc.o(.rrx_text), (6 bytes).
    Removing stm32f1xx_hal_adc.o(i.ADC_DMAConvCplt), (78 bytes).
    Removing stm32f1xx_hal_adc.o(i.ADC_DMAError), (26 bytes).
    Removing stm32f1xx_hal_adc.o(i.ADC_DMAHalfConvCplt), (10 bytes).
    Removing stm32f1xx_hal_adc.o(i.HAL_ADC_AnalogWDGConfig), (88 bytes).
    Removing stm32f1xx_hal_adc.o(i.HAL_ADC_ConvCpltCallback), (2 bytes).
    Removing stm32f1xx_hal_adc.o(i.HAL_ADC_ConvHalfCpltCallback), (2 bytes).
    Removing stm32f1xx_hal_adc.o(i.HAL_ADC_DeInit), (228 bytes).
    Removing stm32f1xx_hal_adc.o(i.HAL_ADC_ErrorCallback), (2 bytes).
    Removing stm32f1xx_hal_adc.o(i.HAL_ADC_GetError), (4 bytes).
    Removing stm32f1xx_hal_adc.o(i.HAL_ADC_GetState), (4 bytes).
    Removing stm32f1xx_hal_adc.o(i.HAL_ADC_MspDeInit), (2 bytes).
    Removing stm32f1xx_hal_adc.o(i.HAL_ADC_MspInit), (2 bytes).
    Removing stm32f1xx_hal_adc.o(i.HAL_ADC_PollForConversion), (304 bytes).
    Removing stm32f1xx_hal_adc.o(i.HAL_ADC_PollForEvent), (84 bytes).
    Removing stm32f1xx_hal_adc.o(i.HAL_ADC_Start), (192 bytes).
    Removing stm32f1xx_hal_adc.o(i.HAL_ADC_Start_DMA), (268 bytes).
    Removing stm32f1xx_hal_adc.o(i.HAL_ADC_Stop), (52 bytes).
    Removing stm32f1xx_hal_adc.o(i.HAL_ADC_Stop_DMA), (76 bytes).
    Removing stm32f1xx_hal_adc_ex.o(.rev16_text), (4 bytes).
    Removing stm32f1xx_hal_adc_ex.o(.revsh_text), (4 bytes).
    Removing stm32f1xx_hal_adc_ex.o(.rrx_text), (6 bytes).
    Removing stm32f1xx_hal_adc_ex.o(i.HAL_ADCEx_Calibration_Start), (200 bytes).
    Removing stm32f1xx_hal_adc_ex.o(i.HAL_ADCEx_InjectedGetValue), (30 bytes).
    Removing stm32f1xx_hal_adc_ex.o(i.HAL_ADCEx_InjectedPollForConversion), (292 bytes).
    Removing stm32f1xx_hal_adc_ex.o(i.HAL_ADCEx_InjectedStart), (168 bytes).
    Removing stm32f1xx_hal_adc_ex.o(i.HAL_ADCEx_InjectedStart_IT), (180 bytes).
    Removing stm32f1xx_hal_adc_ex.o(i.HAL_ADCEx_InjectedStop), (78 bytes).
    Removing stm32f1xx_hal_adc_ex.o(i.HAL_ADCEx_InjectedStop_IT), (88 bytes).
    Removing stm32f1xx_hal_adc_ex.o(i.HAL_ADCEx_MultiModeConfigChannel), (100 bytes).
    Removing stm32f1xx_hal_adc_ex.o(i.HAL_ADCEx_MultiModeGetValue), (32 bytes).
    Removing stm32f1xx_hal_adc_ex.o(i.HAL_ADCEx_MultiModeStart_DMA), (232 bytes).
    Removing stm32f1xx_hal_adc_ex.o(i.HAL_ADCEx_MultiModeStop_DMA), (124 bytes).
    Removing system_stm32f1xx.o(.rev16_text), (4 bytes).
    Removing system_stm32f1xx.o(.revsh_text), (4 bytes).
    Removing system_stm32f1xx.o(.rrx_text), (6 bytes).
    Removing system_stm32f1xx.o(i.SystemCoreClockUpdate), (104 bytes).
    Removing dadd.o(.text), (334 bytes).
    Removing dmul.o(.text), (228 bytes).
    Removing ddiv.o(.text), (222 bytes).
    Removing dfixul.o(.text), (48 bytes).
    Removing cdrcmple.o(.text), (48 bytes).
    Removing depilogue.o(.text), (186 bytes).

324 unused section(s) (total 20831 bytes) removed from the image.

==============================================================================

Image Symbol Table

    Local Symbols

    Symbol Name                              Value     Ov Type        Size  Object(Section)

    ../Drivers/CMSIS/Device/ST/STM32F1xx/Source/Templates/system_stm32f1xx.c 0x00000000   Number         0  system_stm32f1xx.o ABSOLUTE
    ../Drivers/STM32F1xx_HAL_Driver/Src/stm32f1xx_hal.c 0x00000000   Number         0  stm32f1xx_hal.o ABSOLUTE
    ../Drivers/STM32F1xx_HAL_Driver/Src/stm32f1xx_hal_adc.c 0x00000000   Number         0  stm32f1xx_hal_adc.o ABSOLUTE
    ../Drivers/STM32F1xx_HAL_Driver/Src/stm32f1xx_hal_adc_ex.c 0x00000000   Number         0  stm32f1xx_hal_adc_ex.o ABSOLUTE
    ../Drivers/STM32F1xx_HAL_Driver/Src/stm32f1xx_hal_cortex.c 0x00000000   Number         0  stm32f1xx_hal_cortex.o ABSOLUTE
    ../Drivers/STM32F1xx_HAL_Driver/Src/stm32f1xx_hal_dma.c 0x00000000   Number         0  stm32f1xx_hal_dma.o ABSOLUTE
    ../Drivers/STM32F1xx_HAL_Driver/Src/stm32f1xx_hal_flash.c 0x00000000   Number         0  stm32f1xx_hal_flash.o ABSOLUTE
    ../Drivers/STM32F1xx_HAL_Driver/Src/stm32f1xx_hal_flash_ex.c 0x00000000   Number         0  stm32f1xx_hal_flash_ex.o ABSOLUTE
    ../Drivers/STM32F1xx_HAL_Driver/Src/stm32f1xx_hal_gpio.c 0x00000000   Number         0  stm32f1xx_hal_gpio.o ABSOLUTE
    ../Drivers/STM32F1xx_HAL_Driver/Src/stm32f1xx_hal_gpio_ex.c 0x00000000   Number         0  stm32f1xx_hal_gpio_ex.o ABSOLUTE
    ../Drivers/STM32F1xx_HAL_Driver/Src/stm32f1xx_hal_i2c.c 0x00000000   Number         0  stm32f1xx_hal_i2c.o ABSOLUTE
    ../Drivers/STM32F1xx_HAL_Driver/Src/stm32f1xx_hal_pwr.c 0x00000000   Number         0  stm32f1xx_hal_pwr.o ABSOLUTE
    ../Drivers/STM32F1xx_HAL_Driver/Src/stm32f1xx_hal_rcc.c 0x00000000   Number         0  stm32f1xx_hal_rcc.o ABSOLUTE
    ../Drivers/STM32F1xx_HAL_Driver/Src/stm32f1xx_hal_rcc_ex.c 0x00000000   Number         0  stm32f1xx_hal_rcc_ex.o ABSOLUTE
    ../Drivers/STM32F1xx_HAL_Driver/Src/stm32f1xx_hal_tim.c 0x00000000   Number         0  stm32f1xx_hal_tim.o ABSOLUTE
    ../Drivers/STM32F1xx_HAL_Driver/Src/stm32f1xx_hal_tim_ex.c 0x00000000   Number         0  stm32f1xx_hal_tim_ex.o ABSOLUTE
    ../Drivers/STM32F1xx_HAL_Driver/Src/stm32f1xx_hal_uart.c 0x00000000   Number         0  stm32f1xx_hal_uart.o ABSOLUTE
    ../Src/adc.c                             0x00000000   Number         0  adc.o ABSOLUTE
    ../Src/dma.c                             0x00000000   Number         0  dma.o ABSOLUTE
    ../Src/gpio.c                            0x00000000   Number         0  gpio.o ABSOLUTE
    ../Src/i2c.c                             0x00000000   Number         0  i2c.o ABSOLUTE
    ../Src/main.c                            0x00000000   Number         0  main.o ABSOLUTE
    ../Src/stm32f1xx_hal_msp.c               0x00000000   Number         0  stm32f1xx_hal_msp.o ABSOLUTE
    ../Src/stm32f1xx_it.c                    0x00000000   Number         0  stm32f1xx_it.o ABSOLUTE
    ../Src/usart.c                           0x00000000   Number         0  usart.o ABSOLUTE
    ../clib/microlib/division.c              0x00000000   Number         0  uldiv.o ABSOLUTE
    ../clib/microlib/division.c              0x00000000   Number         0  uidiv.o ABSOLUTE
    ../clib/microlib/init/entry.s            0x00000000   Number         0  entry9a.o ABSOLUTE
    ../clib/microlib/init/entry.s            0x00000000   Number         0  entry10b.o ABSOLUTE
    ../clib/microlib/init/entry.s            0x00000000   Number         0  entry8b.o ABSOLUTE
    ../clib/microlib/init/entry.s            0x00000000   Number         0  entry.o ABSOLUTE
    ../clib/microlib/init/entry.s            0x00000000   Number         0  entry7b.o ABSOLUTE
    ../clib/microlib/init/entry.s            0x00000000   Number         0  entry7a.o ABSOLUTE
    ../clib/microlib/init/entry.s            0x00000000   Number         0  entry2.o ABSOLUTE
    ../clib/microlib/init/entry.s            0x00000000   Number         0  entry5.o ABSOLUTE
    ../clib/microlib/init/entry.s            0x00000000   Number         0  entry8a.o ABSOLUTE
    ../clib/microlib/init/entry.s            0x00000000   Number         0  entry11b.o ABSOLUTE
    ../clib/microlib/init/entry.s            0x00000000   Number         0  entry11a.o ABSOLUTE
    ../clib/microlib/init/entry.s            0x00000000   Number         0  entry10a.o ABSOLUTE
    ../clib/microlib/init/entry.s            0x00000000   Number         0  entry9b.o ABSOLUTE
    ../clib/microlib/longlong.c              0x00000000   Number         0  llushr.o ABSOLUTE
    ../clib/microlib/longlong.c              0x00000000   Number         0  llshl.o ABSOLUTE
    ../clib/microlib/longlong.c              0x00000000   Number         0  llsshr.o ABSOLUTE
    ../clib/microlib/malloc/calloc.c         0x00000000   Number         0  calloc.o ABSOLUTE
    ../clib/microlib/malloc/malloc.c         0x00000000   Number         0  malloca.o ABSOLUTE
    ../clib/microlib/malloc/malloc.c         0x00000000   Number         0  malloc.o ABSOLUTE
    ../clib/microlib/malloc/malloc.c         0x00000000   Number         0  mallocr.o ABSOLUTE
    ../clib/microlib/malloc/malloc.c         0x00000000   Number         0  mallocra.o ABSOLUTE
    ../clib/microlib/malloc/mvars.c          0x00000000   Number         0  mvars.o ABSOLUTE
    ../clib/microlib/printf/printf.c         0x00000000   Number         0  printfb.o ABSOLUTE
    ../clib/microlib/printf/printf.c         0x00000000   Number         0  printfa.o ABSOLUTE
    ../clib/microlib/printf/printf.c         0x00000000   Number         0  printf0.o ABSOLUTE
    ../clib/microlib/printf/printf.c         0x00000000   Number         0  printf3.o ABSOLUTE
    ../clib/microlib/printf/printf.c         0x00000000   Number         0  printf8.o ABSOLUTE
    ../clib/microlib/printf/printf.c         0x00000000   Number         0  printf1.o ABSOLUTE
    ../clib/microlib/printf/printf.c         0x00000000   Number         0  printf7.o ABSOLUTE
    ../clib/microlib/printf/printf.c         0x00000000   Number         0  printf6.o ABSOLUTE
    ../clib/microlib/printf/printf.c         0x00000000   Number         0  printf5.o ABSOLUTE
    ../clib/microlib/printf/printf.c         0x00000000   Number         0  printf2.o ABSOLUTE
    ../clib/microlib/printf/printf.c         0x00000000   Number         0  printf4.o ABSOLUTE
    ../clib/microlib/printf/stubs.s          0x00000000   Number         0  stubs.o ABSOLUTE
    ../clib/microlib/stdio/streams.c         0x00000000   Number         0  stdout.o ABSOLUTE
    ../clib/microlib/string/memcpy.c         0x00000000   Number         0  memcpyb.o ABSOLUTE
    ../clib/microlib/string/memcpy.c         0x00000000   Number         0  memcpya.o ABSOLUTE
    ../clib/microlib/string/memset.c         0x00000000   Number         0  memseta.o ABSOLUTE
    ../clib/microlib/stubs.s                 0x00000000   Number         0  iusefp.o ABSOLUTE
    ../fplib/microlib/fpadd.c                0x00000000   Number         0  dadd.o ABSOLUTE
    ../fplib/microlib/fpdiv.c                0x00000000   Number         0  ddiv.o ABSOLUTE
    ../fplib/microlib/fpepilogue.c           0x00000000   Number         0  depilogue.o ABSOLUTE
    ../fplib/microlib/fpfix.c                0x00000000   Number         0  dfixul.o ABSOLUTE
    ../fplib/microlib/fpmul.c                0x00000000   Number         0  dmul.o ABSOLUTE
    ..\..\STM32_Liyao_Frame\Frame\ComBuff.c  0x00000000   Number         0  combuff.o ABSOLUTE
    ..\..\STM32_Liyao_Frame\Frame\LOG.c      0x00000000   Number         0  log.o ABSOLUTE
    ..\..\STM32_Liyao_Frame\Frame\List.c     0x00000000   Number         0  list.o ABSOLUTE
    ..\..\STM32_Liyao_Frame\Frame\ProtocolFrame.c 0x00000000   Number         0  protocolframe.o ABSOLUTE
    ..\..\STM32_Liyao_Frame\Frame\Queue.c    0x00000000   Number         0  queue.o ABSOLUTE
    ..\..\STM32_Liyao_Frame\Frame\TaskTimeManager.c 0x00000000   Number         0  tasktimemanager.o ABSOLUTE
    ..\App\Protocol.c                        0x00000000   Number         0  protocol.o ABSOLUTE
    ..\App\ProtocolHandle.c                  0x00000000   Number         0  protocolhandle.o ABSOLUTE
    ..\Drivers\CMSIS\Device\ST\STM32F1xx\Source\Templates\system_stm32f1xx.c 0x00000000   Number         0  system_stm32f1xx.o ABSOLUTE
    ..\Drivers\STM32F1xx_HAL_Driver\Src\stm32f1xx_hal.c 0x00000000   Number         0  stm32f1xx_hal.o ABSOLUTE
    ..\Drivers\STM32F1xx_HAL_Driver\Src\stm32f1xx_hal_adc.c 0x00000000   Number         0  stm32f1xx_hal_adc.o ABSOLUTE
    ..\Drivers\STM32F1xx_HAL_Driver\Src\stm32f1xx_hal_adc_ex.c 0x00000000   Number         0  stm32f1xx_hal_adc_ex.o ABSOLUTE
    ..\Drivers\STM32F1xx_HAL_Driver\Src\stm32f1xx_hal_cortex.c 0x00000000   Number         0  stm32f1xx_hal_cortex.o ABSOLUTE
    ..\Drivers\STM32F1xx_HAL_Driver\Src\stm32f1xx_hal_dma.c 0x00000000   Number         0  stm32f1xx_hal_dma.o ABSOLUTE
    ..\Drivers\STM32F1xx_HAL_Driver\Src\stm32f1xx_hal_flash.c 0x00000000   Number         0  stm32f1xx_hal_flash.o ABSOLUTE
    ..\Drivers\STM32F1xx_HAL_Driver\Src\stm32f1xx_hal_flash_ex.c 0x00000000   Number         0  stm32f1xx_hal_flash_ex.o ABSOLUTE
    ..\Drivers\STM32F1xx_HAL_Driver\Src\stm32f1xx_hal_gpio.c 0x00000000   Number         0  stm32f1xx_hal_gpio.o ABSOLUTE
    ..\Drivers\STM32F1xx_HAL_Driver\Src\stm32f1xx_hal_gpio_ex.c 0x00000000   Number         0  stm32f1xx_hal_gpio_ex.o ABSOLUTE
    ..\Drivers\STM32F1xx_HAL_Driver\Src\stm32f1xx_hal_i2c.c 0x00000000   Number         0  stm32f1xx_hal_i2c.o ABSOLUTE
    ..\Drivers\STM32F1xx_HAL_Driver\Src\stm32f1xx_hal_pwr.c 0x00000000   Number         0  stm32f1xx_hal_pwr.o ABSOLUTE
    ..\Drivers\STM32F1xx_HAL_Driver\Src\stm32f1xx_hal_rcc.c 0x00000000   Number         0  stm32f1xx_hal_rcc.o ABSOLUTE
    ..\Drivers\STM32F1xx_HAL_Driver\Src\stm32f1xx_hal_rcc_ex.c 0x00000000   Number         0  stm32f1xx_hal_rcc_ex.o ABSOLUTE
    ..\Drivers\STM32F1xx_HAL_Driver\Src\stm32f1xx_hal_tim.c 0x00000000   Number         0  stm32f1xx_hal_tim.o ABSOLUTE
    ..\Drivers\STM32F1xx_HAL_Driver\Src\stm32f1xx_hal_tim_ex.c 0x00000000   Number         0  stm32f1xx_hal_tim_ex.o ABSOLUTE
    ..\Drivers\STM32F1xx_HAL_Driver\Src\stm32f1xx_hal_uart.c 0x00000000   Number         0  stm32f1xx_hal_uart.o ABSOLUTE
    ..\Src\adc.c                             0x00000000   Number         0  adc.o ABSOLUTE
    ..\Src\dma.c                             0x00000000   Number         0  dma.o ABSOLUTE
    ..\Src\gpio.c                            0x00000000   Number         0  gpio.o ABSOLUTE
    ..\Src\i2c.c                             0x00000000   Number         0  i2c.o ABSOLUTE
    ..\Src\main.c                            0x00000000   Number         0  main.o ABSOLUTE
    ..\Src\stm32f1xx_hal_msp.c               0x00000000   Number         0  stm32f1xx_hal_msp.o ABSOLUTE
    ..\Src\stm32f1xx_it.c                    0x00000000   Number         0  stm32f1xx_it.o ABSOLUTE
    ..\Src\usart.c                           0x00000000   Number         0  usart.o ABSOLUTE
    ..\\..\\STM32_Liyao_Frame\\Frame\\ComBuff.c 0x00000000   Number         0  combuff.o ABSOLUTE
    ..\\..\\STM32_Liyao_Frame\\Frame\\LOG.c  0x00000000   Number         0  log.o ABSOLUTE
    ..\\..\\STM32_Liyao_Frame\\Frame\\List.c 0x00000000   Number         0  list.o ABSOLUTE
    ..\\..\\STM32_Liyao_Frame\\Frame\\ProtocolFrame.c 0x00000000   Number         0  protocolframe.o ABSOLUTE
    ..\\..\\STM32_Liyao_Frame\\Frame\\Queue.c 0x00000000   Number         0  queue.o ABSOLUTE
    ..\\..\\STM32_Liyao_Frame\\Frame\\TaskTimeManager.c 0x00000000   Number         0  tasktimemanager.o ABSOLUTE
    ..\\App\\Protocol.c                      0x00000000   Number         0  protocol.o ABSOLUTE
    ..\\App\\ProtocolHandle.c                0x00000000   Number         0  protocolhandle.o ABSOLUTE
    cdrcmple.s                               0x00000000   Number         0  cdrcmple.o ABSOLUTE
    dc.s                                     0x00000000   Number         0  dc.o ABSOLUTE
    handlers.s                               0x00000000   Number         0  handlers.o ABSOLUTE
    init.s                                   0x00000000   Number         0  init.o ABSOLUTE
    startup_stm32f103xe.s                    0x00000000   Number         0  startup_stm32f103xe.o ABSOLUTE
    RESET                                    0x08000000   Section      304  startup_stm32f103xe.o(RESET)
    .ARM.Collect$$$$00000000                 0x08000130   Section        0  entry.o(.ARM.Collect$$$$00000000)
    .ARM.Collect$$$$00000001                 0x08000130   Section        4  entry2.o(.ARM.Collect$$$$00000001)
    .ARM.Collect$$$$00000004                 0x08000134   Section        4  entry5.o(.ARM.Collect$$$$00000004)
    .ARM.Collect$$$$00000008                 0x08000138   Section        0  entry7b.o(.ARM.Collect$$$$00000008)
    .ARM.Collect$$$$0000000A                 0x08000138   Section        0  entry8b.o(.ARM.Collect$$$$0000000A)
    .ARM.Collect$$$$0000000B                 0x08000138   Section        8  entry9a.o(.ARM.Collect$$$$0000000B)
    .ARM.Collect$$$$0000000D                 0x08000140   Section        0  entry10a.o(.ARM.Collect$$$$0000000D)
    .ARM.Collect$$$$0000000F                 0x08000140   Section        0  entry11a.o(.ARM.Collect$$$$0000000F)
    .ARM.Collect$$$$00002712                 0x08000140   Section        4  entry2.o(.ARM.Collect$$$$00002712)
    __lit__00000000                          0x08000140   Data           4  entry2.o(.ARM.Collect$$$$00002712)
    .text                                    0x08000144   Section       36  startup_stm32f103xe.o(.text)
    .text                                    0x08000168   Section        0  memcpya.o(.text)
    .text                                    0x0800018c   Section        0  memseta.o(.text)
    .text                                    0x080001b0   Section        0  uidiv.o(.text)
    .text                                    0x080001dc   Section       36  init.o(.text)
    i.ADC1_2_IRQHandler                      0x08000200   Section        0  stm32f1xx_it.o(i.ADC1_2_IRQHandler)
    i.ADC_ConversionStop_Disable             0x0800020c   Section        0  stm32f1xx_hal_adc.o(i.ADC_ConversionStop_Disable)
    i.ADC_Enable                             0x08000258   Section        0  stm32f1xx_hal_adc.o(i.ADC_Enable)
    i.BusFault_Handler                       0x080002c8   Section        0  stm32f1xx_it.o(i.BusFault_Handler)
    i.ComBuff_Init                           0x080002cc   Section        0  combuff.o(i.ComBuff_Init)
    i.DMA1_Channel4_IRQHandler               0x08000310   Section        0  stm32f1xx_it.o(i.DMA1_Channel4_IRQHandler)
    i.DMA1_Channel5_IRQHandler               0x0800031c   Section        0  stm32f1xx_it.o(i.DMA1_Channel5_IRQHandler)
    i.DMA_Receiver_Init                      0x08000328   Section        0  combuff.o(i.DMA_Receiver_Init)
    i.DMA_SetConfig                          0x080003a8   Section        0  stm32f1xx_hal_dma.o(i.DMA_SetConfig)
    DMA_SetConfig                            0x080003a9   Thumb Code    30  stm32f1xx_hal_dma.o(i.DMA_SetConfig)
    i.DebugMon_Handler                       0x080003c6   Section        0  stm32f1xx_it.o(i.DebugMon_Handler)
    i.Error_Handler                          0x080003c8   Section        0  main.o(i.Error_Handler)
    i.FetchProtocols                         0x080003e8   Section        0  protocolframe.o(i.FetchProtocols)
    i.HAL_ADCEx_InjectedConfigChannel        0x080003f8   Section        0  stm32f1xx_hal_adc_ex.o(i.HAL_ADCEx_InjectedConfigChannel)
    i.HAL_ADCEx_InjectedConvCpltCallback     0x08000644   Section        0  stm32f1xx_hal_adc_ex.o(i.HAL_ADCEx_InjectedConvCpltCallback)
    i.HAL_ADC_ConfigChannel                  0x08000648   Section        0  stm32f1xx_hal_adc.o(i.HAL_ADC_ConfigChannel)
    i.HAL_ADC_ConvCpltCallback               0x080007b0   Section        0  main.o(i.HAL_ADC_ConvCpltCallback)
    i.HAL_ADC_GetValue                       0x080007d8   Section        0  stm32f1xx_hal_adc.o(i.HAL_ADC_GetValue)
    i.HAL_ADC_IRQHandler                     0x080007de   Section        0  stm32f1xx_hal_adc.o(i.HAL_ADC_IRQHandler)
    i.HAL_ADC_Init                           0x080008c4   Section        0  stm32f1xx_hal_adc.o(i.HAL_ADC_Init)
    i.HAL_ADC_LevelOutOfWindowCallback       0x08000a0c   Section        0  stm32f1xx_hal_adc.o(i.HAL_ADC_LevelOutOfWindowCallback)
    i.HAL_ADC_MspInit                        0x08000a10   Section        0  adc.o(i.HAL_ADC_MspInit)
    i.HAL_ADC_Start_IT                       0x08000a80   Section        0  stm32f1xx_hal_adc.o(i.HAL_ADC_Start_IT)
    i.HAL_ADC_Stop_IT                        0x08000b4c   Section        0  stm32f1xx_hal_adc.o(i.HAL_ADC_Stop_IT)
    i.HAL_DMA_IRQHandler                     0x08000b8c   Section        0  stm32f1xx_hal_dma.o(i.HAL_DMA_IRQHandler)
    i.HAL_DMA_Init                           0x08001044   Section        0  stm32f1xx_hal_dma.o(i.HAL_DMA_Init)
    i.HAL_DMA_Start_IT                       0x08001094   Section        0  stm32f1xx_hal_dma.o(i.HAL_DMA_Start_IT)
    i.HAL_Delay                              0x080010ec   Section        0  stm32f1xx_hal.o(i.HAL_Delay)
    i.HAL_GPIO_Init                          0x08001104   Section        0  stm32f1xx_hal_gpio.o(i.HAL_GPIO_Init)
    i.HAL_GetTick                            0x080012ec   Section        0  stm32f1xx_hal.o(i.HAL_GetTick)
    i.HAL_I2C_ER_IRQHandler                  0x080012f8   Section        0  stm32f1xx_hal_i2c.o(i.HAL_I2C_ER_IRQHandler)
    i.HAL_I2C_EV_IRQHandler                  0x080013f2   Section        0  stm32f1xx_hal_i2c.o(i.HAL_I2C_EV_IRQHandler)
    i.HAL_I2C_ErrorCallback                  0x0800157a   Section        0  stm32f1xx_hal_i2c.o(i.HAL_I2C_ErrorCallback)
    i.HAL_I2C_Init                           0x0800157c   Section        0  stm32f1xx_hal_i2c.o(i.HAL_I2C_Init)
    i.HAL_I2C_MasterRxCpltCallback           0x0800165c   Section        0  stm32f1xx_hal_i2c.o(i.HAL_I2C_MasterRxCpltCallback)
    i.HAL_I2C_MasterTxCpltCallback           0x0800165e   Section        0  stm32f1xx_hal_i2c.o(i.HAL_I2C_MasterTxCpltCallback)
    i.HAL_I2C_MemRxCpltCallback              0x08001660   Section        0  stm32f1xx_hal_i2c.o(i.HAL_I2C_MemRxCpltCallback)
    i.HAL_I2C_MemTxCpltCallback              0x08001662   Section        0  stm32f1xx_hal_i2c.o(i.HAL_I2C_MemTxCpltCallback)
    i.HAL_I2C_MspInit                        0x08001664   Section        0  i2c.o(i.HAL_I2C_MspInit)
    i.HAL_I2C_SlaveRxCpltCallback            0x080016c8   Section        0  stm32f1xx_hal_i2c.o(i.HAL_I2C_SlaveRxCpltCallback)
    i.HAL_I2C_SlaveTxCpltCallback            0x080016ca   Section        0  stm32f1xx_hal_i2c.o(i.HAL_I2C_SlaveTxCpltCallback)
    i.HAL_IncTick                            0x080016cc   Section        0  stm32f1xx_hal.o(i.HAL_IncTick)
    i.HAL_Init                               0x080016dc   Section        0  stm32f1xx_hal.o(i.HAL_Init)
    i.HAL_InitTick                           0x08001700   Section        0  stm32f1xx_hal.o(i.HAL_InitTick)
    i.HAL_MspInit                            0x08001724   Section        0  stm32f1xx_hal_msp.o(i.HAL_MspInit)
    i.HAL_NVIC_EnableIRQ                     0x080017a0   Section        0  stm32f1xx_hal_cortex.o(i.HAL_NVIC_EnableIRQ)
    i.HAL_NVIC_SetPriority                   0x080017b8   Section        0  stm32f1xx_hal_cortex.o(i.HAL_NVIC_SetPriority)
    i.HAL_NVIC_SetPriorityGrouping           0x080017f8   Section        0  stm32f1xx_hal_cortex.o(i.HAL_NVIC_SetPriorityGrouping)
    i.HAL_RCCEx_PeriphCLKConfig              0x0800181c   Section        0  stm32f1xx_hal_rcc_ex.o(i.HAL_RCCEx_PeriphCLKConfig)
    i.HAL_RCC_ClockConfig                    0x08001948   Section        0  stm32f1xx_hal_rcc.o(i.HAL_RCC_ClockConfig)
    i.HAL_RCC_GetHCLKFreq                    0x08001ad0   Section        0  stm32f1xx_hal_rcc.o(i.HAL_RCC_GetHCLKFreq)
    i.HAL_RCC_GetPCLK1Freq                   0x08001adc   Section        0  stm32f1xx_hal_rcc.o(i.HAL_RCC_GetPCLK1Freq)
    i.HAL_RCC_GetPCLK2Freq                   0x08001b0c   Section        0  stm32f1xx_hal_rcc.o(i.HAL_RCC_GetPCLK2Freq)
    i.HAL_RCC_GetSysClockFreq                0x08001b3c   Section        0  stm32f1xx_hal_rcc.o(i.HAL_RCC_GetSysClockFreq)
    i.HAL_RCC_OscConfig                      0x08001bc4   Section        0  stm32f1xx_hal_rcc.o(i.HAL_RCC_OscConfig)
    i.HAL_SYSTICK_CLKSourceConfig            0x08002142   Section        0  stm32f1xx_hal_cortex.o(i.HAL_SYSTICK_CLKSourceConfig)
    i.HAL_SYSTICK_Callback                   0x0800215c   Section        0  tasktimemanager.o(i.HAL_SYSTICK_Callback)
    i.HAL_SYSTICK_Config                     0x080021ac   Section        0  stm32f1xx_hal_cortex.o(i.HAL_SYSTICK_Config)
    i.HAL_SYSTICK_IRQHandler                 0x080021d4   Section        0  stm32f1xx_hal_cortex.o(i.HAL_SYSTICK_IRQHandler)
    i.HAL_UART_ErrorCallback                 0x080021dc   Section        0  stm32f1xx_hal_uart.o(i.HAL_UART_ErrorCallback)
    i.HAL_UART_IRQHandler                    0x080021e0   Section        0  stm32f1xx_hal_uart.o(i.HAL_UART_IRQHandler)
    i.HAL_UART_Init                          0x080022ba   Section        0  stm32f1xx_hal_uart.o(i.HAL_UART_Init)
    i.HAL_UART_MspInit                       0x08002318   Section        0  usart.o(i.HAL_UART_MspInit)
    i.HAL_UART_Receive_DMA                   0x080023dc   Section        0  stm32f1xx_hal_uart.o(i.HAL_UART_Receive_DMA)
    i.HAL_UART_RxCpltCallback                0x08002464   Section        0  combuff.o(i.HAL_UART_RxCpltCallback)
    i.HAL_UART_RxHalfCpltCallback            0x080024b8   Section        0  stm32f1xx_hal_uart.o(i.HAL_UART_RxHalfCpltCallback)
    i.HAL_UART_Transmit                      0x080024bc   Section        0  stm32f1xx_hal_uart.o(i.HAL_UART_Transmit)
    i.HAL_UART_Transmit_DMA                  0x08002588   Section        0  stm32f1xx_hal_uart.o(i.HAL_UART_Transmit_DMA)
    i.HAL_UART_TxCpltCallback                0x08002618   Section        0  combuff.o(i.HAL_UART_TxCpltCallback)
    i.HAL_UART_TxHalfCpltCallback            0x08002630   Section        0  stm32f1xx_hal_uart.o(i.HAL_UART_TxHalfCpltCallback)
    i.HardFault_Handler                      0x08002632   Section        0  stm32f1xx_it.o(i.HardFault_Handler)
    i.Heap_Use                               0x08002634   Section        0  protocolhandle.o(i.Heap_Use)
    i.HeartBeat_P_Handle                     0x08002648   Section        0  protocolhandle.o(i.HeartBeat_P_Handle)
    i.I2C1_ER_IRQHandler                     0x08002664   Section        0  stm32f1xx_it.o(i.I2C1_ER_IRQHandler)
    i.I2C1_EV_IRQHandler                     0x08002670   Section        0  stm32f1xx_it.o(i.I2C1_EV_IRQHandler)
    i.I2C_MasterReceive_BTF                  0x0800267c   Section        0  stm32f1xx_hal_i2c.o(i.I2C_MasterReceive_BTF)
    I2C_MasterReceive_BTF                    0x0800267d   Thumb Code   128  stm32f1xx_hal_i2c.o(i.I2C_MasterReceive_BTF)
    i.I2C_MasterReceive_RXNE                 0x080026fc   Section        0  stm32f1xx_hal_i2c.o(i.I2C_MasterReceive_RXNE)
    I2C_MasterReceive_RXNE                   0x080026fd   Thumb Code   100  stm32f1xx_hal_i2c.o(i.I2C_MasterReceive_RXNE)
    i.LED_TEST                               0x08002760   Section        0  main.o(i.LED_TEST)
    i.List_Add                               0x08002794   Section        0  list.o(i.List_Add)
    i.List_Init                              0x08002838   Section        0  list.o(i.List_Init)
    i.Log_Init                               0x0800287c   Section        0  log.o(i.Log_Init)
    i.MX_ADC1_Init                           0x0800289c   Section        0  adc.o(i.MX_ADC1_Init)
    i.MX_DMA_Init                            0x0800294c   Section        0  dma.o(i.MX_DMA_Init)
    i.MX_GPIO_Init                           0x08002988   Section        0  gpio.o(i.MX_GPIO_Init)
    i.MX_I2C1_Init                           0x080029d4   Section        0  i2c.o(i.MX_I2C1_Init)
    i.MX_USART1_UART_Init                    0x08002a14   Section        0  usart.o(i.MX_USART1_UART_Init)
    i.MemManage_Handler                      0x08002a4c   Section        0  stm32f1xx_it.o(i.MemManage_Handler)
    i.NMI_Handler                            0x08002a4e   Section        0  stm32f1xx_it.o(i.NMI_Handler)
    i.NVIC_SetPriority                       0x08002a50   Section        0  stm32f1xx_hal_cortex.o(i.NVIC_SetPriority)
    NVIC_SetPriority                         0x08002a51   Thumb Code    32  stm32f1xx_hal_cortex.o(i.NVIC_SetPriority)
    i.PaddingProtocol                        0x08002a70   Section        0  combuff.o(i.PaddingProtocol)
    i.PendSV_Handler                         0x08002aa8   Section        0  stm32f1xx_it.o(i.PendSV_Handler)
    i.ProtocolFrame_Init                     0x08002aac   Section        0  protocolframe.o(i.ProtocolFrame_Init)
    i.Protocol_Init                          0x08002af0   Section        0  protocol.o(i.Protocol_Init)
    i.Protocol_Register                      0x08002b70   Section        0  protocolframe.o(i.Protocol_Register)
    i.Queue_Link_Get                         0x08002bac   Section        0  queue.o(i.Queue_Link_Get)
    i.Queue_Link_Init                        0x08002be0   Section        0  queue.o(i.Queue_Link_Init)
    i.Queue_Link_OutSize                     0x08002c24   Section        0  queue.o(i.Queue_Link_OutSize)
    i.Queue_Link_Put                         0x08002c30   Section        0  queue.o(i.Queue_Link_Put)
    i.SVC_Handler                            0x08002cd8   Section        0  stm32f1xx_it.o(i.SVC_Handler)
    i.Send                                   0x08002cda   Section        0  protocol.o(i.Send)
    i.SenderKeepTransmit                     0x08002cdc   Section        0  combuff.o(i.SenderKeepTransmit)
    i.SysTick_Handler                        0x08002ce8   Section        0  stm32f1xx_it.o(i.SysTick_Handler)
    i.SystemClock_Config                     0x08002cf6   Section        0  main.o(i.SystemClock_Config)
    i.SystemInit                             0x08002d6c   Section        0  system_stm32f1xx.o(i.SystemInit)
    i.TaskTime_Add                           0x08002db4   Section        0  tasktimemanager.o(i.TaskTime_Add)
    i.TaskTime_Check_ID                      0x08002eac   Section        0  tasktimemanager.o(i.TaskTime_Check_ID)
    i.TaskTime_Init                          0x08002ebc   Section        0  tasktimemanager.o(i.TaskTime_Init)
    i.TaskTime_Run                           0x08002ef4   Section        0  tasktimemanager.o(i.TaskTime_Run)
    i.UART_DMAError                          0x08002f30   Section        0  stm32f1xx_hal_uart.o(i.UART_DMAError)
    UART_DMAError                            0x08002f31   Thumb Code    30  stm32f1xx_hal_uart.o(i.UART_DMAError)
    i.UART_DMAReceiveCplt                    0x08002f50   Section        0  stm32f1xx_hal_uart.o(i.UART_DMAReceiveCplt)
    UART_DMAReceiveCplt                      0x08002f51   Thumb Code    54  stm32f1xx_hal_uart.o(i.UART_DMAReceiveCplt)
    i.UART_DMARxHalfCplt                     0x08002f86   Section        0  stm32f1xx_hal_uart.o(i.UART_DMARxHalfCplt)
    UART_DMARxHalfCplt                       0x08002f87   Thumb Code    10  stm32f1xx_hal_uart.o(i.UART_DMARxHalfCplt)
    i.UART_DMATransmitCplt                   0x08002f90   Section        0  stm32f1xx_hal_uart.o(i.UART_DMATransmitCplt)
    UART_DMATransmitCplt                     0x08002f91   Thumb Code    46  stm32f1xx_hal_uart.o(i.UART_DMATransmitCplt)
    i.UART_DMATxHalfCplt                     0x08002fbe   Section        0  stm32f1xx_hal_uart.o(i.UART_DMATxHalfCplt)
    UART_DMATxHalfCplt                       0x08002fbf   Thumb Code    10  stm32f1xx_hal_uart.o(i.UART_DMATxHalfCplt)
    i.UART_Receive_IT                        0x08002fc8   Section        0  stm32f1xx_hal_uart.o(i.UART_Receive_IT)
    UART_Receive_IT                          0x08002fc9   Thumb Code   168  stm32f1xx_hal_uart.o(i.UART_Receive_IT)
    i.UART_SetConfig                         0x08003070   Section        0  stm32f1xx_hal_uart.o(i.UART_SetConfig)
    UART_SetConfig                           0x08003071   Thumb Code   364  stm32f1xx_hal_uart.o(i.UART_SetConfig)
    i.UART_Transmit_IT                       0x080031e0   Section        0  stm32f1xx_hal_uart.o(i.UART_Transmit_IT)
    UART_Transmit_IT                         0x080031e1   Thumb Code   102  stm32f1xx_hal_uart.o(i.UART_Transmit_IT)
    i.UART_WaitOnFlagUntilTimeout            0x08003246   Section        0  stm32f1xx_hal_uart.o(i.UART_WaitOnFlagUntilTimeout)
    UART_WaitOnFlagUntilTimeout              0x08003247   Thumb Code   146  stm32f1xx_hal_uart.o(i.UART_WaitOnFlagUntilTimeout)
    i.USART1_IRQHandler                      0x080032d8   Section        0  stm32f1xx_it.o(i.USART1_IRQHandler)
    i.UsageFault_Handler                     0x080032e4   Section        0  stm32f1xx_it.o(i.UsageFault_Handler)
    i._Fetch_Protocol                        0x080032e8   Section        0  protocolframe.o(i._Fetch_Protocol)
    _Fetch_Protocol                          0x080032e9   Thumb Code    70  protocolframe.o(i._Fetch_Protocol)
    i._KeepTransmit                          0x08003364   Section        0  combuff.o(i._KeepTransmit)
    _KeepTransmit                            0x08003365   Thumb Code    80  combuff.o(i._KeepTransmit)
    i._Protocol_Put                          0x080033cc   Section        0  protocolframe.o(i._Protocol_Put)
    _Protocol_Put                            0x080033cd   Thumb Code   364  protocolframe.o(i._Protocol_Put)
    i._Read                                  0x08003584   Section        0  combuff.o(i._Read)
    _Read                                    0x08003585   Thumb Code   146  combuff.o(i._Read)
    i._ReadByte                              0x0800362c   Section        0  combuff.o(i._ReadByte)
    _ReadByte                                0x0800362d   Thumb Code    98  combuff.o(i._ReadByte)
    i._ReadTo                                0x080036a4   Section        0  combuff.o(i._ReadTo)
    _ReadTo                                  0x080036a5   Thumb Code   158  combuff.o(i._ReadTo)
    i._TaskTime_Remove                       0x08003778   Section        0  tasktimemanager.o(i._TaskTime_Remove)
    _TaskTime_Remove                         0x08003779   Thumb Code   110  tasktimemanager.o(i._TaskTime_Remove)
    i._Write                                 0x080037f0   Section        0  combuff.o(i._Write)
    _Write                                   0x080037f1   Thumb Code   148  combuff.o(i._Write)
    i._WriteByte                             0x080038b0   Section        0  combuff.o(i._WriteByte)
    _WriteByte                               0x080038b1   Thumb Code    58  combuff.o(i._WriteByte)
    i.__0printf$3                            0x08003904   Section        0  printf3.o(i.__0printf$3)
    i.__scatterload_copy                     0x08003924   Section       14  handlers.o(i.__scatterload_copy)
    i.__scatterload_null                     0x08003932   Section        2  handlers.o(i.__scatterload_null)
    i.__scatterload_zeroinit                 0x08003934   Section       14  handlers.o(i.__scatterload_zeroinit)
    i._clean_recv_buf                        0x08003942   Section        0  protocolframe.o(i._clean_recv_buf)
    _clean_recv_buf                          0x08003943   Thumb Code    36  protocolframe.o(i._clean_recv_buf)
    i._error                                 0x08003968   Section        0  log.o(i._error)
    _error                                   0x08003969   Thumb Code     8  log.o(i._error)
    i._info                                  0x08003980   Section        0  log.o(i._info)
    _info                                    0x08003981   Thumb Code     8  log.o(i._info)
    i._printf_core                           0x08003998   Section        0  printf3.o(i._printf_core)
    _printf_core                             0x08003999   Thumb Code   436  printf3.o(i._printf_core)
    i._warning                               0x08003b50   Section        0  log.o(i._warning)
    _warning                                 0x08003b51   Thumb Code     8  log.o(i._warning)
    i.fputc                                  0x08003b68   Section        0  combuff.o(i.fputc)
    i.free                                   0x08003b84   Section        0  malloc.o(i.free)
    i.main                                   0x08003bd4   Section        0  main.o(i.main)
    i.malloc                                 0x08003c68   Section        0  malloc.o(i.malloc)
    .constdata                               0x08003cd4   Section       50  combuff.o(.constdata)
    __FUNCTION__                             0x08003cd4   Data           7  combuff.o(.constdata)
    __FUNCTION__                             0x08003cdb   Data          18  combuff.o(.constdata)
    __FUNCTION__                             0x08003ced   Data          11  combuff.o(.constdata)
    __FUNCTION__                             0x08003cf8   Data          14  combuff.o(.constdata)
    .constdata                               0x08003d06   Section       33  list.o(.constdata)
    __FUNCTION__                             0x08003d06   Data          10  list.o(.constdata)
    __FUNCTION__                             0x08003d10   Data           9  list.o(.constdata)
    __FUNCTION__                             0x08003d19   Data          14  list.o(.constdata)
    .constdata                               0x08003d27   Section       28  protocolframe.o(.constdata)
    __FUNCTION__                             0x08003d27   Data          14  protocolframe.o(.constdata)
    __FUNCTION__                             0x08003d35   Data          14  protocolframe.o(.constdata)
    .constdata                               0x08003d43   Section       31  queue.o(.constdata)
    __FUNCTION__                             0x08003d43   Data          16  queue.o(.constdata)
    __FUNCTION__                             0x08003d53   Data          15  queue.o(.constdata)
    .constdata                               0x08003d62   Section       13  tasktimemanager.o(.constdata)
    __FUNCTION__                             0x08003d62   Data          13  tasktimemanager.o(.constdata)
    .constdata                               0x08003d6f   Section       16  system_stm32f1xx.o(.constdata)
    .constdata                               0x08003d7f   Section        8  system_stm32f1xx.o(.constdata)
    .data                                    0x20000000   Section        1  main.o(.data)
    seq                                      0x20000000   Data           1  main.o(.data)
    .data                                    0x20000004   Section       16  protocolframe.o(.data)
    .data                                    0x20000014   Section       20  tasktimemanager.o(.data)
    seq                                      0x20000014   Data           2  tasktimemanager.o(.data)
    tmpTaskTime                              0x2000001c   Data           4  tasktimemanager.o(.data)
    prevTaskTime                             0x20000020   Data           4  tasktimemanager.o(.data)
    nextTaskTime                             0x20000024   Data           4  tasktimemanager.o(.data)
    .data                                    0x20000028   Section        1  tasktimemanager.o(.data)
    .data                                    0x2000002c   Section        4  stm32f1xx_hal.o(.data)
    uwTick                                   0x2000002c   Data           4  stm32f1xx_hal.o(.data)
    .data                                    0x20000030   Section        4  system_stm32f1xx.o(.data)
    .data                                    0x20000034   Section        4  stdout.o(.data)
    .data                                    0x20000038   Section        4  mvars.o(.data)
    .data                                    0x2000003c   Section        4  mvars.o(.data)
    .bss                                     0x20000040   Section      176  usart.o(.bss)
    .bss                                     0x200000f0   Section       60  i2c.o(.bss)
    .bss                                     0x2000012c   Section       48  adc.o(.bss)
    .bss                                     0x2000015c   Section       76  combuff.o(.bss)
    .bss                                     0x200001a8   Section     4012  log.o(.bss)
    .bss                                     0x20001154   Section      148  protocolframe.o(.bss)
    .bss                                     0x200011e8   Section       36  tasktimemanager.o(.bss)
    HEAP                                     0x20001210   Section     4096  startup_stm32f103xe.o(HEAP)
    STACK                                    0x20002210   Section     1024  startup_stm32f103xe.o(STACK)

    Global Symbols

    Symbol Name                              Value     Ov Type        Size  Object(Section)

    BuildAttributes$$THM_ISAv4$P$D$K$B$S$PE$A:L22UL41UL21$X:L11$S22US41US21$IEEE1$IW$USESV6$~STKCKD$USESV7$~SHL$OSPACE$ROPI$EBA8$MICROLIB$REQ8$PRES8$EABIv2 0x00000000   Number         0  anon$$obj.o ABSOLUTE
    __ARM_use_no_argv                        0x00000000   Number         0  main.o ABSOLUTE
    _printf_a                                0x00000000   Number         0  stubs.o ABSOLUTE
    _printf_c                                0x00000000   Number         0  stubs.o ABSOLUTE
    _printf_charcount                        0x00000000   Number         0  stubs.o ABSOLUTE
    _printf_d                                0x00000000   Number         0  stubs.o ABSOLUTE
    _printf_e                                0x00000000   Number         0  stubs.o ABSOLUTE
    _printf_f                                0x00000000   Number         0  stubs.o ABSOLUTE
    _printf_flags                            0x00000000   Number         0  stubs.o ABSOLUTE
    _printf_fp_dec                           0x00000000   Number         0  stubs.o ABSOLUTE
    _printf_fp_hex                           0x00000000   Number         0  stubs.o ABSOLUTE
    _printf_g                                0x00000000   Number         0  stubs.o ABSOLUTE
    _printf_i                                0x00000000   Number         0  stubs.o ABSOLUTE
    _printf_int_dec                          0x00000000   Number         0  stubs.o ABSOLUTE
    _printf_l                                0x00000000   Number         0  stubs.o ABSOLUTE
    _printf_lc                               0x00000000   Number         0  stubs.o ABSOLUTE
    _printf_ll                               0x00000000   Number         0  stubs.o ABSOLUTE
    _printf_lld                              0x00000000   Number         0  stubs.o ABSOLUTE
    _printf_lli                              0x00000000   Number         0  stubs.o ABSOLUTE
    _printf_llo                              0x00000000   Number         0  stubs.o ABSOLUTE
    _printf_llu                              0x00000000   Number         0  stubs.o ABSOLUTE
    _printf_llx                              0x00000000   Number         0  stubs.o ABSOLUTE
    _printf_longlong_dec                     0x00000000   Number         0  stubs.o ABSOLUTE
    _printf_longlong_hex                     0x00000000   Number         0  stubs.o ABSOLUTE
    _printf_longlong_oct                     0x00000000   Number         0  stubs.o ABSOLUTE
    _printf_ls                               0x00000000   Number         0  stubs.o ABSOLUTE
    _printf_mbtowc                           0x00000000   Number         0  stubs.o ABSOLUTE
    _printf_n                                0x00000000   Number         0  stubs.o ABSOLUTE
    _printf_o                                0x00000000   Number         0  stubs.o ABSOLUTE
    _printf_p                                0x00000000   Number         0  stubs.o ABSOLUTE
    _printf_percent                          0x00000000   Number         0  stubs.o ABSOLUTE
    _printf_pre_padding                      0x00000000   Number         0  stubs.o ABSOLUTE
    _printf_return_value                     0x00000000   Number         0  stubs.o ABSOLUTE
    _printf_s                                0x00000000   Number         0  stubs.o ABSOLUTE
    _printf_sizespec                         0x00000000   Number         0  stubs.o ABSOLUTE
    _printf_str                              0x00000000   Number         0  stubs.o ABSOLUTE
    _printf_truncate_signed                  0x00000000   Number         0  stubs.o ABSOLUTE
    _printf_truncate_unsigned                0x00000000   Number         0  stubs.o ABSOLUTE
    _printf_u                                0x00000000   Number         0  stubs.o ABSOLUTE
    _printf_wc                               0x00000000   Number         0  stubs.o ABSOLUTE
    _printf_wctomb                           0x00000000   Number         0  stubs.o ABSOLUTE
    _printf_widthprec                        0x00000000   Number         0  stubs.o ABSOLUTE
    _printf_x                                0x00000000   Number         0  stubs.o ABSOLUTE
    __cpp_initialize__aeabi_                  - Undefined Weak Reference
    __cxa_finalize                            - Undefined Weak Reference
    __decompress                              - Undefined Weak Reference
    _clock_init                               - Undefined Weak Reference
    _microlib_exit                            - Undefined Weak Reference
    __Vectors_Size                           0x00000130   Number         0  startup_stm32f103xe.o ABSOLUTE
    __Vectors                                0x08000000   Data           4  startup_stm32f103xe.o(RESET)
    __Vectors_End                            0x08000130   Data           0  startup_stm32f103xe.o(RESET)
    __main                                   0x08000131   Thumb Code     0  entry.o(.ARM.Collect$$$$00000000)
    _main_stk                                0x08000131   Thumb Code     0  entry2.o(.ARM.Collect$$$$00000001)
    _main_scatterload                        0x08000135   Thumb Code     0  entry5.o(.ARM.Collect$$$$00000004)
    __main_after_scatterload                 0x08000139   Thumb Code     0  entry5.o(.ARM.Collect$$$$00000004)
    _main_clock                              0x08000139   Thumb Code     0  entry7b.o(.ARM.Collect$$$$00000008)
    _main_cpp_init                           0x08000139   Thumb Code     0  entry8b.o(.ARM.Collect$$$$0000000A)
    _main_init                               0x08000139   Thumb Code     0  entry9a.o(.ARM.Collect$$$$0000000B)
    __rt_final_cpp                           0x08000141   Thumb Code     0  entry10a.o(.ARM.Collect$$$$0000000D)
    __rt_final_exit                          0x08000141   Thumb Code     0  entry11a.o(.ARM.Collect$$$$0000000F)
    Reset_Handler                            0x08000145   Thumb Code     8  startup_stm32f103xe.o(.text)
    ADC3_IRQHandler                          0x0800015f   Thumb Code     0  startup_stm32f103xe.o(.text)
    CAN1_RX1_IRQHandler                      0x0800015f   Thumb Code     0  startup_stm32f103xe.o(.text)
    CAN1_SCE_IRQHandler                      0x0800015f   Thumb Code     0  startup_stm32f103xe.o(.text)
    DMA1_Channel1_IRQHandler                 0x0800015f   Thumb Code     0  startup_stm32f103xe.o(.text)
    DMA1_Channel2_IRQHandler                 0x0800015f   Thumb Code     0  startup_stm32f103xe.o(.text)
    DMA1_Channel3_IRQHandler                 0x0800015f   Thumb Code     0  startup_stm32f103xe.o(.text)
    DMA1_Channel6_IRQHandler                 0x0800015f   Thumb Code     0  startup_stm32f103xe.o(.text)
    DMA1_Channel7_IRQHandler                 0x0800015f   Thumb Code     0  startup_stm32f103xe.o(.text)
    DMA2_Channel1_IRQHandler                 0x0800015f   Thumb Code     0  startup_stm32f103xe.o(.text)
    DMA2_Channel2_IRQHandler                 0x0800015f   Thumb Code     0  startup_stm32f103xe.o(.text)
    DMA2_Channel3_IRQHandler                 0x0800015f   Thumb Code     0  startup_stm32f103xe.o(.text)
    DMA2_Channel4_5_IRQHandler               0x0800015f   Thumb Code     0  startup_stm32f103xe.o(.text)
    EXTI0_IRQHandler                         0x0800015f   Thumb Code     0  startup_stm32f103xe.o(.text)
    EXTI15_10_IRQHandler                     0x0800015f   Thumb Code     0  startup_stm32f103xe.o(.text)
    EXTI1_IRQHandler                         0x0800015f   Thumb Code     0  startup_stm32f103xe.o(.text)
    EXTI2_IRQHandler                         0x0800015f   Thumb Code     0  startup_stm32f103xe.o(.text)
    EXTI3_IRQHandler                         0x0800015f   Thumb Code     0  startup_stm32f103xe.o(.text)
    EXTI4_IRQHandler                         0x0800015f   Thumb Code     0  startup_stm32f103xe.o(.text)
    EXTI9_5_IRQHandler                       0x0800015f   Thumb Code     0  startup_stm32f103xe.o(.text)
    FLASH_IRQHandler                         0x0800015f   Thumb Code     0  startup_stm32f103xe.o(.text)
    FSMC_IRQHandler                          0x0800015f   Thumb Code     0  startup_stm32f103xe.o(.text)
    I2C2_ER_IRQHandler                       0x0800015f   Thumb Code     0  startup_stm32f103xe.o(.text)
    I2C2_EV_IRQHandler                       0x0800015f   Thumb Code     0  startup_stm32f103xe.o(.text)
    PVD_IRQHandler                           0x0800015f   Thumb Code     0  startup_stm32f103xe.o(.text)
    RCC_IRQHandler                           0x0800015f   Thumb Code     0  startup_stm32f103xe.o(.text)
    RTC_Alarm_IRQHandler                     0x0800015f   Thumb Code     0  startup_stm32f103xe.o(.text)
    RTC_IRQHandler                           0x0800015f   Thumb Code     0  startup_stm32f103xe.o(.text)
    SDIO_IRQHandler                          0x0800015f   Thumb Code     0  startup_stm32f103xe.o(.text)
    SPI1_IRQHandler                          0x0800015f   Thumb Code     0  startup_stm32f103xe.o(.text)
    SPI2_IRQHandler                          0x0800015f   Thumb Code     0  startup_stm32f103xe.o(.text)
    SPI3_IRQHandler                          0x0800015f   Thumb Code     0  startup_stm32f103xe.o(.text)
    TAMPER_IRQHandler                        0x0800015f   Thumb Code     0  startup_stm32f103xe.o(.text)
    TIM1_BRK_IRQHandler                      0x0800015f   Thumb Code     0  startup_stm32f103xe.o(.text)
    TIM1_CC_IRQHandler                       0x0800015f   Thumb Code     0  startup_stm32f103xe.o(.text)
    TIM1_TRG_COM_IRQHandler                  0x0800015f   Thumb Code     0  startup_stm32f103xe.o(.text)
    TIM1_UP_IRQHandler                       0x0800015f   Thumb Code     0  startup_stm32f103xe.o(.text)
    TIM2_IRQHandler                          0x0800015f   Thumb Code     0  startup_stm32f103xe.o(.text)
    TIM3_IRQHandler                          0x0800015f   Thumb Code     0  startup_stm32f103xe.o(.text)
    TIM4_IRQHandler                          0x0800015f   Thumb Code     0  startup_stm32f103xe.o(.text)
    TIM5_IRQHandler                          0x0800015f   Thumb Code     0  startup_stm32f103xe.o(.text)
    TIM6_IRQHandler                          0x0800015f   Thumb Code     0  startup_stm32f103xe.o(.text)
    TIM7_IRQHandler                          0x0800015f   Thumb Code     0  startup_stm32f103xe.o(.text)
    TIM8_BRK_IRQHandler                      0x0800015f   Thumb Code     0  startup_stm32f103xe.o(.text)
    TIM8_CC_IRQHandler                       0x0800015f   Thumb Code     0  startup_stm32f103xe.o(.text)
    TIM8_TRG_COM_IRQHandler                  0x0800015f   Thumb Code     0  startup_stm32f103xe.o(.text)
    TIM8_UP_IRQHandler                       0x0800015f   Thumb Code     0  startup_stm32f103xe.o(.text)
    UART4_IRQHandler                         0x0800015f   Thumb Code     0  startup_stm32f103xe.o(.text)
    UART5_IRQHandler                         0x0800015f   Thumb Code     0  startup_stm32f103xe.o(.text)
    USART2_IRQHandler                        0x0800015f   Thumb Code     0  startup_stm32f103xe.o(.text)
    USART3_IRQHandler                        0x0800015f   Thumb Code     0  startup_stm32f103xe.o(.text)
    USBWakeUp_IRQHandler                     0x0800015f   Thumb Code     0  startup_stm32f103xe.o(.text)
    USB_HP_CAN1_TX_IRQHandler                0x0800015f   Thumb Code     0  startup_stm32f103xe.o(.text)
    USB_LP_CAN1_RX0_IRQHandler               0x0800015f   Thumb Code     0  startup_stm32f103xe.o(.text)
    WWDG_IRQHandler                          0x0800015f   Thumb Code     0  startup_stm32f103xe.o(.text)
    __aeabi_memcpy                           0x08000169   Thumb Code    36  memcpya.o(.text)
    __aeabi_memcpy4                          0x08000169   Thumb Code     0  memcpya.o(.text)
    __aeabi_memcpy8                          0x08000169   Thumb Code     0  memcpya.o(.text)
    __aeabi_memset                           0x0800018d   Thumb Code    14  memseta.o(.text)
    __aeabi_memset4                          0x0800018d   Thumb Code     0  memseta.o(.text)
    __aeabi_memset8                          0x0800018d   Thumb Code     0  memseta.o(.text)
    __aeabi_memclr                           0x0800019b   Thumb Code     4  memseta.o(.text)
    __aeabi_memclr4                          0x0800019b   Thumb Code     0  memseta.o(.text)
    __aeabi_memclr8                          0x0800019b   Thumb Code     0  memseta.o(.text)
    _memset$wrapper                          0x0800019f   Thumb Code    18  memseta.o(.text)
    __aeabi_uidiv                            0x080001b1   Thumb Code     0  uidiv.o(.text)
    __aeabi_uidivmod                         0x080001b1   Thumb Code    44  uidiv.o(.text)
    __scatterload                            0x080001dd   Thumb Code    28  init.o(.text)
    __scatterload_rt2                        0x080001dd   Thumb Code     0  init.o(.text)
    ADC1_2_IRQHandler                        0x08000201   Thumb Code     6  stm32f1xx_it.o(i.ADC1_2_IRQHandler)
    ADC_ConversionStop_Disable               0x0800020d   Thumb Code    76  stm32f1xx_hal_adc.o(i.ADC_ConversionStop_Disable)
    ADC_Enable                               0x08000259   Thumb Code   104  stm32f1xx_hal_adc.o(i.ADC_Enable)
    BusFault_Handler                         0x080002c9   Thumb Code     2  stm32f1xx_it.o(i.BusFault_Handler)
    ComBuff_Init                             0x080002cd   Thumb Code    46  combuff.o(i.ComBuff_Init)
    DMA1_Channel4_IRQHandler                 0x08000311   Thumb Code     6  stm32f1xx_it.o(i.DMA1_Channel4_IRQHandler)
    DMA1_Channel5_IRQHandler                 0x0800031d   Thumb Code     6  stm32f1xx_it.o(i.DMA1_Channel5_IRQHandler)
    DMA_Receiver_Init                        0x08000329   Thumb Code    92  combuff.o(i.DMA_Receiver_Init)
    DebugMon_Handler                         0x080003c7   Thumb Code     2  stm32f1xx_it.o(i.DebugMon_Handler)
    Error_Handler                            0x080003c9   Thumb Code    10  main.o(i.Error_Handler)
    FetchProtocols                           0x080003e9   Thumb Code    10  protocolframe.o(i.FetchProtocols)
    HAL_ADCEx_InjectedConfigChannel          0x080003f9   Thumb Code   572  stm32f1xx_hal_adc_ex.o(i.HAL_ADCEx_InjectedConfigChannel)
    HAL_ADCEx_InjectedConvCpltCallback       0x08000645   Thumb Code     2  stm32f1xx_hal_adc_ex.o(i.HAL_ADCEx_InjectedConvCpltCallback)
    HAL_ADC_ConfigChannel                    0x08000649   Thumb Code   346  stm32f1xx_hal_adc.o(i.HAL_ADC_ConfigChannel)
    HAL_ADC_ConvCpltCallback                 0x080007b1   Thumb Code    26  main.o(i.HAL_ADC_ConvCpltCallback)
    HAL_ADC_GetValue                         0x080007d9   Thumb Code     6  stm32f1xx_hal_adc.o(i.HAL_ADC_GetValue)
    HAL_ADC_IRQHandler                       0x080007df   Thumb Code   230  stm32f1xx_hal_adc.o(i.HAL_ADC_IRQHandler)
    HAL_ADC_Init                             0x080008c5   Thumb Code   316  stm32f1xx_hal_adc.o(i.HAL_ADC_Init)
    HAL_ADC_LevelOutOfWindowCallback         0x08000a0d   Thumb Code     2  stm32f1xx_hal_adc.o(i.HAL_ADC_LevelOutOfWindowCallback)
    HAL_ADC_MspInit                          0x08000a11   Thumb Code    92  adc.o(i.HAL_ADC_MspInit)
    HAL_ADC_Start_IT                         0x08000a81   Thumb Code   194  stm32f1xx_hal_adc.o(i.HAL_ADC_Start_IT)
    HAL_ADC_Stop_IT                          0x08000b4d   Thumb Code    62  stm32f1xx_hal_adc.o(i.HAL_ADC_Stop_IT)
    HAL_DMA_IRQHandler                       0x08000b8d   Thumb Code  1198  stm32f1xx_hal_dma.o(i.HAL_DMA_IRQHandler)
    HAL_DMA_Init                             0x08001045   Thumb Code    80  stm32f1xx_hal_dma.o(i.HAL_DMA_Init)
    HAL_DMA_Start_IT                         0x08001095   Thumb Code    88  stm32f1xx_hal_dma.o(i.HAL_DMA_Start_IT)
    HAL_Delay                                0x080010ed   Thumb Code    22  stm32f1xx_hal.o(i.HAL_Delay)
    HAL_GPIO_Init                            0x08001105   Thumb Code   446  stm32f1xx_hal_gpio.o(i.HAL_GPIO_Init)
    HAL_GetTick                              0x080012ed   Thumb Code     6  stm32f1xx_hal.o(i.HAL_GetTick)
    HAL_I2C_ER_IRQHandler                    0x080012f9   Thumb Code   250  stm32f1xx_hal_i2c.o(i.HAL_I2C_ER_IRQHandler)
    HAL_I2C_EV_IRQHandler                    0x080013f3   Thumb Code   392  stm32f1xx_hal_i2c.o(i.HAL_I2C_EV_IRQHandler)
    HAL_I2C_ErrorCallback                    0x0800157b   Thumb Code     2  stm32f1xx_hal_i2c.o(i.HAL_I2C_ErrorCallback)
    HAL_I2C_Init                             0x0800157d   Thumb Code   216  stm32f1xx_hal_i2c.o(i.HAL_I2C_Init)
    HAL_I2C_MasterRxCpltCallback             0x0800165d   Thumb Code     2  stm32f1xx_hal_i2c.o(i.HAL_I2C_MasterRxCpltCallback)
    HAL_I2C_MasterTxCpltCallback             0x0800165f   Thumb Code     2  stm32f1xx_hal_i2c.o(i.HAL_I2C_MasterTxCpltCallback)
    HAL_I2C_MemRxCpltCallback                0x08001661   Thumb Code     2  stm32f1xx_hal_i2c.o(i.HAL_I2C_MemRxCpltCallback)
    HAL_I2C_MemTxCpltCallback                0x08001663   Thumb Code     2  stm32f1xx_hal_i2c.o(i.HAL_I2C_MemTxCpltCallback)
    HAL_I2C_MspInit                          0x08001665   Thumb Code    86  i2c.o(i.HAL_I2C_MspInit)
    HAL_I2C_SlaveRxCpltCallback              0x080016c9   Thumb Code     2  stm32f1xx_hal_i2c.o(i.HAL_I2C_SlaveRxCpltCallback)
    HAL_I2C_SlaveTxCpltCallback              0x080016cb   Thumb Code     2  stm32f1xx_hal_i2c.o(i.HAL_I2C_SlaveTxCpltCallback)
    HAL_IncTick                              0x080016cd   Thumb Code    10  stm32f1xx_hal.o(i.HAL_IncTick)
    HAL_Init                                 0x080016dd   Thumb Code    32  stm32f1xx_hal.o(i.HAL_Init)
    HAL_InitTick                             0x08001701   Thumb Code    34  stm32f1xx_hal.o(i.HAL_InitTick)
    HAL_MspInit                              0x08001725   Thumb Code   114  stm32f1xx_hal_msp.o(i.HAL_MspInit)
    HAL_NVIC_EnableIRQ                       0x080017a1   Thumb Code    22  stm32f1xx_hal_cortex.o(i.HAL_NVIC_EnableIRQ)
    HAL_NVIC_SetPriority                     0x080017b9   Thumb Code    60  stm32f1xx_hal_cortex.o(i.HAL_NVIC_SetPriority)
    HAL_NVIC_SetPriorityGrouping             0x080017f9   Thumb Code    26  stm32f1xx_hal_cortex.o(i.HAL_NVIC_SetPriorityGrouping)
    HAL_RCCEx_PeriphCLKConfig                0x0800181d   Thumb Code   288  stm32f1xx_hal_rcc_ex.o(i.HAL_RCCEx_PeriphCLKConfig)
    HAL_RCC_ClockConfig                      0x08001949   Thumb Code   374  stm32f1xx_hal_rcc.o(i.HAL_RCC_ClockConfig)
    HAL_RCC_GetHCLKFreq                      0x08001ad1   Thumb Code     6  stm32f1xx_hal_rcc.o(i.HAL_RCC_GetHCLKFreq)
    HAL_RCC_GetPCLK1Freq                     0x08001add   Thumb Code    34  stm32f1xx_hal_rcc.o(i.HAL_RCC_GetPCLK1Freq)
    HAL_RCC_GetPCLK2Freq                     0x08001b0d   Thumb Code    34  stm32f1xx_hal_rcc.o(i.HAL_RCC_GetPCLK2Freq)
    HAL_RCC_GetSysClockFreq                  0x08001b3d   Thumb Code   102  stm32f1xx_hal_rcc.o(i.HAL_RCC_GetSysClockFreq)
    HAL_RCC_OscConfig                        0x08001bc5   Thumb Code  1406  stm32f1xx_hal_rcc.o(i.HAL_RCC_OscConfig)
    HAL_SYSTICK_CLKSourceConfig              0x08002143   Thumb Code    24  stm32f1xx_hal_cortex.o(i.HAL_SYSTICK_CLKSourceConfig)
    HAL_SYSTICK_Callback                     0x0800215d   Thumb Code    74  tasktimemanager.o(i.HAL_SYSTICK_Callback)
    HAL_SYSTICK_Config                       0x080021ad   Thumb Code    40  stm32f1xx_hal_cortex.o(i.HAL_SYSTICK_Config)
    HAL_SYSTICK_IRQHandler                   0x080021d5   Thumb Code     8  stm32f1xx_hal_cortex.o(i.HAL_SYSTICK_IRQHandler)
    HAL_UART_ErrorCallback                   0x080021dd   Thumb Code     2  stm32f1xx_hal_uart.o(i.HAL_UART_ErrorCallback)
    HAL_UART_IRQHandler                      0x080021e1   Thumb Code   218  stm32f1xx_hal_uart.o(i.HAL_UART_IRQHandler)
    HAL_UART_Init                            0x080022bb   Thumb Code    94  stm32f1xx_hal_uart.o(i.HAL_UART_Init)
    HAL_UART_MspInit                         0x08002319   Thumb Code   174  usart.o(i.HAL_UART_MspInit)
    HAL_UART_Receive_DMA                     0x080023dd   Thumb Code   122  stm32f1xx_hal_uart.o(i.HAL_UART_Receive_DMA)
    HAL_UART_RxCpltCallback                  0x08002465   Thumb Code    48  combuff.o(i.HAL_UART_RxCpltCallback)
    HAL_UART_RxHalfCpltCallback              0x080024b9   Thumb Code     2  stm32f1xx_hal_uart.o(i.HAL_UART_RxHalfCpltCallback)
    HAL_UART_Transmit                        0x080024bd   Thumb Code   204  stm32f1xx_hal_uart.o(i.HAL_UART_Transmit)
    HAL_UART_Transmit_DMA                    0x08002589   Thumb Code   130  stm32f1xx_hal_uart.o(i.HAL_UART_Transmit_DMA)
    HAL_UART_TxCpltCallback                  0x08002619   Thumb Code    20  combuff.o(i.HAL_UART_TxCpltCallback)
    HAL_UART_TxHalfCpltCallback              0x08002631   Thumb Code     2  stm32f1xx_hal_uart.o(i.HAL_UART_TxHalfCpltCallback)
    HardFault_Handler                        0x08002633   Thumb Code     2  stm32f1xx_it.o(i.HardFault_Handler)
    Heap_Use                                 0x08002635   Thumb Code     6  protocolhandle.o(i.Heap_Use)
    HeartBeat_P_Handle                       0x08002649   Thumb Code    10  protocolhandle.o(i.HeartBeat_P_Handle)
    I2C1_ER_IRQHandler                       0x08002665   Thumb Code     6  stm32f1xx_it.o(i.I2C1_ER_IRQHandler)
    I2C1_EV_IRQHandler                       0x08002671   Thumb Code     6  stm32f1xx_it.o(i.I2C1_EV_IRQHandler)
    LED_TEST                                 0x08002761   Thumb Code    26  main.o(i.LED_TEST)
    List_Add                                 0x08002795   Thumb Code   126  list.o(i.List_Add)
    List_Init                                0x08002839   Thumb Code    42  list.o(i.List_Init)
    Log_Init                                 0x0800287d   Thumb Code    16  log.o(i.Log_Init)
    MX_ADC1_Init                             0x0800289d   Thumb Code   168  adc.o(i.MX_ADC1_Init)
    MX_DMA_Init                              0x0800294d   Thumb Code    56  dma.o(i.MX_DMA_Init)
    MX_GPIO_Init                             0x08002989   Thumb Code    70  gpio.o(i.MX_GPIO_Init)
    MX_I2C1_Init                             0x080029d5   Thumb Code    50  i2c.o(i.MX_I2C1_Init)
    MX_USART1_UART_Init                      0x08002a15   Thumb Code    48  usart.o(i.MX_USART1_UART_Init)
    MemManage_Handler                        0x08002a4d   Thumb Code     2  stm32f1xx_it.o(i.MemManage_Handler)
    NMI_Handler                              0x08002a4f   Thumb Code     2  stm32f1xx_it.o(i.NMI_Handler)
    PaddingProtocol                          0x08002a71   Thumb Code    48  combuff.o(i.PaddingProtocol)
    PendSV_Handler                           0x08002aa9   Thumb Code     2  stm32f1xx_it.o(i.PendSV_Handler)
    ProtocolFrame_Init                       0x08002aad   Thumb Code    56  protocolframe.o(i.ProtocolFrame_Init)
    Protocol_Init                            0x08002af1   Thumb Code   116  protocol.o(i.Protocol_Init)
    Protocol_Register                        0x08002b71   Thumb Code    56  protocolframe.o(i.Protocol_Register)
    Queue_Link_Get                           0x08002bad   Thumb Code    52  queue.o(i.Queue_Link_Get)
    Queue_Link_Init                          0x08002be1   Thumb Code    42  queue.o(i.Queue_Link_Init)
    Queue_Link_OutSize                       0x08002c25   Thumb Code    10  queue.o(i.Queue_Link_OutSize)
    Queue_Link_Put                           0x08002c31   Thumb Code   130  queue.o(i.Queue_Link_Put)
    SVC_Handler                              0x08002cd9   Thumb Code     2  stm32f1xx_it.o(i.SVC_Handler)
    Send                                     0x08002cdb   Thumb Code     2  protocol.o(i.Send)
    SenderKeepTransmit                       0x08002cdd   Thumb Code     6  combuff.o(i.SenderKeepTransmit)
    SysTick_Handler                          0x08002ce9   Thumb Code    14  stm32f1xx_it.o(i.SysTick_Handler)
    SystemClock_Config                       0x08002cf7   Thumb Code   116  main.o(i.SystemClock_Config)
    SystemInit                               0x08002d6d   Thumb Code    56  system_stm32f1xx.o(i.SystemInit)
    TaskTime_Add                             0x08002db5   Thumb Code   216  tasktimemanager.o(i.TaskTime_Add)
    TaskTime_Check_ID                        0x08002ead   Thumb Code    14  tasktimemanager.o(i.TaskTime_Check_ID)
    TaskTime_Init                            0x08002ebd   Thumb Code    46  tasktimemanager.o(i.TaskTime_Init)
    TaskTime_Run                             0x08002ef5   Thumb Code    54  tasktimemanager.o(i.TaskTime_Run)
    USART1_IRQHandler                        0x080032d9   Thumb Code     6  stm32f1xx_it.o(i.USART1_IRQHandler)
    UsageFault_Handler                       0x080032e5   Thumb Code     2  stm32f1xx_it.o(i.UsageFault_Handler)
    __0printf$3                              0x08003905   Thumb Code    22  printf3.o(i.__0printf$3)
    __1printf$3                              0x08003905   Thumb Code     0  printf3.o(i.__0printf$3)
    __2printf                                0x08003905   Thumb Code     0  printf3.o(i.__0printf$3)
    __scatterload_copy                       0x08003925   Thumb Code    14  handlers.o(i.__scatterload_copy)
    __scatterload_null                       0x08003933   Thumb Code     2  handlers.o(i.__scatterload_null)
    __scatterload_zeroinit                   0x08003935   Thumb Code    14  handlers.o(i.__scatterload_zeroinit)
    fputc                                    0x08003b69   Thumb Code    22  combuff.o(i.fputc)
    free                                     0x08003b85   Thumb Code    76  malloc.o(i.free)
    main                                     0x08003bd5   Thumb Code   126  main.o(i.main)
    malloc                                   0x08003c69   Thumb Code    92  malloc.o(i.malloc)
    AHBPrescTable                            0x08003d6f   Data          16  system_stm32f1xx.o(.constdata)
    APBPrescTable                            0x08003d7f   Data           8  system_stm32f1xx.o(.constdata)
    Region$$Table$$Base                      0x08003d88   Number         0  anon$$obj.o(Region$$Table)
    Region$$Table$$Limit                     0x08003da8   Number         0  anon$$obj.o(Region$$Table)
    Send_Desc_P                              0x20000004   Data           4  protocolframe.o(.data)
    Recv_Desc_P                              0x20000008   Data           4  protocolframe.o(.data)
    Transpond_Desc_P                         0x2000000c   Data           4  protocolframe.o(.data)
    ProtocolResolver_1                       0x20000010   Data           4  protocolframe.o(.data)
    TaskTime_Head                            0x20000018   Data           4  tasktimemanager.o(.data)
    TaskID                                   0x20000028   Data           1  tasktimemanager.o(.data)
    SystemCoreClock                          0x20000030   Data           4  system_stm32f1xx.o(.data)
    __stdout                                 0x20000034   Data           4  stdout.o(.data)
    __microlib_freelist                      0x20000038   Data           4  mvars.o(.data)
    __microlib_freelist_initialised          0x2000003c   Data           4  mvars.o(.data)
    huart1                                   0x20000040   Data          64  usart.o(.bss)
    hdma_usart1_rx                           0x20000080   Data          56  usart.o(.bss)
    hdma_usart1_tx                           0x200000b8   Data          56  usart.o(.bss)
    hi2c1                                    0x200000f0   Data          60  i2c.o(.bss)
    hadc1                                    0x2000012c   Data          48  adc.o(.bss)
    Uart1_DMA_Sender                         0x2000015c   Data          36  combuff.o(.bss)
    Uart1_DMA_Receiver                       0x20000180   Data          40  combuff.o(.bss)
    Log                                      0x200001a8   Data          12  log.o(.bss)
    MemList                                  0x200001b4   Data        4000  log.o(.bss)
    _ProtocolResolver_1                      0x20001154   Data         148  protocolframe.o(.bss)
    OSInfo                                   0x200011e8   Data          36  tasktimemanager.o(.bss)
    __heap_base                              0x20001210   Data           0  startup_stm32f103xe.o(HEAP)
    __heap_limit                             0x20002210   Data           0  startup_stm32f103xe.o(HEAP)
    __initial_sp                             0x20002610   Data           0  startup_stm32f103xe.o(STACK)



==============================================================================

Memory Map of the image

  Image Entry point : 0x08000131

  Load Region LR_IROM1 (Base: 0x08000000, Size: 0x00003de8, Max: 0x00040000, ABSOLUTE)

    Execution Region ER_IROM1 (Base: 0x08000000, Size: 0x00003da8, Max: 0x00040000, ABSOLUTE)

    Base Addr    Size         Type   Attr      Idx    E Section Name        Object

    0x08000000   0x00000130   Data   RO          466    RESET               startup_stm32f103xe.o
    0x08000130   0x00000000   Code   RO          476  * .ARM.Collect$$$$00000000  mc_w.l(entry.o)
    0x08000130   0x00000004   Code   RO          629    .ARM.Collect$$$$00000001  mc_w.l(entry2.o)
    0x08000134   0x00000004   Code   RO          632    .ARM.Collect$$$$00000004  mc_w.l(entry5.o)
    0x08000138   0x00000000   Code   RO          634    .ARM.Collect$$$$00000008  mc_w.l(entry7b.o)
    0x08000138   0x00000000   Code   RO          636    .ARM.Collect$$$$0000000A  mc_w.l(entry8b.o)
    0x08000138   0x00000008   Code   RO          637    .ARM.Collect$$$$0000000B  mc_w.l(entry9a.o)
    0x08000140   0x00000000   Code   RO          639    .ARM.Collect$$$$0000000D  mc_w.l(entry10a.o)
    0x08000140   0x00000000   Code   RO          641    .ARM.Collect$$$$0000000F  mc_w.l(entry11a.o)
    0x08000140   0x00000004   Code   RO          630    .ARM.Collect$$$$00002712  mc_w.l(entry2.o)
    0x08000144   0x00000024   Code   RO          467    .text               startup_stm32f103xe.o
    0x08000168   0x00000024   Code   RO          480    .text               mc_w.l(memcpya.o)
    0x0800018c   0x00000024   Code   RO          481    .text               mc_w.l(memseta.o)
    0x080001b0   0x0000002c   Code   RO          644    .text               mc_w.l(uidiv.o)
    0x080001dc   0x00000024   Code   RO          654    .text               mc_w.l(init.o)
    0x08000200   0x0000000c   Code   RO           30    i.ADC1_2_IRQHandler  stm32f1xx_it.o
    0x0800020c   0x0000004c   Code   RO          421    i.ADC_ConversionStop_Disable  stm32f1xx_hal_adc.o
    0x08000258   0x00000070   Code   RO          425    i.ADC_Enable        stm32f1xx_hal_adc.o
    0x080002c8   0x00000002   Code   RO           31    i.BusFault_Handler  stm32f1xx_it.o
    0x080002ca   0x00000002   PAD
    0x080002cc   0x00000044   Code   RO           77    i.ComBuff_Init      combuff.o
    0x08000310   0x0000000c   Code   RO           32    i.DMA1_Channel4_IRQHandler  stm32f1xx_it.o
    0x0800031c   0x0000000c   Code   RO           33    i.DMA1_Channel5_IRQHandler  stm32f1xx_it.o
    0x08000328   0x00000080   Code   RO           78    i.DMA_Receiver_Init  combuff.o
    0x080003a8   0x0000001e   Code   RO          304    i.DMA_SetConfig     stm32f1xx_hal_dma.o
    0x080003c6   0x00000002   Code   RO           34    i.DebugMon_Handler  stm32f1xx_it.o
    0x080003c8   0x00000020   Code   RO            4    i.Error_Handler     main.o
    0x080003e8   0x00000010   Code   RO          116    i.FetchProtocols    protocolframe.o
    0x080003f8   0x0000024c   Code   RO          452    i.HAL_ADCEx_InjectedConfigChannel  stm32f1xx_hal_adc_ex.o
    0x08000644   0x00000002   Code   RO          453    i.HAL_ADCEx_InjectedConvCpltCallback  stm32f1xx_hal_adc_ex.o
    0x08000646   0x00000002   PAD
    0x08000648   0x00000168   Code   RO          427    i.HAL_ADC_ConfigChannel  stm32f1xx_hal_adc.o
    0x080007b0   0x00000028   Code   RO            5    i.HAL_ADC_ConvCpltCallback  main.o
    0x080007d8   0x00000006   Code   RO          434    i.HAL_ADC_GetValue  stm32f1xx_hal_adc.o
    0x080007de   0x000000e6   Code   RO          435    i.HAL_ADC_IRQHandler  stm32f1xx_hal_adc.o
    0x080008c4   0x00000148   Code   RO          436    i.HAL_ADC_Init      stm32f1xx_hal_adc.o
    0x08000a0c   0x00000002   Code   RO          437    i.HAL_ADC_LevelOutOfWindowCallback  stm32f1xx_hal_adc.o
    0x08000a0e   0x00000002   PAD
    0x08000a10   0x00000070   Code   RO           60    i.HAL_ADC_MspInit   adc.o
    0x08000a80   0x000000cc   Code   RO          444    i.HAL_ADC_Start_IT  stm32f1xx_hal_adc.o
    0x08000b4c   0x0000003e   Code   RO          447    i.HAL_ADC_Stop_IT   stm32f1xx_hal_adc.o
    0x08000b8a   0x00000002   PAD
    0x08000b8c   0x000004b8   Code   RO          309    i.HAL_DMA_IRQHandler  stm32f1xx_hal_dma.o
    0x08001044   0x00000050   Code   RO          310    i.HAL_DMA_Init      stm32f1xx_hal_dma.o
    0x08001094   0x00000058   Code   RO          313    i.HAL_DMA_Start_IT  stm32f1xx_hal_dma.o
    0x080010ec   0x00000016   Code   RO          381    i.HAL_Delay         stm32f1xx_hal.o
    0x08001102   0x00000002   PAD
    0x08001104   0x000001e8   Code   RO          228    i.HAL_GPIO_Init     stm32f1xx_hal_gpio.o
    0x080012ec   0x0000000c   Code   RO          385    i.HAL_GetTick       stm32f1xx_hal.o
    0x080012f8   0x000000fa   Code   RO          170    i.HAL_I2C_ER_IRQHandler  stm32f1xx_hal_i2c.o
    0x080013f2   0x00000188   Code   RO          171    i.HAL_I2C_EV_IRQHandler  stm32f1xx_hal_i2c.o
    0x0800157a   0x00000002   Code   RO          172    i.HAL_I2C_ErrorCallback  stm32f1xx_hal_i2c.o
    0x0800157c   0x000000e0   Code   RO          175    i.HAL_I2C_Init      stm32f1xx_hal_i2c.o
    0x0800165c   0x00000002   Code   RO          177    i.HAL_I2C_MasterRxCpltCallback  stm32f1xx_hal_i2c.o
    0x0800165e   0x00000002   Code   RO          178    i.HAL_I2C_MasterTxCpltCallback  stm32f1xx_hal_i2c.o
    0x08001660   0x00000002   Code   RO          185    i.HAL_I2C_MemRxCpltCallback  stm32f1xx_hal_i2c.o
    0x08001662   0x00000002   Code   RO          186    i.HAL_I2C_MemTxCpltCallback  stm32f1xx_hal_i2c.o
    0x08001664   0x00000064   Code   RO           49    i.HAL_I2C_MspInit   i2c.o
    0x080016c8   0x00000002   Code   RO          195    i.HAL_I2C_SlaveRxCpltCallback  stm32f1xx_hal_i2c.o
    0x080016ca   0x00000002   Code   RO          196    i.HAL_I2C_SlaveTxCpltCallback  stm32f1xx_hal_i2c.o
    0x080016cc   0x00000010   Code   RO          386    i.HAL_IncTick       stm32f1xx_hal.o
    0x080016dc   0x00000024   Code   RO          387    i.HAL_Init          stm32f1xx_hal.o
    0x08001700   0x00000022   Code   RO          388    i.HAL_InitTick      stm32f1xx_hal.o
    0x08001722   0x00000002   PAD
    0x08001724   0x0000007c   Code   RO           26    i.HAL_MspInit       stm32f1xx_hal_msp.o
    0x080017a0   0x00000016   Code   RO          336    i.HAL_NVIC_EnableIRQ  stm32f1xx_hal_cortex.o
    0x080017b6   0x00000002   PAD
    0x080017b8   0x00000040   Code   RO          342    i.HAL_NVIC_SetPriority  stm32f1xx_hal_cortex.o
    0x080017f8   0x00000024   Code   RO          343    i.HAL_NVIC_SetPriorityGrouping  stm32f1xx_hal_cortex.o
    0x0800181c   0x0000012c   Code   RO          253    i.HAL_RCCEx_PeriphCLKConfig  stm32f1xx_hal_rcc_ex.o
    0x08001948   0x00000188   Code   RO          318    i.HAL_RCC_ClockConfig  stm32f1xx_hal_rcc.o
    0x08001ad0   0x0000000c   Code   RO          323    i.HAL_RCC_GetHCLKFreq  stm32f1xx_hal_rcc.o
    0x08001adc   0x00000030   Code   RO          325    i.HAL_RCC_GetPCLK1Freq  stm32f1xx_hal_rcc.o
    0x08001b0c   0x00000030   Code   RO          326    i.HAL_RCC_GetPCLK2Freq  stm32f1xx_hal_rcc.o
    0x08001b3c   0x00000088   Code   RO          327    i.HAL_RCC_GetSysClockFreq  stm32f1xx_hal_rcc.o
    0x08001bc4   0x0000057e   Code   RO          330    i.HAL_RCC_OscConfig  stm32f1xx_hal_rcc.o
    0x08002142   0x00000018   Code   RO          345    i.HAL_SYSTICK_CLKSourceConfig  stm32f1xx_hal_cortex.o
    0x0800215a   0x00000002   PAD
    0x0800215c   0x00000050   Code   RO          153    i.HAL_SYSTICK_Callback  tasktimemanager.o
    0x080021ac   0x00000028   Code   RO          347    i.HAL_SYSTICK_Config  stm32f1xx_hal_cortex.o
    0x080021d4   0x00000008   Code   RO          348    i.HAL_SYSTICK_IRQHandler  stm32f1xx_hal_cortex.o
    0x080021dc   0x00000002   Code   RO          275    i.HAL_UART_ErrorCallback  stm32f1xx_hal_uart.o
    0x080021de   0x00000002   PAD
    0x080021e0   0x000000da   Code   RO          278    i.HAL_UART_IRQHandler  stm32f1xx_hal_uart.o
    0x080022ba   0x0000005e   Code   RO          279    i.HAL_UART_Init     stm32f1xx_hal_uart.o
    0x08002318   0x000000c4   Code   RO           16    i.HAL_UART_MspInit  usart.o
    0x080023dc   0x00000088   Code   RO          283    i.HAL_UART_Receive_DMA  stm32f1xx_hal_uart.o
    0x08002464   0x00000054   Code   RO           79    i.HAL_UART_RxCpltCallback  combuff.o
    0x080024b8   0x00000002   Code   RO          286    i.HAL_UART_RxHalfCpltCallback  stm32f1xx_hal_uart.o
    0x080024ba   0x00000002   PAD
    0x080024bc   0x000000cc   Code   RO          287    i.HAL_UART_Transmit  stm32f1xx_hal_uart.o
    0x08002588   0x00000090   Code   RO          288    i.HAL_UART_Transmit_DMA  stm32f1xx_hal_uart.o
    0x08002618   0x00000018   Code   RO           80    i.HAL_UART_TxCpltCallback  combuff.o
    0x08002630   0x00000002   Code   RO          291    i.HAL_UART_TxHalfCpltCallback  stm32f1xx_hal_uart.o
    0x08002632   0x00000002   Code   RO           35    i.HardFault_Handler  stm32f1xx_it.o
    0x08002634   0x00000014   Code   RO           71    i.Heap_Use          protocolhandle.o
    0x08002648   0x0000001c   Code   RO           72    i.HeartBeat_P_Handle  protocolhandle.o
    0x08002664   0x0000000c   Code   RO           36    i.I2C1_ER_IRQHandler  stm32f1xx_it.o
    0x08002670   0x0000000c   Code   RO           37    i.I2C1_EV_IRQHandler  stm32f1xx_it.o
    0x0800267c   0x00000080   Code   RO          211    i.I2C_MasterReceive_BTF  stm32f1xx_hal_i2c.o
    0x080026fc   0x00000064   Code   RO          212    i.I2C_MasterReceive_RXNE  stm32f1xx_hal_i2c.o
    0x08002760   0x00000034   Code   RO            6    i.LED_TEST          main.o
    0x08002794   0x000000a4   Code   RO           95    i.List_Add          list.o
    0x08002838   0x00000044   Code   RO           98    i.List_Init         list.o
    0x0800287c   0x00000020   Code   RO          104    i.Log_Init          log.o
    0x0800289c   0x000000b0   Code   RO           61    i.MX_ADC1_Init      adc.o
    0x0800294c   0x0000003c   Code   RO           22    i.MX_DMA_Init       dma.o
    0x08002988   0x0000004c   Code   RO           55    i.MX_GPIO_Init      gpio.o
    0x080029d4   0x00000040   Code   RO           50    i.MX_I2C1_Init      i2c.o
    0x08002a14   0x00000038   Code   RO           17    i.MX_USART1_UART_Init  usart.o
    0x08002a4c   0x00000002   Code   RO           38    i.MemManage_Handler  stm32f1xx_it.o
    0x08002a4e   0x00000002   Code   RO           39    i.NMI_Handler       stm32f1xx_it.o
    0x08002a50   0x00000020   Code   RO          349    i.NVIC_SetPriority  stm32f1xx_hal_cortex.o
    0x08002a70   0x00000038   Code   RO           81    i.PaddingProtocol   combuff.o
    0x08002aa8   0x00000002   Code   RO           40    i.PendSV_Handler    stm32f1xx_it.o
    0x08002aaa   0x00000002   PAD
    0x08002aac   0x00000044   Code   RO          119    i.ProtocolFrame_Init  protocolframe.o
    0x08002af0   0x00000080   Code   RO           66    i.Protocol_Init     protocol.o
    0x08002b70   0x0000003c   Code   RO          120    i.Protocol_Register  protocolframe.o
    0x08002bac   0x00000034   Code   RO          138    i.Queue_Link_Get    queue.o
    0x08002be0   0x00000044   Code   RO          139    i.Queue_Link_Init   queue.o
    0x08002c24   0x0000000a   Code   RO          140    i.Queue_Link_OutSize  queue.o
    0x08002c2e   0x00000002   PAD
    0x08002c30   0x000000a8   Code   RO          141    i.Queue_Link_Put    queue.o
    0x08002cd8   0x00000002   Code   RO           41    i.SVC_Handler       stm32f1xx_it.o
    0x08002cda   0x00000002   Code   RO           67    i.Send              protocol.o
    0x08002cdc   0x0000000c   Code   RO           82    i.SenderKeepTransmit  combuff.o
    0x08002ce8   0x0000000e   Code   RO           42    i.SysTick_Handler   stm32f1xx_it.o
    0x08002cf6   0x00000074   Code   RO            7    i.SystemClock_Config  main.o
    0x08002d6a   0x00000002   PAD
    0x08002d6c   0x00000048   Code   RO          472    i.SystemInit        system_stm32f1xx.o
    0x08002db4   0x000000f8   Code   RO          154    i.TaskTime_Add      tasktimemanager.o
    0x08002eac   0x0000000e   Code   RO          155    i.TaskTime_Check_ID  tasktimemanager.o
    0x08002eba   0x00000002   PAD
    0x08002ebc   0x00000038   Code   RO          156    i.TaskTime_Init     tasktimemanager.o
    0x08002ef4   0x0000003c   Code   RO          159    i.TaskTime_Run      tasktimemanager.o
    0x08002f30   0x0000001e   Code   RO          292    i.UART_DMAError     stm32f1xx_hal_uart.o
    0x08002f4e   0x00000002   PAD
    0x08002f50   0x00000036   Code   RO          293    i.UART_DMAReceiveCplt  stm32f1xx_hal_uart.o
    0x08002f86   0x0000000a   Code   RO          294    i.UART_DMARxHalfCplt  stm32f1xx_hal_uart.o
    0x08002f90   0x0000002e   Code   RO          295    i.UART_DMATransmitCplt  stm32f1xx_hal_uart.o
    0x08002fbe   0x0000000a   Code   RO          296    i.UART_DMATxHalfCplt  stm32f1xx_hal_uart.o
    0x08002fc8   0x000000a8   Code   RO          297    i.UART_Receive_IT   stm32f1xx_hal_uart.o
    0x08003070   0x00000170   Code   RO          298    i.UART_SetConfig    stm32f1xx_hal_uart.o
    0x080031e0   0x00000066   Code   RO          299    i.UART_Transmit_IT  stm32f1xx_hal_uart.o
    0x08003246   0x00000092   Code   RO          300    i.UART_WaitOnFlagUntilTimeout  stm32f1xx_hal_uart.o
    0x080032d8   0x0000000c   Code   RO           43    i.USART1_IRQHandler  stm32f1xx_it.o
    0x080032e4   0x00000002   Code   RO           44    i.UsageFault_Handler  stm32f1xx_it.o
    0x080032e6   0x00000002   PAD
    0x080032e8   0x0000007c   Code   RO          124    i._Fetch_Protocol   protocolframe.o
    0x08003364   0x00000068   Code   RO           83    i._KeepTransmit     combuff.o
    0x080033cc   0x000001b8   Code   RO          125    i._Protocol_Put     protocolframe.o
    0x08003584   0x000000a8   Code   RO           84    i._Read             combuff.o
    0x0800362c   0x00000078   Code   RO           85    i._ReadByte         combuff.o
    0x080036a4   0x000000d4   Code   RO           86    i._ReadTo           combuff.o
    0x08003778   0x00000078   Code   RO          161    i._TaskTime_Remove  tasktimemanager.o
    0x080037f0   0x000000c0   Code   RO           87    i._Write            combuff.o
    0x080038b0   0x00000054   Code   RO           88    i._WriteByte        combuff.o
    0x08003904   0x00000020   Code   RO          528    i.__0printf$3       mc_w.l(printf3.o)
    0x08003924   0x0000000e   Code   RO          660    i.__scatterload_copy  mc_w.l(handlers.o)
    0x08003932   0x00000002   Code   RO          661    i.__scatterload_null  mc_w.l(handlers.o)
    0x08003934   0x0000000e   Code   RO          662    i.__scatterload_zeroinit  mc_w.l(handlers.o)
    0x08003942   0x00000024   Code   RO          126    i._clean_recv_buf   protocolframe.o
    0x08003966   0x00000002   PAD
    0x08003968   0x00000018   Code   RO          105    i._error            log.o
    0x08003980   0x00000018   Code   RO          106    i._info             log.o
    0x08003998   0x000001b8   Code   RO          535    i._printf_core      mc_w.l(printf3.o)
    0x08003b50   0x00000018   Code   RO          107    i._warning          log.o
    0x08003b68   0x0000001c   Code   RO           89    i.fputc             combuff.o
    0x08003b84   0x00000050   Code   RO          614    i.free              mc_w.l(malloc.o)
    0x08003bd4   0x00000094   Code   RO            8    i.main              main.o
    0x08003c68   0x0000006c   Code   RO          615    i.malloc            mc_w.l(malloc.o)
    0x08003cd4   0x00000032   Data   RO           91    .constdata          combuff.o
    0x08003d06   0x00000021   Data   RO          100    .constdata          list.o
    0x08003d27   0x0000001c   Data   RO          128    .constdata          protocolframe.o
    0x08003d43   0x0000001f   Data   RO          145    .constdata          queue.o
    0x08003d62   0x0000000d   Data   RO          163    .constdata          tasktimemanager.o
    0x08003d6f   0x00000010   Data   RO          473    .constdata          system_stm32f1xx.o
    0x08003d7f   0x00000008   Data   RO          474    .constdata          system_stm32f1xx.o
    0x08003d87   0x00000001   PAD
    0x08003d88   0x00000020   Data   RO          658    Region$$Table       anon$$obj.o


    Execution Region RW_IRAM1 (Base: 0x20000000, Size: 0x00002610, Max: 0x0000c000, ABSOLUTE)

    Base Addr    Size         Type   Attr      Idx    E Section Name        Object

    0x20000000   0x00000001   Data   RW           11    .data               main.o
    0x20000001   0x00000003   PAD
    0x20000004   0x00000010   Data   RW          129    .data               protocolframe.o
    0x20000014   0x00000014   Data   RW          164    .data               tasktimemanager.o
    0x20000028   0x00000001   Data   RW          165    .data               tasktimemanager.o
    0x20000029   0x00000003   PAD
    0x2000002c   0x00000004   Data   RW          393    .data               stm32f1xx_hal.o
    0x20000030   0x00000004   Data   RW          475    .data               system_stm32f1xx.o
    0x20000034   0x00000004   Data   RW          643    .data               mc_w.l(stdout.o)
    0x20000038   0x00000004   Data   RW          646    .data               mc_w.l(mvars.o)
    0x2000003c   0x00000004   Data   RW          647    .data               mc_w.l(mvars.o)
    0x20000040   0x000000b0   Zero   RW           18    .bss                usart.o
    0x200000f0   0x0000003c   Zero   RW           51    .bss                i2c.o
    0x2000012c   0x00000030   Zero   RW           62    .bss                adc.o
    0x2000015c   0x0000004c   Zero   RW           90    .bss                combuff.o
    0x200001a8   0x00000fac   Zero   RW          111    .bss                log.o
    0x20001154   0x00000094   Zero   RW          127    .bss                protocolframe.o
    0x200011e8   0x00000024   Zero   RW          162    .bss                tasktimemanager.o
    0x2000120c   0x00000004   PAD
    0x20001210   0x00001000   Zero   RW          465    HEAP                startup_stm32f103xe.o
    0x20002210   0x00000400   Zero   RW          464    STACK               startup_stm32f103xe.o


==============================================================================

Image component sizes


      Code (inc. data)   RO Data    RW Data    ZI Data      Debug   Object Name

       288         28          0          0         48          0   adc.o
      1280        310         50          0         76          0   combuff.o
        60          4          0          0          0          0   dma.o
        76          6          0          0          0          0   gpio.o
       164         28          0          0         60          0   i2c.o
       232         64         33          0          0          0   list.o
       104         64          0          0       4012          0   log.o
       388         84          0          1          0          0   main.o
       130         12          0          0          0          0   protocol.o
       744        152         28         16        148          0   protocolframe.o
        48         32          0          0          0          0   protocolhandle.o
       298         64         31          0          0          0   queue.o
        36          8        304          0       5120          0   startup_stm32f103xe.o
       120         16          0          4          0          0   stm32f1xx_hal.o
      1380         44          0          0          0          0   stm32f1xx_hal_adc.o
       590         16          0          0          0          0   stm32f1xx_hal_adc_ex.o
       226         14          0          0          0          0   stm32f1xx_hal_cortex.o
      1406         20          0          0          0          0   stm32f1xx_hal_dma.o
       488         42          0          0          0          0   stm32f1xx_hal_gpio.o
      1108          8          0          0          0          0   stm32f1xx_hal_i2c.o
       124         10          0          0          0          0   stm32f1xx_hal_msp.o
      2042         98          0          0          0          0   stm32f1xx_hal_rcc.o
       300         12          0          0          0          0   stm32f1xx_hal_rcc_ex.o
      1736         32          0          0          0          0   stm32f1xx_hal_uart.o
       102         36          0          0          0          0   stm32f1xx_it.o
        72         16         24          4          0          0   system_stm32f1xx.o
       578         76         13         21         36          0   tasktimemanager.o
       252         30          0          0        176          0   usart.o

    ----------------------------------------------------------------------
     14406       1326        516         52       9680          0   Object Totals
         0          0         32          0          0          0   (incl. Generated)
        34          0          1          6          4          0   (incl. Padding)

    ----------------------------------------------------------------------

      Code (inc. data)   RO Data    RW Data    ZI Data      Debug   Library Member Name

         0          0          0          0          0          0   entry.o
         0          0          0          0          0          0   entry10a.o
         0          0          0          0          0          0   entry11a.o
         8          4          0          0          0          0   entry2.o
         4          0          0          0          0          0   entry5.o
         0          0          0          0          0          0   entry7b.o
         0          0          0          0          0          0   entry8b.o
         8          4          0          0          0          0   entry9a.o
        30          0          0          0          0          0   handlers.o
        36          8          0          0          0          0   init.o
       188         20          0          0          0          0   malloc.o
        36          0          0          0          0          0   memcpya.o
        36          0          0          0          0          0   memseta.o
         0          0          0          8          0          0   mvars.o
       472         14          0          0          0          0   printf3.o
         0          0          0          4          0          0   stdout.o
        44          0          0          0          0          0   uidiv.o

    ----------------------------------------------------------------------
       862         50          0         12          0          0   Library Totals
         0          0          0          0          0          0   (incl. Padding)

    ----------------------------------------------------------------------

      Code (inc. data)   RO Data    RW Data    ZI Data      Debug   Library Name

       862         50          0         12          0          0   mc_w.l

    ----------------------------------------------------------------------
       862         50          0         12          0          0   Library Totals

    ----------------------------------------------------------------------

==============================================================================


      Code (inc. data)   RO Data    RW Data    ZI Data      Debug   

     15268       1376        516         64       9680          0   Grand Totals
     15268       1376        516         64       9680          0   ELF Image Totals
     15268       1376        516         64          0          0   ROM Totals

==============================================================================

    Total RO  Size (Code + RO Data)                15784 (  15.41kB)
    Total RW  Size (RW Data + ZI Data)              9744 (   9.52kB)
    Total ROM Size (Code + RO Data + RW Data)      15848 (  15.48kB)

==============================================================================

