###############################################################################
#
# IAR ELF Linker V7.10.1.6676/W32 for ARM                 07/Nov/2016  09:49:51
# Copyright 2007-2014 IAR Systems AB.
#
#    Output file  =  
#        E:\CubeProject\STM32030_Cube_I2C\EWARM\STM32030_Cube_I2C\Exe\STM32030_Cube_I2C.out
#    Map file     =  
#        E:\CubeProject\STM32030_Cube_I2C\EWARM\STM32030_Cube_I2C/List\STM32030_Cube_I2C.map
#    Command line =  
#        E:\CubeProject\STM32030_Cube_I2C\EWARM\STM32030_Cube_I2C\Obj\dma.o
#        E:\CubeProject\STM32030_Cube_I2C\EWARM\STM32030_Cube_I2C\Obj\gpio.o
#        E:\CubeProject\STM32030_Cube_I2C\EWARM\STM32030_Cube_I2C\Obj\i2c.o
#        E:\CubeProject\STM32030_Cube_I2C\EWARM\STM32030_Cube_I2C\Obj\main.o
#        E:\CubeProject\STM32030_Cube_I2C\EWARM\STM32030_Cube_I2C\Obj\startup_stm32f030x8.o
#        E:\CubeProject\STM32030_Cube_I2C\EWARM\STM32030_Cube_I2C\Obj\stm32f0xx_hal.o
#        E:\CubeProject\STM32030_Cube_I2C\EWARM\STM32030_Cube_I2C\Obj\stm32f0xx_hal_cortex.o
#        E:\CubeProject\STM32030_Cube_I2C\EWARM\STM32030_Cube_I2C\Obj\stm32f0xx_hal_dma.o
#        E:\CubeProject\STM32030_Cube_I2C\EWARM\STM32030_Cube_I2C\Obj\stm32f0xx_hal_flash.o
#        E:\CubeProject\STM32030_Cube_I2C\EWARM\STM32030_Cube_I2C\Obj\stm32f0xx_hal_flash_ex.o
#        E:\CubeProject\STM32030_Cube_I2C\EWARM\STM32030_Cube_I2C\Obj\stm32f0xx_hal_gpio.o
#        E:\CubeProject\STM32030_Cube_I2C\EWARM\STM32030_Cube_I2C\Obj\stm32f0xx_hal_i2c.o
#        E:\CubeProject\STM32030_Cube_I2C\EWARM\STM32030_Cube_I2C\Obj\stm32f0xx_hal_i2c_ex.o
#        E:\CubeProject\STM32030_Cube_I2C\EWARM\STM32030_Cube_I2C\Obj\stm32f0xx_hal_msp.o
#        E:\CubeProject\STM32030_Cube_I2C\EWARM\STM32030_Cube_I2C\Obj\stm32f0xx_hal_pwr.o
#        E:\CubeProject\STM32030_Cube_I2C\EWARM\STM32030_Cube_I2C\Obj\stm32f0xx_hal_pwr_ex.o
#        E:\CubeProject\STM32030_Cube_I2C\EWARM\STM32030_Cube_I2C\Obj\stm32f0xx_hal_rcc.o
#        E:\CubeProject\STM32030_Cube_I2C\EWARM\STM32030_Cube_I2C\Obj\stm32f0xx_hal_rcc_ex.o
#        E:\CubeProject\STM32030_Cube_I2C\EWARM\STM32030_Cube_I2C\Obj\stm32f0xx_hal_tim.o
#        E:\CubeProject\STM32030_Cube_I2C\EWARM\STM32030_Cube_I2C\Obj\stm32f0xx_hal_tim_ex.o
#        E:\CubeProject\STM32030_Cube_I2C\EWARM\STM32030_Cube_I2C\Obj\stm32f0xx_hal_uart.o
#        E:\CubeProject\STM32030_Cube_I2C\EWARM\STM32030_Cube_I2C\Obj\stm32f0xx_hal_uart_ex.o
#        E:\CubeProject\STM32030_Cube_I2C\EWARM\STM32030_Cube_I2C\Obj\stm32f0xx_it.o
#        E:\CubeProject\STM32030_Cube_I2C\EWARM\STM32030_Cube_I2C\Obj\system_stm32f0xx.o
#        E:\CubeProject\STM32030_Cube_I2C\EWARM\STM32030_Cube_I2C\Obj\usart.o
#        --redirect _Printf=_PrintfFull --redirect _Scanf=_ScanfFull -o
#        E:\CubeProject\STM32030_Cube_I2C\EWARM\STM32030_Cube_I2C\Exe\STM32030_Cube_I2C.out
#        --map
#        E:\CubeProject\STM32030_Cube_I2C\EWARM\STM32030_Cube_I2C/List\STM32030_Cube_I2C.map
#        --config E:\CubeProject\STM32030_Cube_I2C\EWARM/stm32f030x8_flash.icf
#        --semihosting --entry __iar_program_start --vfe
#
###############################################################################

*******************************************************************************
*** RUNTIME MODEL ATTRIBUTES
***

CppFlavor                     = *
__Heap_Handler                = Basic
__SystemLibrary               = DLib
__dlib_dynamic_initialization = normal


*******************************************************************************
*** PLACEMENT SUMMARY
***

"A1":  place at 0x08000000 { ro section .intvec };
"P1":  place in [from 0x08000000 to 0x0800ffff] { ro };
"P2":  place in [from 0x20000000 to 0x20001fff] { rw, block CSTACK, block HEAP };

  Section             Kind        Address    Size  Object
  -------             ----        -------    ----  ------
"A1":                                        0xb4
  .intvec             ro code  0x08000000    0xb4  startup_stm32f030x8.o [1]
                             - 0x080000b4    0xb4

"P1":                                      0x4321
  .text               ro code  0x080000b4  0x1266  xprintffull.o [3]
  .text               ro code  0x0800131a    0x1c  xmbtowc.o [3]
  .text               ro code  0x08001336    0x14  strchr.o [5]
  .text               ro code  0x0800134a    0x10  strlen.o [5]
  .text               ro code  0x0800135a    0x18  memchr.o [5]
  .text               ro code  0x08001372     0xa  xmbcurmax.o [3]
  .text               ro code  0x0800137c    0xb8  xxmemxmalloc.o [3]
  .text               ro code  0x08001434    0x18  xwctomb.o [3]
  .text               ro code  0x0800144c    0x5c  ABImemcpy.o [5]
  .text               ro code  0x080014a8    0x88  xxmemxfree.o [3]
  .text               ro code  0x08001530    0x6a  I64DivMod.o [5]
  .text               ro code  0x0800159a   0x184  DblMul.o [4]
  .text               ro code  0x0800171e    0x44  xdnorm.o [4]
  .text               ro code  0x08001762    0x32  DblCmpLe.o [4]
  .text               ro code  0x08001794    0x32  DblCmpGe.o [4]
  .text               ro code  0x080017c6    0x2a  zero_init3.o [5]
  .text               ro code  0x080017f0   0x11c  xdscale.o [4]
  .text               ro code  0x0800190c    0x52  DblToI32.o [4]
  .text               ro code  0x0800195e     0x2  startup_stm32f030x8.o [1]
  .text               ro code  0x08001960    0x34  I32ToDbl.o [4]
  .text               ro code  0x08001994   0x1a8  DblAddSub.o [4]
  .text               ro code  0x08001b3c    0xe0  I32DivModFast.o [5]
  .text               ro code  0x08001c1c    0xc2  DblDiv.o [4]
  .text               ro code  0x08001cde     0x2  startup_stm32f030x8.o [1]
  .text               ro code  0x08001ce0    0x68  localeconv.o [3]
  .text               ro code  0x08001d48    0x20  div.o [3]
  .text               ro code  0x08001d68    0x14  setlocale.o [3]
  .text               ro code  0x08001d7c    0x50  xencoding_sb.o [3]
  .text               ro code  0x08001dcc    0x2c  xgetmemchunk.o [3]
  .text               ro code  0x08001df8     0x2  I64DivZer.o [5]
  .text               ro code  0x08001dfa     0x2  startup_stm32f030x8.o [1]
  .text               ro code  0x08001dfc     0x2  IntDivZer.o [5]
  .text               ro code  0x08001dfe     0x2  xtls.o [3]
  .text               ro code  0x08001e00   0xba0  stm32f0xx_hal_i2c.o [1]
  .text               ro code  0x080029a0   0x230  i2c.o [1]
  .text               ro code  0x08002bd0   0x3e8  stm32f0xx_hal_dma.o [1]
  .text               ro code  0x08002fb8   0x130  main.o [1]
  .text               ro code  0x080030e8    0x5c  stm32f0xx_hal_i2c_ex.o [1]
  .text               ro code  0x08003144   0x274  stm32f0xx_hal_gpio.o [1]
  .text               ro code  0x080033b8    0xba  stm32f0xx_hal_cortex.o [1]
  .text               ro code  0x08003472     0x2  startup_stm32f030x8.o [1]
  .text               ro code  0x08003474   0x424  stm32f0xx_hal_uart.o [1]
  .text               ro code  0x08003898    0x70  stm32f0xx_hal.o [1]
  .text               ro code  0x08003908    0x44  gpio.o [1]
  .text               ro code  0x0800394c    0x3c  dma.o [1]
  .text               ro code  0x08003988    0x80  usart.o [1]
  .text               ro code  0x08003a08    0x24  printf.o [3]
  .text               ro code  0x08003a2c   0x54c  stm32f0xx_hal_rcc.o [1]
  .text               ro code  0x08003f78   0x104  stm32f0xx_hal_rcc_ex.o [1]
  .text               ro code  0x0800407c    0x40  stm32f0xx_hal_msp.o [1]
  .text               ro code  0x080040bc    0xda  packbits_init.o [5]
  .text               ro code  0x08004196     0xa  abort.o [3]
  .text               ro code  0x080041a0    0x14  exit.o [6]
  .text               ro code  0x080041b4    0x70  system_stm32f0xx.o [1]
  .text               ro code  0x08004224    0x64  stm32f0xx_it.o [1]
  .rodata             const    0x08004288    0x28  xprintffull.o [3]
  .text               ro code  0x080042b0    0x28  data_init.o [5]
  .iar.init_table     const    0x080042d8    0x2c  - Linker created -
  .text               ro code  0x08004304    0x1a  cmain.o [5]
  .text               ro code  0x0800431e     0x4  low_level_init.o [3]
  .text               ro code  0x08004322     0x8  exit.o [3]
  .text               ro code  0x0800432a     0x2  startup_stm32f030x8.o [1]
  .text               ro code  0x0800432c     0xa  cexit.o [5]
  .text               ro code  0x08004336    0x16  xprout.o [3]
  .text               ro code  0x0800434c    0x10  putchar.o [3]
  .text               ro code  0x0800435c    0x10  startup_stm32f030x8.o [1]
  .text               ro code  0x0800436c     0xc  cstartup_M.o [5]
  .rodata             const    0x08004378     0x8  system_stm32f0xx.o [1]
  .text               ro code  0x08004380     0x2  startup_stm32f030x8.o [1]
  .text               ro code  0x08004382     0x2  startup_stm32f030x8.o [1]
  .text               ro code  0x08004384     0x2  startup_stm32f030x8.o [1]
  .text               ro code  0x08004386     0x2  startup_stm32f030x8.o [1]
  .text               ro code  0x08004388     0x2  startup_stm32f030x8.o [1]
  .text               ro code  0x0800438a     0x2  startup_stm32f030x8.o [1]
  .text               ro code  0x0800438c     0x2  startup_stm32f030x8.o [1]
  .text               ro code  0x0800438e     0x2  startup_stm32f030x8.o [1]
  .text               ro code  0x08004390     0x2  startup_stm32f030x8.o [1]
  .text               ro code  0x08004392     0x2  startup_stm32f030x8.o [1]
  .text               ro code  0x08004394     0x2  startup_stm32f030x8.o [1]
  .text               ro code  0x08004396     0x2  startup_stm32f030x8.o [1]
  .text               ro code  0x08004398     0x2  startup_stm32f030x8.o [1]
  .text               ro code  0x0800439a     0x2  startup_stm32f030x8.o [1]
  .text               ro code  0x0800439c     0x2  startup_stm32f030x8.o [1]
  .text               ro code  0x0800439e     0x2  startup_stm32f030x8.o [1]
  .text               ro code  0x080043a0     0x2  startup_stm32f030x8.o [1]
  .rodata             const    0x080043a2     0x0  zero_init3.o [5]
  .rodata             const    0x080043a2     0x0  packbits_init.o [5]
  Initializer bytes   ro data  0x080043a2    0x33  <for P2 s0>
                             - 0x080043d5  0x4321

"P2", part 1 of 3:                          0x140
  P2 s0                        0x20000000   0x140  <Init block>
    __DLIB_PERTHREAD  inited   0x20000000    0x88  localeconv.o [3]
    __DLIB_PERTHREAD  inited   0x20000088    0x74  setlocale.o [3]
    .data             inited   0x200000fc    0x40  xfiles.o [3]
    .data             inited   0x2000013c     0x4  system_stm32f0xx.o [1]
                             - 0x20000140   0x140

"P2", part 2 of 3:                          0x258
  .bss                zero     0x20000140    0xf0  i2c.o [1]
  .bss                zero     0x20000230    0x70  usart.o [1]
  .bss                zero     0x200002a0    0x50  xfiles.o [3]
  .bss                zero     0x200002f0    0x4c  i2c.o [1]
  .bss                zero     0x2000033c    0x4c  i2c.o [1]
  .bss                zero     0x20000388     0x8  xxmemxmalloc.o [3]
  .bss                zero     0x20000390     0x4  stm32f0xx_hal.o [1]
  .bss                zero     0x20000394     0x4  xgetmemchunk.o [3]
                             - 0x20000398   0x258

"P2", part 3 of 3:                          0x600
  CSTACK                       0x20000398   0x400  <Block>
    CSTACK            uninit   0x20000398   0x400  <Block tail>
  HEAP                         0x20000798   0x200  <Block>
    HEAP              uninit   0x20000798   0x200  <Block tail>
                             - 0x20000998   0x600


*******************************************************************************
*** INIT TABLE
***

          Address     Size
          -------     ----
Zero (__iar_zero_init3)
    1 destination range, total size 0x258:
          0x20000140  0x258

Copy/packbits (__iar_packbits_init3)
    1 source range, total size 0x33 (15% of destination):
          0x080043a2   0x33
    1 destination range, total size 0x140:
          0x20000000  0x140



*******************************************************************************
*** MODULE SUMMARY
***

    Module                  ro code  ro data  rw data
    ------                  -------  -------  -------
E:\CubeProject\STM32030_Cube_I2C\EWARM\STM32030_Cube_I2C\Obj: [1]
    dma.o                        60
    gpio.o                       68
    i2c.o                       560               392
    main.o                      304
    startup_stm32f030x8.o       240
    stm32f0xx_hal.o             112                 4
    stm32f0xx_hal_cortex.o      186
    stm32f0xx_hal_dma.o       1 000
    stm32f0xx_hal_gpio.o        628
    stm32f0xx_hal_i2c.o       2 976
    stm32f0xx_hal_i2c_ex.o       92
    stm32f0xx_hal_msp.o          64
    stm32f0xx_hal_rcc.o       1 356
    stm32f0xx_hal_rcc_ex.o      260
    stm32f0xx_hal_uart.o      1 060
    stm32f0xx_it.o              100
    system_stm32f0xx.o          112        9        4
    usart.o                     128               112
    -------------------------------------------------
    Total:                    9 306        9      512

command line: [2]
    -------------------------------------------------
    Total:

dl6M_tlf.a: [3]
    abort.o                      10
    div.o                        32
    exit.o                        8
    localeconv.o                104       21      136
    low_level_init.o              4
    printf.o                     36
    putchar.o                    16
    setlocale.o                  20       19      116
    xencoding_sb.o               80
    xfiles.o                              10      144
    xgetmemchunk.o               44                 4
    xmbcurmax.o                  10
    xmbtowc.o                    28
    xprintffull.o             4 710       40
    xprout.o                     22
    xtls.o                        2
    xwctomb.o                    24
    xxmemxfree.o                136
    xxmemxmalloc.o              184                 8
    -------------------------------------------------
    Total:                    5 470       90      408

m6M_tl.a: [4]
    DblAddSub.o                 424
    DblCmpGe.o                   50
    DblCmpLe.o                   50
    DblDiv.o                    194
    DblMul.o                    388
    DblToI32.o                   82
    I32ToDbl.o                   52
    xdnorm.o                     68
    xdscale.o                   284
    -------------------------------------------------
    Total:                    1 592

rt6M_tl.a: [5]
    ABImemcpy.o                  92
    I32DivModFast.o             224
    I64DivMod.o                 106
    I64DivZer.o                   2
    IntDivZer.o                   2
    cexit.o                      10
    cmain.o                      26
    cstartup_M.o                 12
    data_init.o                  40
    memchr.o                     24
    packbits_init.o             218
    strchr.o                     20
    strlen.o                     16
    zero_init3.o                 42
    -------------------------------------------------
    Total:                      834

shb_l.a: [6]
    exit.o                       20
    -------------------------------------------------
    Total:                       20

    Linker created                        44    1 536
-----------------------------------------------------
    Grand Total:             17 222      143    2 456


*******************************************************************************
*** ENTRY LIST
***

Entry                      Address   Size  Type      Object
-----                      -------   ----  ----      ------
?main                   0x08004305         Code  Gb  cmain.o [5]
AHBPrescTable           0x08004214   0x10  Data  Gb  system_stm32f0xx.o [1]
APBPrescTable           0x08004378    0x8  Data  Gb  system_stm32f0xx.o [1]
CSTACK$$Base            0x20000398          --   Gb  - Linker created -
CSTACK$$Limit           0x20000798          --   Gb  - Linker created -
DMA1_Channel2_3_IRQHandler
                        0x08004239   0x10  Code  Gb  stm32f0xx_it.o [1]
DMA1_Channel4_5_IRQHandler
                        0x08004249   0x10  Code  Gb  stm32f0xx_it.o [1]
DMA_SetConfig           0x08002fa1   0x18  Code  Lc  stm32f0xx_hal_dma.o [1]
Error_Handler           0x080030c5    0x2  Code  Gb  main.o [1]
HAL_DMA_Abort_IT        0x08002d31   0x6e  Code  Gb  stm32f0xx_hal_dma.o [1]
HAL_DMA_DeInit          0x08002c21   0xbc  Code  Gb  stm32f0xx_hal_dma.o [1]
HAL_DMA_IRQHandler      0x08002db9  0x1d4  Code  Gb  stm32f0xx_hal_dma.o [1]
HAL_DMA_Init            0x08002bd1   0x50  Code  Gb  stm32f0xx_hal_dma.o [1]
HAL_DMA_Start_IT        0x08002cdd   0x54  Code  Gb  stm32f0xx_hal_dma.o [1]
HAL_Delay               0x080038e7   0x18  Code  Wk  stm32f0xx_hal.o [1]
HAL_GPIO_DeInit         0x080032ad   0xf2  Code  Gb  stm32f0xx_hal_gpio.o [1]
HAL_GPIO_Init           0x08003145  0x168  Code  Gb  stm32f0xx_hal_gpio.o [1]
HAL_GetTick             0x080038e1    0x6  Code  Wk  stm32f0xx_hal.o [1]
HAL_I2CEx_ConfigAnalogFilter
                        0x080030e9   0x3c  Code  Gb  stm32f0xx_hal_i2c_ex.o [1]
HAL_I2C_AbortCpltCallback
                        0x0800205b    0x2  Code  Wk  stm32f0xx_hal_i2c.o [1]
HAL_I2C_AddrCallback    0x08002051    0x2  Code  Wk  stm32f0xx_hal_i2c.o [1]
HAL_I2C_DeInit          0x08001eab   0x34  Code  Gb  stm32f0xx_hal_i2c.o [1]
HAL_I2C_ER_IRQHandler   0x08001feb   0x5e  Code  Gb  stm32f0xx_hal_i2c.o [1]
HAL_I2C_EV_IRQHandler   0x08001fd9   0x12  Code  Gb  stm32f0xx_hal_i2c.o [1]
HAL_I2C_ErrorCallback   0x08002059    0x2  Code  Wk  stm32f0xx_hal_i2c.o [1]
HAL_I2C_Init            0x08001e01   0xaa  Code  Gb  stm32f0xx_hal_i2c.o [1]
HAL_I2C_ListenCpltCallback
                        0x08002053    0x2  Code  Wk  stm32f0xx_hal_i2c.o [1]
HAL_I2C_MasterRxCpltCallback
                        0x0800204b    0x2  Code  Wk  stm32f0xx_hal_i2c.o [1]
HAL_I2C_MasterTxCpltCallback
                        0x08002049    0x2  Code  Wk  stm32f0xx_hal_i2c.o [1]
HAL_I2C_Master_Transmit_DMA
                        0x08001eed   0xd8  Code  Gb  stm32f0xx_hal_i2c.o [1]
HAL_I2C_MemRxCpltCallback
                        0x08002057    0x2  Code  Wk  stm32f0xx_hal_i2c.o [1]
HAL_I2C_MemTxCpltCallback
                        0x08002055    0x2  Code  Wk  stm32f0xx_hal_i2c.o [1]
HAL_I2C_MspDeInit       0x08002b4b   0x56  Code  Gb  i2c.o [1]
HAL_I2C_MspInit         0x080029f1  0x15a  Code  Gb  i2c.o [1]
HAL_I2C_SlaveRxCpltCallback
                        0x0800204f    0x2  Code  Wk  stm32f0xx_hal_i2c.o [1]
HAL_I2C_SlaveTxCpltCallback
                        0x0800204d    0x2  Code  Wk  stm32f0xx_hal_i2c.o [1]
HAL_IncTick             0x080038d7    0xa  Code  Wk  stm32f0xx_hal.o [1]
HAL_Init                0x08003899   0x1a  Code  Gb  stm32f0xx_hal.o [1]
HAL_InitTick            0x080038b3   0x24  Code  Wk  stm32f0xx_hal.o [1]
HAL_MspInit             0x0800407d   0x40  Code  Gb  stm32f0xx_hal_msp.o [1]
HAL_NVIC_DisableIRQ     0x08003405    0xe  Code  Gb  stm32f0xx_hal_cortex.o [1]
HAL_NVIC_EnableIRQ      0x080033f7    0xe  Code  Gb  stm32f0xx_hal_cortex.o [1]
HAL_NVIC_SetPriority    0x080033ef    0x8  Code  Gb  stm32f0xx_hal_cortex.o [1]
HAL_RCCEx_PeriphCLKConfig
                        0x08003f79   0xec  Code  Gb  stm32f0xx_hal_rcc_ex.o [1]
HAL_RCC_ClockConfig     0x08003d91  0x128  Code  Gb  stm32f0xx_hal_rcc.o [1]
HAL_RCC_GetHCLKFreq     0x08003f13    0x6  Code  Gb  stm32f0xx_hal_rcc.o [1]
HAL_RCC_GetPCLK1Freq    0x08003f1d   0x14  Code  Gb  stm32f0xx_hal_rcc.o [1]
HAL_RCC_GetSysClockFreq
                        0x08003ec1   0x52  Code  Gb  stm32f0xx_hal_rcc.o [1]
HAL_RCC_OscConfig       0x08003a2d  0x35e  Code  Gb  stm32f0xx_hal_rcc.o [1]
HAL_SYSTICK_CLKSourceConfig
                        0x0800343b   0x18  Code  Gb  stm32f0xx_hal_cortex.o [1]
HAL_SYSTICK_Callback    0x08003471    0x2  Code  Wk  stm32f0xx_hal_cortex.o [1]
HAL_SYSTICK_Config      0x08003413   0x28  Code  Gb  stm32f0xx_hal_cortex.o [1]
HAL_SYSTICK_IRQHandler  0x08003469    0x8  Code  Gb  stm32f0xx_hal_cortex.o [1]
HAL_UART_Init           0x08003475   0x58  Code  Gb  stm32f0xx_hal_uart.o [1]
HAL_UART_MspInit        0x080039b9   0x44  Code  Gb  usart.o [1]
HAL_UART_Transmit       0x080034df   0xb6  Code  Gb  stm32f0xx_hal_uart.o [1]
HEAP$$Base              0x20000798          --   Gb  - Linker created -
HEAP$$Limit             0x20000998          --   Gb  - Linker created -
HardFault_Handler       0x08004227    0x2  Code  Gb  stm32f0xx_it.o [1]
I2C1_IRQHandler         0x08004259   0x1c  Code  Gb  stm32f0xx_it.o [1]
I2C_DMAAbort            0x08002857   0x34  Code  Lc  stm32f0xx_hal_i2c.o [1]
I2C_DMAError            0x0800283f   0x18  Code  Lc  stm32f0xx_hal_i2c.o [1]
I2C_DMAMasterTransmitCplt
                        0x080027f5   0x38  Code  Lc  stm32f0xx_hal_i2c.o [1]
I2C_Disable_IRQ         0x0800293d   0x64  Code  Lc  stm32f0xx_hal_i2c.o [1]
I2C_Enable_IRQ          0x080028bb   0x74  Code  Lc  stm32f0xx_hal_i2c.o [1]
I2C_Flush_TXDR          0x080027d9   0x1c  Code  Lc  stm32f0xx_hal_i2c.o [1]
I2C_ITAddrCplt          0x080023cd   0x9c  Code  Lc  stm32f0xx_hal_i2c.o [1]
I2C_ITError             0x08002705   0xd0  Code  Lc  stm32f0xx_hal_i2c.o [1]
I2C_ITListenCplt        0x080026a9   0x5c  Code  Lc  stm32f0xx_hal_i2c.o [1]
I2C_ITMasterCplt        0x080024f9   0xba  Code  Lc  stm32f0xx_hal_i2c.o [1]
I2C_ITMasterSequentialCplt
                        0x08002469   0x46  Code  Lc  stm32f0xx_hal_i2c.o [1]
I2C_ITSlaveCplt         0x080025b3   0xf6  Code  Lc  stm32f0xx_hal_i2c.o [1]
I2C_ITSlaveSequentialCplt
                        0x080024af   0x4a  Code  Lc  stm32f0xx_hal_i2c.o [1]
I2C_Master_ISR_DMA      0x080022a1   0xc2  Code  Lc  stm32f0xx_hal_i2c.o [1]
I2C_Master_ISR_IT       0x0800205d  0x122  Code  Lc  stm32f0xx_hal_i2c.o [1]
I2C_Slave_ISR_DMA       0x08002363   0x6a  Code  Lc  stm32f0xx_hal_i2c.o [1]
I2C_Slave_ISR_IT        0x0800217f  0x118  Code  Lc  stm32f0xx_hal_i2c.o [1]
I2C_TransferConfig      0x0800289d   0x1e  Code  Lc  stm32f0xx_hal_i2c.o [1]
InStream_Read           0x080040bd   0x22  Code  Lc  packbits_init.o [5]
MX_DMA_Init             0x0800394d   0x3c  Code  Gb  dma.o [1]
MX_GPIO_Init            0x08003909   0x44  Code  Gb  gpio.o [1]
MX_I2C1_Init            0x080029a1   0x10  Code  Gb  i2c.o [1]
MX_I2C2_Init            0x080029b1    0xe  Code  Gb  i2c.o [1]
MX_USART1_UART_Init     0x08003989   0x30  Code  Gb  usart.o [1]
NMI_Handler             0x08004225    0x2  Code  Gb  stm32f0xx_it.o [1]
NVIC_SetPriority        0x080033b9   0x36  Code  Lc  stm32f0xx_hal_cortex.o [1]
PendSV_Handler          0x0800422b    0x2  Code  Gb  stm32f0xx_it.o [1]
Region$$Table$$Base     0x080042d8          --   Gb  - Linker created -
Region$$Table$$Limit    0x08004304          --   Gb  - Linker created -
SVC_Handler             0x08004229    0x2  Code  Gb  stm32f0xx_it.o [1]
SysTick_Handler         0x0800422d    0xc  Code  Gb  stm32f0xx_it.o [1]
SystemClock_Config      0x08003049   0x7c  Code  Gb  main.o [1]
SystemCoreClock         0x2000013c    0x4  Data  Gb  system_stm32f0xx.o [1]
SystemInit              0x080041b5   0x48  Code  Gb  system_stm32f0xx.o [1]
UART_AdvFeatureConfig   0x080036b5   0xc8  Code  Gb  stm32f0xx_hal_uart.o [1]
UART_CheckIdleState     0x08003789    0xe  Code  Gb  stm32f0xx_hal_uart.o [1]
UART_SetConfig          0x080035a3  0x112  Code  Gb  stm32f0xx_hal_uart.o [1]
UART_WaitOnFlagUntilTimeout
                        0x08003797   0xbe  Code  Gb  stm32f0xx_hal_uart.o [1]
_EncodingSb_Mbtowc      0x08001d91   0x2c  Code  Gb  xencoding_sb.o [3]
_EncodingSb_Wctomb      0x08001d7d   0x14  Code  Gb  xencoding_sb.o [3]
_GenldFull              0x08001055  0x292  Code  Lc  xprintffull.o [3]
_IsdstStr               0x2000008c    0x4  Data  Gb  setlocale.o [3]
_LdtobFull              0x08000c1d  0x426  Code  Lc  xprintffull.o [3]
_LitobFull              0x08000aa5  0x12e  Code  Lc  xprintffull.o [3]
_LocaleEncoding         0x08001d69    0xc  Code  Gb  setlocale.o [3]
_LocaleReturnString     0x200000ac   0x50  Data  Lc  setlocale.o [3]
_Locale_Profile         0x20000090   0x1c  Data  Gb  setlocale.o [3]
_Locale_aeabi_lconv     0x20000050   0x38  Data  Gb  localeconv.o [3]
_Locale_lconv           0x20000000   0x50  Data  Gb  localeconv.o [3]
_Mbtowc                 0x0800131b   0x1c  Code  Gb  xmbtowc.o [3]
_PrintfFull             0x080000b5  0x6d0  Code  Gb  xprintffull.o [3]
_Prout                  0x08004337   0x16  Code  Gb  xprout.o [3]
_PutcharsFull           0x080012e7   0x30  Code  Lc  xprintffull.o [3]
_PutstrFull             0x08000785  0x31c  Code  Lc  xprintffull.o [3]
_TzoneStr               0x20000088    0x4  Data  Gb  setlocale.o [3]
_Wctomb                 0x08001435   0x18  Code  Gb  xwctomb.o [3]
__ICFEDIT_region_RAM_end__ {Abs}
                        0x20001fff          --   Gb  command line/config [2]
__ICFEDIT_region_RAM_start__ {Abs}
                        0x20000000          --   Gb  command line/config [2]
__aeabi_cdcmple         0x08001763         Code  Gb  DblCmpLe.o [4]
__aeabi_cdrcmple        0x08001795         Code  Gb  DblCmpGe.o [4]
__aeabi_d2iz            0x0800190d         Code  Gb  DblToI32.o [4]
__aeabi_d2uiz           0x08001931         Code  Gb  DblToI32.o [4]
__aeabi_ddiv            0x08001c1d         Code  Gb  DblDiv.o [4]
__aeabi_dmul            0x0800159b         Code  Gb  DblMul.o [4]
__aeabi_dsub            0x08001a4f         Code  Gb  DblAddSub.o [4]
__aeabi_i2d             0x08001961         Code  Gb  I32ToDbl.o [4]
__aeabi_idiv            0x08001b69         Code  Gb  I32DivModFast.o [5]
__aeabi_idiv0           0x08001dfd         Code  Gb  IntDivZer.o [5]
__aeabi_idivmod         0x08001b69         Code  Gb  I32DivModFast.o [5]
__aeabi_ldiv0           0x08001df9         Code  Gb  I64DivZer.o [5]
__aeabi_memcpy          0x0800144d         Code  Gb  ABImemcpy.o [5]
__aeabi_memcpy4         0x08001475         Code  Gb  ABImemcpy.o [5]
__aeabi_memcpy8         0x08001475         Code  Gb  ABImemcpy.o [5]
__aeabi_ui2d            0x08001975         Code  Gb  I32ToDbl.o [4]
__aeabi_uidiv           0x08001b6f         Code  Gb  I32DivModFast.o [5]
__aeabi_uidivmod        0x08001b6f         Code  Gb  I32DivModFast.o [5]
__aeabi_uldivmod        0x08001531         Code  Gb  I64DivMod.o [5]
__cmain                 0x08004305         Code  Gb  cmain.o [5]
__data_Aldata           0x20000388    0x8  Data  Gb  xxmemxmalloc.o [3]
__data_GetMemChunk      0x08001dcd   0x2c  Code  Gb  xgetmemchunk.o [3]
__exit                  0x080041a1   0x14  Code  Gb  exit.o [6]
__iar_Dnorm             0x0800171f   0x44  Code  Gb  xdnorm.o [4]
__iar_Dscale            0x080017f1  0x11c  Code  Gb  xdscale.o [4]
__iar_Locale_lconv_init
                        0x08001ce1   0x32  Code  Gb  localeconv.o [3]
__iar_Mbcurmax          0x08001373    0xa  Code  Gb  xmbcurmax.o [3]
__iar_Memchr            0x0800135b   0x18  Code  Gb  memchr.o [5]
__iar_Stdout            0x200000fc   0x40  Data  Gb  xfiles.o [3]
__iar_Strchr            0x08001337   0x14  Code  Gb  strchr.o [5]
__iar_d2uiz             0x08001935         Code  Gb  DblToI32.o [4]
__iar_data_init3        0x080042b1   0x28  Code  Gb  data_init.o [5]
__iar_dlib_perthread_access
                        0x08001dff    0x2  Code  Gb  xtls.o [3]
__iar_packbits_init3    0x080040df   0xb8  Code  Gb  packbits_init.o [5]
__iar_program_start     0x0800436d         Code  Gb  cstartup_M.o [5]
__iar_ui2d              0x08001979         Code  Gb  I32ToDbl.o [4]
__iar_zero_init3        0x080017c7   0x2a  Code  Gb  zero_init3.o [5]
__low_level_init        0x0800431f    0x4  Code  Gb  low_level_init.o [3]
__vector_table          0x08000000         Data  Gb  startup_stm32f030x8.o [1]
_call_main              0x08004311         Code  Gb  cmain.o [5]
_exit                   0x0800432d         Code  Gb  cexit.o [5]
_main                   0x0800431b         Code  Gb  cmain.o [5]
abort                   0x08004197    0xa  Code  Gb  abort.o [3]
div                     0x08001d49   0x20  Code  Gb  div.o [3]
exit                    0x08004323    0x8  Code  Gb  exit.o [3]
fputc                   0x08002fb9   0x14  Code  Gb  main.o [1]
free                    0x080014a9   0x82  Code  Gb  xxmemxfree.o [3]
hdma_i2c1_rx            0x2000017c   0x3c  Data  Gb  i2c.o [1]
hdma_i2c1_tx            0x20000140   0x3c  Data  Gb  i2c.o [1]
hdma_i2c2_rx            0x200001b8   0x3c  Data  Gb  i2c.o [1]
hdma_i2c2_tx            0x200001f4   0x3c  Data  Gb  i2c.o [1]
hi2c1                   0x200002f0   0x4c  Data  Gb  i2c.o [1]
hi2c2                   0x2000033c   0x4c  Data  Gb  i2c.o [1]
huart1                  0x20000230   0x70  Data  Gb  usart.o [1]
localeconv              0x08001d13   0x18  Code  Gb  localeconv.o [3]
main                    0x08002fcd   0x72  Code  Gb  main.o [1]
malloc                  0x0800137d   0xb4  Code  Gb  xxmemxmalloc.o [3]
obuf                    0x200002a0   0x50  Data  Lc  xfiles.o [3]
printf                  0x08003a09   0x24  Code  Gb  printf.o [3]
putchar                 0x0800434d   0x10  Code  Gb  putchar.o [3]
scale                   0x08000bd3   0x42  Code  Lc  xprintffull.o [3]
strlen                  0x0800134b   0x10  Code  Gb  strlen.o [5]
uwTick                  0x20000390    0x4  Data  Gb  stm32f0xx_hal.o [1]


[1] = E:\CubeProject\STM32030_Cube_I2C\EWARM\STM32030_Cube_I2C\Obj
[2] = command line
[3] = dl6M_tlf.a
[4] = m6M_tl.a
[5] = rt6M_tl.a
[6] = shb_l.a

  17 222 bytes of readonly  code memory
     143 bytes of readonly  data memory
   2 456 bytes of readwrite data memory

Errors: none
Warnings: none
