###############################################################################
#
# IAR ELF Linker V7.10.1.6676/W32 for ARM                 10/Nov/2016  15:01:54
# Copyright 2007-2014 IAR Systems AB.
#
#    Output file  =  
#        E:\CubeProject\STM32F103_BASE_V1.0_Test\EWARM\STM32F103\Exe\STM32F103.out
#    Map file     =  
#        E:\CubeProject\STM32F103_BASE_V1.0_Test\EWARM\STM32F103/List\STM32F103.map
#    Command line =  
#        E:\CubeProject\STM32F103_BASE_V1.0_Test\EWARM\STM32F103\Obj\ComBuff.o
#        E:\CubeProject\STM32F103_BASE_V1.0_Test\EWARM\STM32F103\Obj\dma.o
#        E:\CubeProject\STM32F103_BASE_V1.0_Test\EWARM\STM32F103\Obj\gpio.o
#        E:\CubeProject\STM32F103_BASE_V1.0_Test\EWARM\STM32F103\Obj\i2c.o
#        E:\CubeProject\STM32F103_BASE_V1.0_Test\EWARM\STM32F103\Obj\List.o
#        E:\CubeProject\STM32F103_BASE_V1.0_Test\EWARM\STM32F103\Obj\LOG.o
#        E:\CubeProject\STM32F103_BASE_V1.0_Test\EWARM\STM32F103\Obj\main.o
#        E:\CubeProject\STM32F103_BASE_V1.0_Test\EWARM\STM32F103\Obj\Protocol.o
#        E:\CubeProject\STM32F103_BASE_V1.0_Test\EWARM\STM32F103\Obj\ProtocolFrame.o
#        E:\CubeProject\STM32F103_BASE_V1.0_Test\EWARM\STM32F103\Obj\ProtocolHandle.o
#        E:\CubeProject\STM32F103_BASE_V1.0_Test\EWARM\STM32F103\Obj\Queue.o
#        E:\CubeProject\STM32F103_BASE_V1.0_Test\EWARM\STM32F103\Obj\startup_stm32f103xe.o
#        E:\CubeProject\STM32F103_BASE_V1.0_Test\EWARM\STM32F103\Obj\stm32f1xx_hal.o
#        E:\CubeProject\STM32F103_BASE_V1.0_Test\EWARM\STM32F103\Obj\stm32f1xx_hal_cortex.o
#        E:\CubeProject\STM32F103_BASE_V1.0_Test\EWARM\STM32F103\Obj\stm32f1xx_hal_dma.o
#        E:\CubeProject\STM32F103_BASE_V1.0_Test\EWARM\STM32F103\Obj\stm32f1xx_hal_flash.o
#        E:\CubeProject\STM32F103_BASE_V1.0_Test\EWARM\STM32F103\Obj\stm32f1xx_hal_flash_ex.o
#        E:\CubeProject\STM32F103_BASE_V1.0_Test\EWARM\STM32F103\Obj\stm32f1xx_hal_gpio.o
#        E:\CubeProject\STM32F103_BASE_V1.0_Test\EWARM\STM32F103\Obj\stm32f1xx_hal_gpio_ex.o
#        E:\CubeProject\STM32F103_BASE_V1.0_Test\EWARM\STM32F103\Obj\stm32f1xx_hal_i2c.o
#        E:\CubeProject\STM32F103_BASE_V1.0_Test\EWARM\STM32F103\Obj\stm32f1xx_hal_msp.o
#        E:\CubeProject\STM32F103_BASE_V1.0_Test\EWARM\STM32F103\Obj\stm32f1xx_hal_pwr.o
#        E:\CubeProject\STM32F103_BASE_V1.0_Test\EWARM\STM32F103\Obj\stm32f1xx_hal_rcc.o
#        E:\CubeProject\STM32F103_BASE_V1.0_Test\EWARM\STM32F103\Obj\stm32f1xx_hal_rcc_ex.o
#        E:\CubeProject\STM32F103_BASE_V1.0_Test\EWARM\STM32F103\Obj\stm32f1xx_hal_tim.o
#        E:\CubeProject\STM32F103_BASE_V1.0_Test\EWARM\STM32F103\Obj\stm32f1xx_hal_tim_ex.o
#        E:\CubeProject\STM32F103_BASE_V1.0_Test\EWARM\STM32F103\Obj\stm32f1xx_hal_uart.o
#        E:\CubeProject\STM32F103_BASE_V1.0_Test\EWARM\STM32F103\Obj\stm32f1xx_it.o
#        E:\CubeProject\STM32F103_BASE_V1.0_Test\EWARM\STM32F103\Obj\system_stm32f1xx.o
#        E:\CubeProject\STM32F103_BASE_V1.0_Test\EWARM\STM32F103\Obj\TaskTimeManager.o
#        E:\CubeProject\STM32F103_BASE_V1.0_Test\EWARM\STM32F103\Obj\usart.o
#        --redirect _Printf=_PrintfFull --redirect _Scanf=_ScanfFull -o
#        E:\CubeProject\STM32F103_BASE_V1.0_Test\EWARM\STM32F103\Exe\STM32F103.out
#        --map
#        E:\CubeProject\STM32F103_BASE_V1.0_Test\EWARM\STM32F103/List\STM32F103.map
#        --config
#        E:\CubeProject\STM32F103_BASE_V1.0_Test\EWARM/stm32f103xe_flash.icf
#        --semihosting --entry __iar_program_start --vfe
#
###############################################################################

*******************************************************************************
*** RUNTIME MODEL ATTRIBUTES
***

CppFlavor                     = *
__Heap_Handler                = DLMalloc
__SystemLibrary               = DLib
__dlib_dynamic_initialization = normal


*******************************************************************************
*** PLACEMENT SUMMARY
***

"A1":  place at 0x08000000 { ro section .intvec };
"P1":  place in [from 0x08000000 to 0x0807ffff] { ro };
"P2":  place in [from 0x20000000 to 0x2000ffff] { rw, block CSTACK, block HEAP };

  Section             Kind        Address    Size  Object
  -------             ----        -------    ----  ------
"A1":                                       0x130
  .intvec             ro code  0x08000000   0x130  startup_stm32f103xe.o [1]
                             - 0x08000130   0x130

"P1":                                      0x61f6
  .text               ro code  0x08000130  0x1560  dlmalloc.o [3]
  .text               ro code  0x08001690     0x6  abort.o [3]
  .text               ro code  0x08001696    0x22  zero_init3.o [5]
  .text               ro code  0x080016b8    0x2c  xgetmemchunk.o [3]
  .text               ro code  0x080016e4    0x14  exit.o [6]
  .text               ro code  0x080016f8  0x1106  xprintffull.o [3]
  .text               ro code  0x080027fe    0x20  xmbtowc.o [3]
  .text               ro code  0x0800281e     0xa  xsprout.o [3]
  .text               ro code  0x08002828    0x16  strchr.o [5]
  .text               ro code  0x08002840    0x36  strlen.o [5]
  .text               ro code  0x08002878    0x58  memchr.o [5]
  .text               ro code  0x080028d0     0xa  xmbcurmax.o [3]
  .text               ro code  0x080028da    0x1a  xwctomb.o [3]
  .text               ro code  0x080028f4    0x76  ABImemcpy_unaligned.o [5]
  .text               ro code  0x0800296c    0xee  I64DivMod.o [5]
  .text               ro code  0x08002a5c   0x1a2  DblMul.o [4]
  .text               ro code  0x08002bfe    0x42  xdnorm.o [4]
  .text               ro code  0x08002c40    0x2e  DblCmpLe.o [4]
  .text               ro code  0x08002c70    0x2e  DblCmpGe.o [4]
  .text               ro code  0x08002ca0   0x10c  xdscale.o [4]
  .text               ro code  0x08002dac    0x58  DblToI32.o [4]
  .text               ro code  0x08002e04    0x30  I32ToDbl.o [4]
  .text               ro code  0x08002e34   0x180  DblSub.o [4]
  .text               ro code  0x08002fb4   0x246  DblDiv.o [4]
  .text               ro code  0x080031fc    0x6c  localeconv.o [3]
  .text               ro code  0x08003268     0xe  div.o [3]
  .text               ro code  0x08003278    0x14  setlocale.o [3]
  .text               ro code  0x0800328c    0x60  xencoding_sb.o [3]
  .text               ro code  0x080032ec     0x2  I64DivZer.o [5]
  .text               ro code  0x080032f0    0xd4  DblAdd.o [4]
  .text               ro code  0x080033c4     0x2  xtls.o [3]
  .text               ro code  0x080033c8   0x5e4  stm32f1xx_hal_uart.o [1]
  .text               ro code  0x080039ac   0x108  usart.o [1]
  .text               ro code  0x08003ab4   0x4b2  stm32f1xx_hal_dma.o [1]
  .text               ro code  0x08003f68   0x3f8  ComBuff.o [1]
  .text               ro code  0x08004360    0x74  stm32f1xx_hal.o [1]
  .text               ro code  0x080043d4   0x4aa  stm32f1xx_hal_rcc.o [1]
  .text               ro code  0x08004880   0x19c  main.o [1]
  .text               ro code  0x08004a1c   0x1c8  stm32f1xx_hal_gpio.o [1]
  .text               ro code  0x08004be4    0xf4  stm32f1xx_hal_cortex.o [1]
  .text               ro code  0x08004cd8   0x14c  Queue.o [1]
  .text               ro code  0x08004e24    0x84  stm32f1xx_hal_msp.o [1]
  .text               ro code  0x08004ea8    0x24  printf.o [3]
  .text               ro code  0x08004ecc   0x52c  ProtocolFrame.o [1]
  .text               ro code  0x080053f8     0x6  ABImemclr4.o [5]
  .text               ro code  0x08005400    0x44  gpio.o [1]
  .text               ro code  0x08005444    0x60  dma.o [1]
  .text               ro code  0x080054a4   0x108  i2c.o [1]
  .text               ro code  0x080055ac   0x1f8  TaskTimeManager.o [1]
  .text               ro code  0x080057a4    0x70  LOG.o [1]
  .text               ro code  0x08005814     0x6  ABImemclr.o [5]
  .text               ro code  0x0800581a     0xc  memcpy.o [3]
  .text               ro code  0x08005828    0x34  sprintf.o [3]
  .text               ro code  0x0800585c    0xe8  List.o [1]
  .text               ro code  0x08005944    0x8e  Protocol.o [1]
  .text               ro code  0x080059d4    0x32  ABImemset48.o [5]
  .text               ro code  0x08005a08   0x40e  stm32f1xx_hal_i2c.o [1]
  .text               ro code  0x08005e18    0x66  ABImemset.o [5]
  .text               ro code  0x08005e7e    0x14  memset.o [3]
  .text               ro code  0x08005e92    0xd4  packbits_init.o [5]
  .text               ro code  0x08005f68    0x94  dlmalloc_stat.o [3]
  .text               ro code  0x08005ffc    0x34  fprintf.o [3]
  .text               ro code  0x08006030     0x4  xsyslock_nop.o [3]
  .text               ro code  0x08006034    0x60  stm32f1xx_it.o [1]
  .text               ro code  0x08006094    0x5c  system_stm32f1xx.o [1]
  .text               ro code  0x080060f0    0x28  data_init.o [5]
  .iar.init_table     const    0x08006118    0x2c  - Linker created -
  .text               ro code  0x08006144    0x20  ProtocolHandle.o [1]
  .text               ro code  0x08006164    0x1a  cmain.o [5]
  .text               ro code  0x0800617e     0x4  low_level_init.o [3]
  .text               ro code  0x08006182     0x4  exit.o [3]
  .text               ro code  0x08006188     0xa  cexit.o [5]
  .text               ro code  0x08006192    0x18  xfprout.o [3]
  .text               ro code  0x080061aa    0x16  xprout.o [3]
  .text               ro code  0x080061c0     0xc  putchar.o [3]
  .text               ro code  0x080061cc    0x10  startup_stm32f103xe.o [1]
  .text               ro code  0x080061dc     0xc  cstartup_M.o [5]
  .rodata             const    0x080061e8     0x8  system_stm32f1xx.o [1]
  .text               ro code  0x080061f0     0x4  startup_stm32f103xe.o [1]
  .text               ro code  0x080061f4     0x4  startup_stm32f103xe.o [1]
  .text               ro code  0x080061f8     0x4  startup_stm32f103xe.o [1]
  .text               ro code  0x080061fc     0x4  startup_stm32f103xe.o [1]
  .text               ro code  0x08006200     0x4  startup_stm32f103xe.o [1]
  .text               ro code  0x08006204     0x4  startup_stm32f103xe.o [1]
  .text               ro code  0x08006208     0x4  startup_stm32f103xe.o [1]
  .text               ro code  0x0800620c     0x4  startup_stm32f103xe.o [1]
  .text               ro code  0x08006210     0x4  startup_stm32f103xe.o [1]
  .text               ro code  0x08006214     0x4  startup_stm32f103xe.o [1]
  .text               ro code  0x08006218     0x4  startup_stm32f103xe.o [1]
  .text               ro code  0x0800621c     0x4  startup_stm32f103xe.o [1]
  .text               ro code  0x08006220     0x4  startup_stm32f103xe.o [1]
  .text               ro code  0x08006224     0x4  startup_stm32f103xe.o [1]
  .text               ro code  0x08006228     0x4  startup_stm32f103xe.o [1]
  .text               ro code  0x0800622c     0x4  startup_stm32f103xe.o [1]
  .text               ro code  0x08006230     0x4  startup_stm32f103xe.o [1]
  .text               ro code  0x08006234     0x4  startup_stm32f103xe.o [1]
  .text               ro code  0x08006238     0x4  startup_stm32f103xe.o [1]
  .text               ro code  0x0800623c     0x4  startup_stm32f103xe.o [1]
  .text               ro code  0x08006240     0x4  startup_stm32f103xe.o [1]
  .text               ro code  0x08006244     0x4  startup_stm32f103xe.o [1]
  .text               ro code  0x08006248     0x4  startup_stm32f103xe.o [1]
  .text               ro code  0x0800624c     0x4  startup_stm32f103xe.o [1]
  .text               ro code  0x08006250     0x4  startup_stm32f103xe.o [1]
  .text               ro code  0x08006254     0x4  startup_stm32f103xe.o [1]
  .text               ro code  0x08006258     0x4  startup_stm32f103xe.o [1]
  .text               ro code  0x0800625c     0x4  startup_stm32f103xe.o [1]
  .text               ro code  0x08006260     0x4  startup_stm32f103xe.o [1]
  .text               ro code  0x08006264     0x4  startup_stm32f103xe.o [1]
  .text               ro code  0x08006268     0x4  startup_stm32f103xe.o [1]
  .text               ro code  0x0800626c     0x4  startup_stm32f103xe.o [1]
  .text               ro code  0x08006270     0x4  startup_stm32f103xe.o [1]
  .text               ro code  0x08006274     0x4  startup_stm32f103xe.o [1]
  .text               ro code  0x08006278     0x4  startup_stm32f103xe.o [1]
  .text               ro code  0x0800627c     0x4  startup_stm32f103xe.o [1]
  .text               ro code  0x08006280     0x4  startup_stm32f103xe.o [1]
  .text               ro code  0x08006284     0x4  startup_stm32f103xe.o [1]
  .text               ro code  0x08006288     0x4  startup_stm32f103xe.o [1]
  .text               ro code  0x0800628c     0x4  startup_stm32f103xe.o [1]
  .text               ro code  0x08006290     0x4  startup_stm32f103xe.o [1]
  .text               ro code  0x08006294     0x4  startup_stm32f103xe.o [1]
  .text               ro code  0x08006298     0x4  startup_stm32f103xe.o [1]
  .text               ro code  0x0800629c     0x4  startup_stm32f103xe.o [1]
  .text               ro code  0x080062a0     0x4  startup_stm32f103xe.o [1]
  .text               ro code  0x080062a4     0x4  startup_stm32f103xe.o [1]
  .text               ro code  0x080062a8     0x4  startup_stm32f103xe.o [1]
  .text               ro code  0x080062ac     0x4  startup_stm32f103xe.o [1]
  .text               ro code  0x080062b0     0x4  startup_stm32f103xe.o [1]
  .text               ro code  0x080062b4     0x4  startup_stm32f103xe.o [1]
  .text               ro code  0x080062b8     0x4  startup_stm32f103xe.o [1]
  .text               ro code  0x080062bc     0x4  startup_stm32f103xe.o [1]
  .text               ro code  0x080062c0     0x4  startup_stm32f103xe.o [1]
  .rodata             const    0x080062c4     0x0  zero_init3.o [5]
  .rodata             const    0x080062c4     0x0  packbits_init.o [5]
  Initializer bytes   ro data  0x080062c4    0x62  <for P2 s0>
                             - 0x08006326  0x61f6

"P2", part 1 of 3:                          0x1c4
  P2 s0                        0x20000000   0x1c4  <Init block>
    __DLIB_PERTHREAD  inited   0x20000000    0x88  localeconv.o [3]
    __DLIB_PERTHREAD  inited   0x20000088    0x74  setlocale.o [3]
    .data             inited   0x200000fc    0x40  xfiles.o [3]
    .data             inited   0x2000013c    0x40  xfiles.o [3]
    .data             inited   0x2000017c    0x34  TaskTimeManager.o [1]
    .data             inited   0x200001b0    0x10  ProtocolFrame.o [1]
    .data             inited   0x200001c0     0x4  system_stm32f1xx.o [1]
                             - 0x200001c4   0x1c4

"P2", part 2 of 3:                          0x4ec
  .bss                zero     0x200001c4   0x1d8  dlmalloc.o [3]
  .bss                zero     0x2000039c    0x94  ProtocolFrame.o [1]
  .bss                zero     0x20000430    0x70  i2c.o [1]
  .bss                zero     0x200004a0    0x70  usart.o [1]
  .bss                zero     0x20000510    0x50  xfiles.o [3]
  .bss                zero     0x20000560    0x50  xfiles.o [3]
  .bss                zero     0x200005b0    0x40  usart.o [1]
  .bss                zero     0x200005f0    0x3c  i2c.o [1]
  .bss                zero     0x2000062c    0x28  ComBuff.o [1]
  .bss                zero     0x20000654    0x24  ComBuff.o [1]
  .bss                zero     0x20000678    0x18  dlmalloc.o [3]
  .bss                zero     0x20000690    0x10  LOG.o [1]
  .bss                zero     0x200006a0     0x4  stm32f1xx_hal.o [1]
  .bss                zero     0x200006a4     0x4  xgetmemchunk.o [3]
  .bss                zero     0x200006a8     0x1  main.o [1]
  .bss                zero     0x200006a9     0x1  TaskTimeManager.o [1]
                             - 0x200006aa   0x4e6

"P2", part 3 of 3:                          0xc00
  CSTACK                       0x200006b0   0x400  <Block>
    CSTACK            uninit   0x200006b0   0x400  <Block tail>
  HEAP                         0x20000ab0   0x800  <Block>
    HEAP              uninit   0x20000ab0   0x800  <Block tail>
                             - 0x200012b0   0xc00


*******************************************************************************
*** INIT TABLE
***

          Address     Size
          -------     ----
Zero (__iar_zero_init3)
    1 destination range, total size 0x4e6:
          0x200001c4  0x4e6

Copy/packbits (__iar_packbits_init3)
    1 source range, total size 0x62 (21% of destination):
          0x080062c4   0x62
    1 destination range, total size 0x1c4:
          0x20000000  0x1c4



*******************************************************************************
*** MODULE SUMMARY
***

    Module                  ro code  ro data  rw data
    ------                  -------  -------  -------
E:\CubeProject\STM32F103_BASE_V1.0_Test\EWARM\STM32F103\Obj: [1]
    ComBuff.o                 1 016                76
    LOG.o                       112                16
    List.o                      232
    Protocol.o                  142
    ProtocolFrame.o           1 324        4      164
    ProtocolHandle.o             32
    Queue.o                     332
    TaskTimeManager.o           504       11       53
    dma.o                        96
    gpio.o                       68
    i2c.o                       264               172
    main.o                      412                 1
    startup_stm32f103xe.o       532
    stm32f1xx_hal.o             116                 4
    stm32f1xx_hal_cortex.o      244
    stm32f1xx_hal_dma.o       1 202
    stm32f1xx_hal_gpio.o        456
    stm32f1xx_hal_i2c.o       1 038
    stm32f1xx_hal_msp.o         132
    stm32f1xx_hal_rcc.o       1 194
    stm32f1xx_hal_uart.o      1 508
    stm32f1xx_it.o               96
    system_stm32f1xx.o           92        9        4
    usart.o                     264               176
    -------------------------------------------------
    Total:                   11 408       24      666

command line: [2]
    -------------------------------------------------
    Total:

dl7M_tlf.a: [3]
    abort.o                       6
    div.o                        14
    dlmalloc.o                5 472               496
    dlmalloc_stat.o             148
    exit.o                        4
    fprintf.o                    52
    localeconv.o                108       29      136
    low_level_init.o              4
    memcpy.o                     12
    memset.o                     20
    printf.o                     36
    putchar.o                    12
    setlocale.o                  20       25      116
    sprintf.o                    52
    xencoding_sb.o               96
    xfiles.o                              28      288
    xfprout.o                    24
    xgetmemchunk.o               44                 4
    xmbcurmax.o                  10
    xmbtowc.o                    32
    xprintffull.o             4 358
    xprout.o                     22
    xsprout.o                    10
    xsyslock_nop.o                4
    xtls.o                        2
    xwctomb.o                    26
    -------------------------------------------------
    Total:                   10 588       82    1 040

m7M_tl.a: [4]
    DblAdd.o                    212
    DblCmpGe.o                   46
    DblCmpLe.o                   46
    DblDiv.o                    582
    DblMul.o                    418
    DblSub.o                    384
    DblToI32.o                   88
    I32ToDbl.o                   48
    xdnorm.o                     66
    xdscale.o                   268
    -------------------------------------------------
    Total:                    2 158

rt7M_tl.a: [5]
    ABImemclr.o                   6
    ABImemclr4.o                  6
    ABImemcpy_unaligned.o       118
    ABImemset.o                 102
    ABImemset48.o                50
    I64DivMod.o                 238
    I64DivZer.o                   2
    cexit.o                      10
    cmain.o                      26
    cstartup_M.o                 12
    data_init.o                  40
    memchr.o                     88
    packbits_init.o             212
    strchr.o                     22
    strlen.o                     54
    zero_init3.o                 34
    -------------------------------------------------
    Total:                    1 020

shb_l.a: [6]
    exit.o                       20
    -------------------------------------------------
    Total:                       20

    Gaps                         38
    Linker created                        44    3 072
-----------------------------------------------------
    Grand Total:             25 232      150    4 778


*******************************************************************************
*** ENTRY LIST
***

Entry                      Address   Size  Type      Object
-----                      -------   ----  ----      ------
?main                   0x08006165         Code  Gb  cmain.o [5]
AHBPrescTable           0x080060e0   0x10  Data  Gb  system_stm32f1xx.o [1]
APBPrescTable           0x080061e8    0x8  Data  Gb  system_stm32f1xx.o [1]
BusFault_Handler        0x0800603b    0x2  Code  Gb  stm32f1xx_it.o [1]
CSTACK$$Base            0x200006b0          --   Gb  - Linker created -
CSTACK$$Limit           0x20000ab0          --   Gb  - Linker created -
ComBuff_Init            0x08003f69   0x64  Code  Gb  ComBuff.o [1]
DMA1_Channel4_IRQHandler
                        0x08006053    0x6  Code  Gb  stm32f1xx_it.o [1]
DMA1_Channel5_IRQHandler
                        0x08006059    0x6  Code  Gb  stm32f1xx_it.o [1]
DMA1_Channel6_IRQHandler
                        0x0800605f    0x6  Code  Gb  stm32f1xx_it.o [1]
DMA1_Channel7_IRQHandler
                        0x08006065    0x6  Code  Gb  stm32f1xx_it.o [1]
DMA_SetConfig           0x08003f51   0x16  Code  Lc  stm32f1xx_hal_dma.o [1]
DebugMon_Handler        0x08006041    0x2  Code  Gb  stm32f1xx_it.o [1]
Error_Handler           0x080049c3   0x10  Code  Gb  main.o [1]
FetchProtocols          0x08005305    0xa  Code  Gb  ProtocolFrame.o [1]
Get_Protocol_Description
                        0x08005163   0x38  Code  Gb  ProtocolFrame.o [1]
HAL_DMA_IRQHandler      0x08003b55  0x3c4  Code  Gb  stm32f1xx_hal_dma.o [1]
HAL_DMA_Init            0x08003ab5   0x4a  Code  Gb  stm32f1xx_hal_dma.o [1]
HAL_DMA_Start_IT        0x08003aff   0x2e  Code  Gb  stm32f1xx_hal_dma.o [1]
HAL_Delay               0x080043b5   0x18  Code  Wk  stm32f1xx_hal.o [1]
HAL_GPIO_Init           0x08004a1d  0x18a  Code  Gb  stm32f1xx_hal_gpio.o [1]
HAL_GetTick             0x080043af    0x6  Code  Wk  stm32f1xx_hal.o [1]
HAL_I2C_ER_IRQHandler   0x08005c73   0xd6  Code  Gb  stm32f1xx_hal_i2c.o [1]
HAL_I2C_EV_IRQHandler   0x08005af5  0x17e  Code  Gb  stm32f1xx_hal_i2c.o [1]
HAL_I2C_ErrorCallback   0x08005d55    0x2  Code  Wk  stm32f1xx_hal_i2c.o [1]
HAL_I2C_Init            0x08005a09   0xc6  Code  Gb  stm32f1xx_hal_i2c.o [1]
HAL_I2C_MasterRxCpltCallback
                        0x08005d4b    0x2  Code  Wk  stm32f1xx_hal_i2c.o [1]
HAL_I2C_MasterTxCpltCallback
                        0x08005d49    0x2  Code  Wk  stm32f1xx_hal_i2c.o [1]
HAL_I2C_MemRxCpltCallback
                        0x08005d53    0x2  Code  Wk  stm32f1xx_hal_i2c.o [1]
HAL_I2C_MemTxCpltCallback
                        0x08005d51    0x2  Code  Wk  stm32f1xx_hal_i2c.o [1]
HAL_I2C_MspInit         0x080054d9   0xb6  Code  Gb  i2c.o [1]
HAL_I2C_SlaveRxCpltCallback
                        0x08005d4f    0x2  Code  Wk  stm32f1xx_hal_i2c.o [1]
HAL_I2C_SlaveTxCpltCallback
                        0x08005d4d    0x2  Code  Wk  stm32f1xx_hal_i2c.o [1]
HAL_IncTick             0x080043a5    0xa  Code  Wk  stm32f1xx_hal.o [1]
HAL_Init                0x08004361   0x20  Code  Gb  stm32f1xx_hal.o [1]
HAL_InitTick            0x08004381   0x24  Code  Wk  stm32f1xx_hal.o [1]
HAL_MspInit             0x08004e25   0x84  Code  Gb  stm32f1xx_hal_msp.o [1]
HAL_NVIC_EnableIRQ      0x08004c65    0xc  Code  Gb  stm32f1xx_hal_cortex.o [1]
HAL_NVIC_SetPriority    0x08004c23   0x42  Code  Gb  stm32f1xx_hal_cortex.o [1]
HAL_NVIC_SetPriorityGrouping
                        0x08004c09   0x1a  Code  Gb  stm32f1xx_hal_cortex.o [1]
HAL_RCC_ClockConfig     0x08004697  0x12e  Code  Gb  stm32f1xx_hal_rcc.o [1]
HAL_RCC_GetHCLKFreq     0x08004817    0x6  Code  Gb  stm32f1xx_hal_rcc.o [1]
HAL_RCC_GetPCLK1Freq    0x0800481d   0x10  Code  Gb  stm32f1xx_hal_rcc.o [1]
HAL_RCC_GetPCLK2Freq    0x0800482d    0xe  Code  Gb  stm32f1xx_hal_rcc.o [1]
HAL_RCC_GetSysClockFreq
                        0x080047c5   0x52  Code  Gb  stm32f1xx_hal_rcc.o [1]
HAL_RCC_OscConfig       0x080043d5  0x2ba  Code  Gb  stm32f1xx_hal_rcc.o [1]
HAL_SYSTICK_CLKSourceConfig
                        0x08004ca1   0x14  Code  Gb  stm32f1xx_hal_cortex.o [1]
HAL_SYSTICK_Callback    0x08005707   0x40  Code  Gb  TaskTimeManager.o [1]
HAL_SYSTICK_Config      0x08004c79   0x28  Code  Gb  stm32f1xx_hal_cortex.o [1]
HAL_SYSTICK_IRQHandler  0x08004cd1    0x8  Code  Gb  stm32f1xx_hal_cortex.o [1]
HAL_UART_ErrorCallback  0x080036ff    0x2  Code  Wk  stm32f1xx_hal_uart.o [1]
HAL_UART_IRQHandler     0x080035e9  0x112  Code  Gb  stm32f1xx_hal_uart.o [1]
HAL_UART_Init           0x080033c9   0x30  Code  Gb  stm32f1xx_hal_uart.o [1]
HAL_UART_MspInit        0x080039df   0xbe  Code  Gb  usart.o [1]
HAL_UART_Receive_DMA    0x0800356d   0x70  Code  Gb  stm32f1xx_hal_uart.o [1]
HAL_UART_RxCpltCallback
                        0x080042ad   0x32  Code  Gb  ComBuff.o [1]
HAL_UART_RxHalfCpltCallback
                        0x080036fd    0x2  Code  Wk  stm32f1xx_hal_uart.o [1]
HAL_UART_Transmit       0x0800343b   0xa0  Code  Gb  stm32f1xx_hal_uart.o [1]
HAL_UART_Transmit_DMA   0x080034ef   0x72  Code  Gb  stm32f1xx_hal_uart.o [1]
HAL_UART_TxCpltCallback
                        0x08004289   0x14  Code  Gb  ComBuff.o [1]
HAL_UART_TxHalfCpltCallback
                        0x080036fb    0x2  Code  Wk  stm32f1xx_hal_uart.o [1]
HEAP$$Base              0x20000ab0          --   Gb  - Linker created -
HEAP$$Limit             0x200012b0          --   Gb  - Linker created -
HardFault_Handler       0x08006037    0x2  Code  Gb  stm32f1xx_it.o [1]
Heap_Use                0x08006145    0x4  Code  Gb  ProtocolHandle.o [1]
HeartBeat_P_Handle      0x08006149    0xc  Code  Gb  ProtocolHandle.o [1]
I2C1_ER_IRQHandler      0x08006071    0x6  Code  Gb  stm32f1xx_it.o [1]
I2C1_EV_IRQHandler      0x0800606b    0x6  Code  Gb  stm32f1xx_it.o [1]
I2C_MasterReceive_BTF   0x08005d57   0x70  Code  Lc  stm32f1xx_hal_i2c.o [1]
InStream_Read           0x08005e93   0x22  Code  Lc  packbits_init.o [5]
IsShift                 0x080050d3   0x30  Code  Gb  ProtocolFrame.o [1]
LED_TEST                0x08004881   0x26  Code  Gb  main.o [1]
List_Add                0x08005883   0x60  Code  Gb  List.o [1]
List_Init               0x0800585d   0x26  Code  Gb  List.o [1]
Log                     0x20000690    0xc  Data  Gb  LOG.o [1]
Log_Init                0x080057c3   0x10  Code  Gb  LOG.o [1]
MEM_USE                 0x2000069c    0x4  Data  Gb  LOG.o [1]
MX_DMA_Init             0x08005445   0x60  Code  Gb  dma.o [1]
MX_GPIO_Init            0x08005401   0x44  Code  Gb  gpio.o [1]
MX_I2C1_Init            0x080054a5   0x34  Code  Gb  i2c.o [1]
MX_USART1_UART_Init     0x080039ad   0x32  Code  Gb  usart.o [1]
MemManage_Handler       0x08006039    0x2  Code  Gb  stm32f1xx_it.o [1]
NMI_Handler             0x08006035    0x2  Code  Gb  stm32f1xx_it.o [1]
NVIC_GetPriorityGrouping
                        0x08004be5    0xa  Code  Lc  stm32f1xx_hal_cortex.o [1]
NVIC_SetPriority        0x08004bef   0x1a  Code  Lc  stm32f1xx_hal_cortex.o [1]
OSInfo                  0x2000017c   0x24  Data  Gb  TaskTimeManager.o [1]
PaddingProtocol         0x080048ad   0x32  Code  Gb  main.o [1]
PendSV_Handler          0x08006043    0x2  Code  Gb  stm32f1xx_it.o [1]
ProtocolFrame_Init      0x0800519b   0x38  Code  Gb  ProtocolFrame.o [1]
Protocol_Init           0x08005951   0x66  Code  Gb  Protocol.o [1]
Protocol_Register       0x08005131   0x32  Code  Gb  ProtocolFrame.o [1]
Protocol_Send           0x08005275   0x90  Code  Gb  ProtocolFrame.o [1]
Protocol_To_Uart        0x080051d3   0xa2  Code  Gb  ProtocolFrame.o [1]
Queue_Link_Get          0x08004d89   0x2e  Code  Gb  Queue.o [1]
Queue_Link_Init         0x08004cdf   0x26  Code  Gb  Queue.o [1]
Queue_Link_OutSize      0x08004d81    0x8  Code  Gb  Queue.o [1]
Queue_Link_Put          0x08004d05   0x78  Code  Gb  Queue.o [1]
Recv_Desc_P             0x200001b4    0x4  Data  Gb  ProtocolFrame.o [1]
Region$$Table$$Base     0x08006118          --   Gb  - Linker created -
Region$$Table$$Limit    0x08006144          --   Gb  - Linker created -
SVC_Handler             0x0800603f    0x2  Code  Gb  stm32f1xx_it.o [1]
Send                    0x08005945    0xc  Code  Gb  Protocol.o [1]
Send_Desc_P             0x200001b0    0x4  Data  Gb  ProtocolFrame.o [1]
SenderKeepTransmit      0x080048a7    0x6  Code  Gb  main.o [1]
SysTick_Handler         0x08006045    0xe  Code  Gb  stm32f1xx_it.o [1]
SystemClock_Config      0x0800494b   0x78  Code  Gb  main.o [1]
SystemCoreClock         0x200001c0    0x4  Data  Gb  system_stm32f1xx.o [1]
SystemInit              0x08006095   0x3a  Code  Gb  system_stm32f1xx.o [1]
TaskID                  0x200006a9    0x1  Data  Gb  TaskTimeManager.o [1]
TaskTime_Add            0x080055e5   0xca  Code  Gb  TaskTimeManager.o [1]
TaskTime_Head           0x200001a4    0x4  Data  Gb  TaskTimeManager.o [1]
TaskTime_Init           0x080055ad   0x38  Code  Gb  TaskTimeManager.o [1]
TaskTime_Run            0x08005747   0x34  Code  Gb  TaskTimeManager.o [1]
Transpond_Desc_P        0x200001b8    0x4  Data  Gb  ProtocolFrame.o [1]
UART1_Resolver          0x200001bc    0x4  Data  Gb  ProtocolFrame.o [1]
UART_DMAError           0x08003779   0x20  Code  Lc  stm32f1xx_hal_uart.o [1]
UART_DMAReceiveCplt     0x08003739   0x32  Code  Lc  stm32f1xx_hal_uart.o [1]
UART_DMARxHalfCplt      0x0800376d    0xa  Code  Lc  stm32f1xx_hal_uart.o [1]
UART_DMATransmitCplt    0x08003701   0x2c  Code  Lc  stm32f1xx_hal_uart.o [1]
UART_DMATxHalfCplt      0x0800372d    0xa  Code  Lc  stm32f1xx_hal_uart.o [1]
UART_Receive_IT         0x08003829   0xa0  Code  Lc  stm32f1xx_hal_uart.o [1]
UART_SetConfig          0x080038c9   0xdc  Code  Lc  stm32f1xx_hal_uart.o [1]
UART_WaitOnFlagUntilTimeout
                        0x08003799   0x90  Code  Lc  stm32f1xx_hal_uart.o [1]
USART1_IRQHandler       0x08006077    0x6  Code  Gb  stm32f1xx_it.o [1]
Uart1_DMA_Receiver      0x2000062c   0x28  Data  Gb  ComBuff.o [1]
Uart1_DMA_Sender        0x20000654   0x24  Data  Gb  ComBuff.o [1]
UsageFault_Handler      0x0800603d    0x2  Code  Gb  stm32f1xx_it.o [1]
_EncodingSb_Mbtowc      0x080032a7   0x30  Code  Gb  xencoding_sb.o [3]
_EncodingSb_Wctomb      0x0800328d   0x1a  Code  Gb  xencoding_sb.o [3]
_FProut                 0x08006193   0x18  Code  Gb  xfprout.o [3]
_Fetch_Protocol         0x08004ef1   0x4c  Code  Gb  ProtocolFrame.o [1]
_GenldFull              0x0800256d  0x24a  Code  Lc  xprintffull.o [3]
_IsdstStr               0x2000008c    0x4  Data  Gb  setlocale.o [3]
_KeepTransmit           0x08004219   0x42  Code  Gb  ComBuff.o [1]
_LdtobFull              0x080021e1  0x386  Code  Lc  xprintffull.o [3]
_LitobFull              0x0800208f  0x106  Code  Lc  xprintffull.o [3]
_LocaleEncoding         0x08003279    0xe  Code  Gb  setlocale.o [3]
_LocaleReturnString     0x200000ac   0x50  Data  Lc  setlocale.o [3]
_Locale_Profile         0x20000090   0x1c  Data  Gb  setlocale.o [3]
_Locale_aeabi_lconv     0x20000050   0x38  Data  Gb  localeconv.o [3]
_Locale_lconv           0x20000000   0x50  Data  Gb  localeconv.o [3]
_Mbtowc                 0x080027ff   0x20  Code  Gb  xmbtowc.o [3]
_PrintfFull             0x080016f9  0x67c  Code  Gb  xprintffull.o [3]
_Protocol_Put           0x08004f3d  0x192  Code  Gb  ProtocolFrame.o [1]
_Prout                  0x080061ab   0x16  Code  Gb  xprout.o [3]
_PutcharsFull           0x080027b7   0x2e  Code  Lc  xprintffull.o [3]
_PutstrFull             0x08001d8d  0x2fc  Code  Lc  xprintffull.o [3]
_Read                   0x08004195   0x7a  Code  Gb  ComBuff.o [1]
_ReadByte               0x08004085   0x4c  Code  Gb  ComBuff.o [1]
_ReadTo                 0x080040d1   0xc2  Code  Gb  ComBuff.o [1]
_SProut                 0x0800281f    0xa  Code  Gb  xsprout.o [3]
_TaskTime_Remove        0x080056af   0x58  Code  Gb  TaskTimeManager.o [1]
_TzoneStr               0x20000088    0x4  Data  Gb  setlocale.o [3]
_UART1_Resolver         0x2000039c   0x94  Data  Gb  ProtocolFrame.o [1]
_Wctomb                 0x080028db   0x1a  Code  Gb  xwctomb.o [3]
_Write                  0x08003fcd   0x88  Code  Gb  ComBuff.o [1]
_WriteByte              0x08004055   0x30  Code  Gb  ComBuff.o [1]
__aeabi_cdcmple         0x08002c41         Code  Gb  DblCmpLe.o [4]
__aeabi_cdrcmple        0x08002c71         Code  Gb  DblCmpGe.o [4]
__aeabi_d2iz            0x08002dad         Code  Gb  DblToI32.o [4]
__aeabi_d2uiz           0x08002dd9         Code  Gb  DblToI32.o [4]
__aeabi_ddiv            0x08002fb5         Code  Gb  DblDiv.o [4]
__aeabi_dmul            0x08002a5d         Code  Gb  DblMul.o [4]
__aeabi_dsub            0x08002e35         Code  Gb  DblSub.o [4]
__aeabi_i2d             0x08002e05         Code  Gb  I32ToDbl.o [4]
__aeabi_ldiv0           0x080032ed         Code  Gb  I64DivZer.o [5]
__aeabi_memclr          0x08005815         Code  Gb  ABImemclr.o [5]
__aeabi_memclr4         0x080053f9         Code  Gb  ABImemclr4.o [5]
__aeabi_memset          0x08005e19         Code  Gb  ABImemset.o [5]
__aeabi_ui2d            0x08002e19         Code  Gb  I32ToDbl.o [4]
__aeabi_uldivmod        0x0800296d         Code  Gb  I64DivMod.o [5]
__cmain                 0x08006165         Code  Gb  cmain.o [5]
__data_GetMemChunk      0x080016b9   0x2c  Code  Gb  xgetmemchunk.o [3]
__exit                  0x080016e5   0x14  Code  Gb  exit.o [6]
__iar_Dnorm             0x08002bff   0x42  Code  Gb  xdnorm.o [4]
__iar_Dscale            0x08002ca1  0x10c  Code  Gb  xdscale.o [4]
__iar_Locale_lconv_init
                        0x080031fd   0x3a  Code  Gb  localeconv.o [3]
__iar_Lockfilelock      0x08006031    0x2  Code  Gb  xsyslock_nop.o [3]
__iar_Mbcurmax          0x080028d1    0xa  Code  Gb  xmbcurmax.o [3]
__iar_Memchr            0x08002879         Code  Gb  memchr.o [5]
__iar_Memset            0x08005e19         Code  Gb  ABImemset.o [5]
__iar_Memset4_word      0x080059d5         Code  Gb  ABImemset48.o [5]
__iar_Memset8_word      0x080059d5         Code  Gb  ABImemset48.o [5]
__iar_Memset_word       0x08005e21         Code  Gb  ABImemset.o [5]
__iar_Stderr            0x2000013c   0x40  Data  Gb  xfiles.o [3]
__iar_Stdout            0x200000fc   0x40  Data  Gb  xfiles.o [3]
__iar_Strchr            0x08002829         Code  Gb  strchr.o [5]
__iar_Unlockfilelock    0x08006033    0x2  Code  Gb  xsyslock_nop.o [3]
__iar_d2uiz             0x08002de5         Code  Gb  DblToI32.o [4]
__iar_dadd              0x080032f1         Code  Gb  DblAdd.o [4]
__iar_data_init3        0x080060f1   0x28  Code  Gb  data_init.o [5]
__iar_dlfree            0x08001177  0x512  Code  Gb  dlmalloc.o [3]
__iar_dlib_perthread_access
                        0x080033c5    0x2  Code  Gb  xtls.o [3]
__iar_dlmalloc          0x08000eb9  0x2b2  Code  Gb  dlmalloc.o [3]
__iar_dlmalloc_stats    0x08005f69   0x36  Code  Gb  dlmalloc_stat.o [3]
__iar_dsub              0x08002e49         Code  Gb  DblSub.o [4]
__iar_dsubStart         0x08002e5b         Code  Gb  DblSub.o [4]
__iar_gm_               0x200001c4  0x1d8  Data  Gb  dlmalloc.o [3]
__iar_internal_malloc_stats
                        0x0800017d   0xa0  Code  Gb  dlmalloc.o [3]
__iar_packbits_init3    0x08005eb5   0xb2  Code  Gb  packbits_init.o [5]
__iar_program_start     0x080061dd         Code  Gb  cstartup_M.o [5]
__iar_ui2d              0x08002e1d         Code  Gb  I32ToDbl.o [4]
__iar_unaligned___aeabi_memcpy
                        0x080028f5         Code  Gb  ABImemcpy_unaligned.o [5]
__iar_unaligned___aeabi_memcpy4
                        0x08002915         Code  Gb  ABImemcpy_unaligned.o [5]
__iar_unaligned___aeabi_memcpy8
                        0x08002915         Code  Gb  ABImemcpy_unaligned.o [5]
__iar_zero_init3        0x08001697   0x22  Code  Gb  zero_init3.o [5]
__low_level_init        0x0800617f    0x4  Code  Gb  low_level_init.o [3]
__vector_table          0x08000000         Data  Gb  startup_stm32f103xe.o [1]
_call_main              0x08006171         Code  Gb  cmain.o [5]
_clean_recv_buf         0x08004ecd   0x24  Code  Gb  ProtocolFrame.o [1]
_error                  0x080057a5    0xa  Code  Gb  LOG.o [1]
_exit                   0x08006189         Code  Gb  cexit.o [5]
_info                   0x080057b9    0xa  Code  Gb  LOG.o [1]
_main                   0x0800617b         Code  Gb  cmain.o [5]
_warning                0x080057af    0xa  Code  Gb  LOG.o [1]
abort                   0x08001691    0x6  Code  Gb  abort.o [3]
div                     0x08003269    0xe  Code  Gb  div.o [3]
ebuf                    0x20000510   0x50  Data  Lc  xfiles.o [3]
exit                    0x08006183    0x4  Code  Gb  exit.o [3]
fprintf                 0x08005ffd   0x34  Code  Gb  fprintf.o [3]
fputc                   0x0800426f   0x1a  Code  Gb  ComBuff.o [1]
getCheckSum_ByProtocolInfo
                        0x08005103   0x2e  Code  Gb  ProtocolFrame.o [1]
hdma_i2c1_rx            0x20000430   0x38  Data  Gb  i2c.o [1]
hdma_i2c1_tx            0x20000468   0x38  Data  Gb  i2c.o [1]
hdma_usart1_rx          0x200004a0   0x38  Data  Gb  usart.o [1]
hdma_usart1_tx          0x200004d8   0x38  Data  Gb  usart.o [1]
hi2c1                   0x200005f0   0x3c  Data  Gb  i2c.o [1]
huart1                  0x200005b0   0x40  Data  Gb  usart.o [1]
init_mparams            0x0800014b   0x32  Code  Lc  dlmalloc.o [3]
init_top                0x0800021d   0x34  Code  Lc  dlmalloc.o [3]
localeconv              0x08003237   0x16  Code  Gb  localeconv.o [3]
main                    0x080048df   0x5e  Code  Gb  main.o [1]
memchr                  0x08002879         Code  Gb  memchr.o [5]
memcpy                  0x0800581b    0xc  Code  Gb  memcpy.o [3]
memset                  0x08005e7f   0x14  Code  Gb  memset.o [3]
mparams                 0x20000678   0x18  Data  Lc  dlmalloc.o [3]
obuf                    0x20000560   0x50  Data  Lc  xfiles.o [3]
prepend_alloc           0x08000251  0x33c  Code  Lc  dlmalloc.o [3]
prevTaskTime            0x200001ac    0x4  Data  Lc  TaskTimeManager.o [1]
printf                  0x08004ea9   0x24  Code  Gb  printf.o [3]
putchar                 0x080061c1    0xc  Code  Gb  putchar.o [3]
scale                   0x08002195   0x46  Code  Lc  xprintffull.o [3]
segment_holding         0x08000131   0x1a  Code  Lc  dlmalloc.o [3]
sprintf                 0x08005829   0x34  Code  Gb  sprintf.o [3]
strchr                  0x08002829         Code  Gb  strchr.o [5]
strlen                  0x08002841         Code  Gb  strlen.o [5]
sys_alloc               0x0800058d  0x384  Code  Lc  dlmalloc.o [3]
tmalloc_large           0x0800091d  0x38a  Code  Lc  dlmalloc.o [3]
tmalloc_small           0x08000ca7  0x204  Code  Lc  dlmalloc.o [3]
tmpTaskTime             0x200001a8    0x4  Data  Lc  TaskTimeManager.o [1]
uwTick                  0x200006a0    0x4  Data  Lc  stm32f1xx_hal.o [1]


[1] = E:\CubeProject\STM32F103_BASE_V1.0_Test\EWARM\STM32F103\Obj
[2] = command line
[3] = dl7M_tlf.a
[4] = m7M_tl.a
[5] = rt7M_tl.a
[6] = shb_l.a

  25 232 bytes of readonly  code memory
     150 bytes of readonly  data memory
   4 778 bytes of readwrite data memory

Errors: none
Warnings: none
