Component: ARM Compiler 5.06 (build 20) Tool: armlink [4d35a3]

==============================================================================

Section Cross References

    system_stm32f0xx.o(i.SystemCoreClockUpdate) refers to uidiv.o(.text) for __aeabi_uidivmod
    system_stm32f0xx.o(i.SystemCoreClockUpdate) refers to system_stm32f0xx.o(.data) for .data
    system_stm32f0xx.o(i.SystemCoreClockUpdate) refers to system_stm32f0xx.o(.constdata) for .constdata
    main.o(i.SystemClock_Config) refers to stm32f0xx_ll_utils.o(i.LL_Init1msTick) for LL_Init1msTick
    main.o(i.SystemClock_Config) refers to stm32f0xx_ll_utils.o(i.LL_SetSystemCoreClock) for LL_SetSystemCoreClock
    main.o(i.SystemClock_Config) refers to main.o(i.NVIC_SetPriority) for NVIC_SetPriority
    main.o(i.main) refers to main.o(i.NVIC_SetPriority) for NVIC_SetPriority
    main.o(i.main) refers to main.o(i.SystemClock_Config) for SystemClock_Config
    main.o(i.main) refers to firmwareupdate.o(i.FirmwareUpdate_Init) for FirmwareUpdate_Init
    main.o(i.main) refers to firmwareupdate.o(i.FirmwareUpdate_Run) for FirmwareUpdate_Run
    stm32f0xx_it.o(i.SysTick_Handler) refers to firmwareupdate.o(i.SYSTICK_IRQHandler) for SYSTICK_IRQHandler
    stm32f0xx_it.o(i.USART3_6_IRQHandler) refers to firmwareupdate.o(i.UART_IRQHandler) for UART_IRQHandler
    gpio.o(i.MX_GPIO_Init) refers to gpio.o(i.LL_AHB1_GRP1_EnableClock) for LL_AHB1_GRP1_EnableClock
    usart.o(i.MX_USART4_UART_Init) refers to stm32f0xx_ll_gpio.o(i.LL_GPIO_Init) for LL_GPIO_Init
    usart.o(i.MX_USART4_UART_Init) refers to stm32f0xx_ll_usart.o(i.LL_USART_Init) for LL_USART_Init
    startup_stm32f030xc.o(RESET) refers to startup_stm32f030xc.o(STACK) for __initial_sp
    startup_stm32f030xc.o(RESET) refers to startup_stm32f030xc.o(.text) for Reset_Handler
    startup_stm32f030xc.o(RESET) refers to stm32f0xx_it.o(i.NMI_Handler) for NMI_Handler
    startup_stm32f030xc.o(RESET) refers to stm32f0xx_it.o(i.HardFault_Handler) for HardFault_Handler
    startup_stm32f030xc.o(RESET) refers to stm32f0xx_it.o(i.SVC_Handler) for SVC_Handler
    startup_stm32f030xc.o(RESET) refers to stm32f0xx_it.o(i.PendSV_Handler) for PendSV_Handler
    startup_stm32f030xc.o(RESET) refers to stm32f0xx_it.o(i.SysTick_Handler) for SysTick_Handler
    startup_stm32f030xc.o(RESET) refers to stm32f0xx_it.o(i.USART3_6_IRQHandler) for USART3_6_IRQHandler
    startup_stm32f030xc.o(.text) refers to system_stm32f0xx.o(i.SystemInit) for SystemInit
    startup_stm32f030xc.o(.text) refers to entry.o(.ARM.Collect$$$$00000000) for __main
    stm32f0xx_ll_dma.o(i.LL_DMA_DeInit) refers to stm32f0xx_ll_dma.o(i.LL_DMA_SetPeriphRequest) for LL_DMA_SetPeriphRequest
    stm32f0xx_ll_dma.o(i.LL_DMA_Init) refers to stm32f0xx_ll_dma.o(i.LL_DMA_SetPeriphRequest) for LL_DMA_SetPeriphRequest
    stm32f0xx_ll_dma.o(i.LL_DMA_Init) refers to stm32f0xx_ll_dma.o(.constdata) for .constdata
    stm32f0xx_ll_usart.o(i.LL_USART_DeInit) refers to stm32f0xx_ll_usart.o(i.LL_APB1_GRP1_ForceReset) for LL_APB1_GRP1_ForceReset
    stm32f0xx_ll_usart.o(i.LL_USART_DeInit) refers to stm32f0xx_ll_usart.o(i.LL_APB1_GRP1_ReleaseReset) for LL_APB1_GRP1_ReleaseReset
    stm32f0xx_ll_usart.o(i.LL_USART_Init) refers to stm32f0xx_ll_rcc.o(i.LL_RCC_GetUSARTClockFreq) for LL_RCC_GetUSARTClockFreq
    stm32f0xx_ll_usart.o(i.LL_USART_Init) refers to stm32f0xx_ll_rcc.o(i.LL_RCC_GetSystemClocksFreq) for LL_RCC_GetSystemClocksFreq
    stm32f0xx_ll_usart.o(i.LL_USART_Init) refers to uidiv.o(.text) for __aeabi_uidivmod
    stm32f0xx_ll_utils.o(i.LL_Init1msTick) refers to uidiv.o(.text) for __aeabi_uidivmod
    stm32f0xx_ll_utils.o(i.LL_PLL_ConfigSystemClock_HSE) refers to stm32f0xx_ll_utils.o(i.UTILS_PLL_IsBusy) for UTILS_PLL_IsBusy
    stm32f0xx_ll_utils.o(i.LL_PLL_ConfigSystemClock_HSE) refers to stm32f0xx_ll_utils.o(i.UTILS_GetPLLOutputFrequency) for UTILS_GetPLLOutputFrequency
    stm32f0xx_ll_utils.o(i.LL_PLL_ConfigSystemClock_HSE) refers to stm32f0xx_ll_utils.o(i.LL_RCC_PLL_ConfigDomain_SYS) for LL_RCC_PLL_ConfigDomain_SYS
    stm32f0xx_ll_utils.o(i.LL_PLL_ConfigSystemClock_HSE) refers to stm32f0xx_ll_utils.o(i.UTILS_EnablePLLAndSwitchSystem) for UTILS_EnablePLLAndSwitchSystem
    stm32f0xx_ll_utils.o(i.LL_PLL_ConfigSystemClock_HSI) refers to stm32f0xx_ll_utils.o(i.UTILS_PLL_IsBusy) for UTILS_PLL_IsBusy
    stm32f0xx_ll_utils.o(i.LL_PLL_ConfigSystemClock_HSI) refers to stm32f0xx_ll_utils.o(i.UTILS_GetPLLOutputFrequency) for UTILS_GetPLLOutputFrequency
    stm32f0xx_ll_utils.o(i.LL_PLL_ConfigSystemClock_HSI) refers to stm32f0xx_ll_utils.o(i.LL_RCC_PLL_ConfigDomain_SYS) for LL_RCC_PLL_ConfigDomain_SYS
    stm32f0xx_ll_utils.o(i.LL_PLL_ConfigSystemClock_HSI) refers to stm32f0xx_ll_utils.o(i.UTILS_EnablePLLAndSwitchSystem) for UTILS_EnablePLLAndSwitchSystem
    stm32f0xx_ll_utils.o(i.LL_SetSystemCoreClock) refers to system_stm32f0xx.o(.data) for SystemCoreClock
    stm32f0xx_ll_utils.o(i.UTILS_EnablePLLAndSwitchSystem) refers to stm32f0xx_ll_utils.o(i.UTILS_SetFlashLatency) for UTILS_SetFlashLatency
    stm32f0xx_ll_utils.o(i.UTILS_EnablePLLAndSwitchSystem) refers to system_stm32f0xx.o(.constdata) for AHBPrescTable
    stm32f0xx_ll_utils.o(i.UTILS_EnablePLLAndSwitchSystem) refers to system_stm32f0xx.o(.data) for SystemCoreClock
    stm32f0xx_ll_utils.o(i.UTILS_GetPLLOutputFrequency) refers to uidiv.o(.text) for __aeabi_uidivmod
    stm32f0xx_ll_gpio.o(i.LL_GPIO_DeInit) refers to stm32f0xx_ll_gpio.o(i.LL_AHB1_GRP1_ForceReset) for LL_AHB1_GRP1_ForceReset
    stm32f0xx_ll_gpio.o(i.LL_GPIO_DeInit) refers to stm32f0xx_ll_gpio.o(i.LL_AHB1_GRP1_ReleaseReset) for LL_AHB1_GRP1_ReleaseReset
    stm32f0xx_ll_rcc.o(i.LL_RCC_GetI2CClockFreq) refers to stm32f0xx_ll_rcc.o(i.RCC_GetSystemClockFreq) for RCC_GetSystemClockFreq
    stm32f0xx_ll_rcc.o(i.LL_RCC_GetSystemClocksFreq) refers to stm32f0xx_ll_rcc.o(i.RCC_GetSystemClockFreq) for RCC_GetSystemClockFreq
    stm32f0xx_ll_rcc.o(i.LL_RCC_GetSystemClocksFreq) refers to stm32f0xx_ll_rcc.o(i.RCC_GetHCLKClockFreq) for RCC_GetHCLKClockFreq
    stm32f0xx_ll_rcc.o(i.LL_RCC_GetSystemClocksFreq) refers to stm32f0xx_ll_rcc.o(i.RCC_GetPCLK1ClockFreq) for RCC_GetPCLK1ClockFreq
    stm32f0xx_ll_rcc.o(i.LL_RCC_GetUSARTClockFreq) refers to stm32f0xx_ll_rcc.o(i.RCC_GetSystemClockFreq) for RCC_GetSystemClockFreq
    stm32f0xx_ll_rcc.o(i.LL_RCC_GetUSARTClockFreq) refers to stm32f0xx_ll_rcc.o(i.RCC_GetHCLKClockFreq) for RCC_GetHCLKClockFreq
    stm32f0xx_ll_rcc.o(i.LL_RCC_GetUSARTClockFreq) refers to stm32f0xx_ll_rcc.o(i.RCC_GetPCLK1ClockFreq) for RCC_GetPCLK1ClockFreq
    stm32f0xx_ll_rcc.o(i.RCC_GetHCLKClockFreq) refers to system_stm32f0xx.o(.constdata) for AHBPrescTable
    stm32f0xx_ll_rcc.o(i.RCC_GetPCLK1ClockFreq) refers to system_stm32f0xx.o(.constdata) for APBPrescTable
    stm32f0xx_ll_rcc.o(i.RCC_GetSystemClockFreq) refers to stm32f0xx_ll_rcc.o(i.RCC_PLL_GetFreqDomain_SYS) for RCC_PLL_GetFreqDomain_SYS
    stm32f0xx_ll_rcc.o(i.RCC_PLL_GetFreqDomain_SYS) refers to uidiv.o(.text) for __aeabi_uidivmod
    firmwareupdate.o(i.DelayMS) refers to firmwareupdate.o(.data) for .data
    firmwareupdate.o(i.FirmwareUpdate_Init) refers to firmwareupdate.o(i._Uart_Init) for _Uart_Init
    firmwareupdate.o(i.FirmwareUpdate_Init) refers to queue.o(i.Queue_Init) for Queue_Init
    firmwareupdate.o(i.FirmwareUpdate_Init) refers to firmwareupdate.o(.bss) for .bss
    firmwareupdate.o(i.FirmwareUpdate_Init) refers to firmwareupdate.o(.data) for .data
    firmwareupdate.o(i.FirmwareUpdate_Run) refers to firmwareupdate.o(i.mprintf) for mprintf
    firmwareupdate.o(i.FirmwareUpdate_Run) refers to firmwareupdate.o(i.DelayMS) for DelayMS
    firmwareupdate.o(i.FirmwareUpdate_Run) refers to iap.o(i.iap_load_app) for iap_load_app
    firmwareupdate.o(i.FirmwareUpdate_Run) refers to firmwareupdate.o(i.WaitBusy) for WaitBusy
    firmwareupdate.o(i.FirmwareUpdate_Run) refers to queue.o(i.Queue_Get) for Queue_Get
    firmwareupdate.o(i.FirmwareUpdate_Run) refers to firmwareupdate.o(i.FLASH_Program_HalfWord) for FLASH_Program_HalfWord
    firmwareupdate.o(i.FirmwareUpdate_Run) refers to uidiv.o(.text) for __aeabi_uidivmod
    firmwareupdate.o(i.FirmwareUpdate_Run) refers to firmwareupdate.o(.data) for .data
    firmwareupdate.o(i.SYSTICK_IRQHandler) refers to firmwareupdate.o(.data) for .data
    firmwareupdate.o(i.UART_IRQHandler) refers to firmwareupdate.o(i.__ARM_common_switch8) for __ARM_common_switch8
    firmwareupdate.o(i.UART_IRQHandler) refers to memseta.o(.text) for __aeabi_memclr
    firmwareupdate.o(i.UART_IRQHandler) refers to firmwareupdate.o(i.mprintf) for mprintf
    firmwareupdate.o(i.UART_IRQHandler) refers to queue.o(i.Queue_Put) for Queue_Put
    firmwareupdate.o(i.UART_IRQHandler) refers to firmwareupdate.o(.data) for .data
    firmwareupdate.o(i._Uart_Init) refers to firmwareupdate.o(i.LL_AHB1_GRP1_EnableClock) for LL_AHB1_GRP1_EnableClock
    firmwareupdate.o(.data) refers to firmwareupdate.o(.bss) for _Firmware_Info
    iap.o(i.iap_load_app) refers to iap.o(.emb_text) for MSR_MSP
    iap.o(i.iap_load_app) refers to iap.o(.data) for .data
    queue.o(i.Queue_Get) refers to memcpya.o(.text) for __aeabi_memcpy
    queue.o(i.Queue_Get) refers to uidiv.o(.text) for __aeabi_uidivmod
    queue.o(i.Queue_Init) refers to queue.o(.bss) for .bss
    queue.o(i.Queue_Link_Free) refers to mallocr.o(i.__free$realloc) for free
    queue.o(i.Queue_Link_Get) refers to memcpya.o(.text) for __aeabi_memcpy
    queue.o(i.Queue_Link_Get) refers to mallocr.o(i.__free$realloc) for free
    queue.o(i.Queue_Link_Init) refers to log.o(i.os_malloc) for os_malloc
    queue.o(i.Queue_Link_Init) refers to log.o(.bss) for Log
    queue.o(i.Queue_Link_Init) refers to queue.o(.constdata) for .constdata
    queue.o(i.Queue_Link_Put) refers to log.o(i.os_malloc) for os_malloc
    queue.o(i.Queue_Link_Put) refers to log.o(i.os_calloc) for os_calloc
    queue.o(i.Queue_Link_Put) refers to memcpya.o(.text) for __aeabi_memcpy
    queue.o(i.Queue_Link_Put) refers to log.o(.bss) for Log
    queue.o(i.Queue_Link_Put) refers to queue.o(.constdata) for .constdata
    queue.o(i.Queue_Link_Update) refers to mallocr.o(i.realloc) for realloc
    queue.o(i.Queue_Link_Update) refers to memcpya.o(.text) for __aeabi_memcpy
    queue.o(i.Queue_Link_Update) refers to log.o(.bss) for Log
    queue.o(i.Queue_Link_Update) refers to queue.o(.constdata) for .constdata
    queue.o(i.Queue_Put) refers to memcpya.o(.text) for __aeabi_memcpy
    queue.o(i.Queue_Put) refers to uidiv.o(.text) for __aeabi_uidivmod
    log.o(i.Log_Init) refers to log.o(i._error) for _error
    log.o(i.Log_Init) refers to log.o(.bss) for .bss
    log.o(i.Log_Init) refers to log.o(i._warning) for _warning
    log.o(i.Log_Init) refers to log.o(i._info) for _info
    log.o(i.os_calloc) refers to calloc.o(.text) for calloc
    log.o(i.os_calloc) refers to log.o(.data) for .data
    log.o(i.os_free) refers to mallocr.o(i.__free$realloc) for free
    log.o(i.os_malloc) refers to mallocr.o(i.__malloc$realloc) for malloc
    log.o(i.os_malloc) refers to log.o(.data) for .data
    entry.o(.ARM.Collect$$$$00000000) refers (Special) to entry10a.o(.ARM.Collect$$$$0000000D) for __rt_final_cpp
    entry.o(.ARM.Collect$$$$00000000) refers (Special) to entry11a.o(.ARM.Collect$$$$0000000F) for __rt_final_exit
    entry.o(.ARM.Collect$$$$00000000) refers (Special) to entry7b.o(.ARM.Collect$$$$00000008) for _main_clock
    entry.o(.ARM.Collect$$$$00000000) refers (Special) to entry8b.o(.ARM.Collect$$$$0000000A) for _main_cpp_init
    entry.o(.ARM.Collect$$$$00000000) refers (Special) to entry9a.o(.ARM.Collect$$$$0000000B) for _main_init
    entry.o(.ARM.Collect$$$$00000000) refers (Special) to entry5.o(.ARM.Collect$$$$00000004) for _main_scatterload
    entry.o(.ARM.Collect$$$$00000000) refers (Special) to entry2.o(.ARM.Collect$$$$00000001) for _main_stk
    malloc.o(i.free) refers to mvars.o(.data) for __microlib_freelist
    malloc.o(i.malloc) refers to mvars.o(.data) for __microlib_freelist_initialised
    malloc.o(i.malloc) refers to mvars.o(.data) for __microlib_freelist
    malloc.o(i.malloc) refers to startup_stm32f030xc.o(HEAP) for __heap_base
    mallocr.o(i.__free$realloc) refers to mvars.o(.data) for __microlib_freelist
    mallocr.o(i.__malloc$realloc) refers to mallocr.o(i.internal_alloc) for internal_alloc
    mallocr.o(i.__malloc$realloc) refers to mvars.o(.data) for __microlib_freelist_initialised
    mallocr.o(i.__malloc$realloc) refers to startup_stm32f030xc.o(HEAP) for __heap_base
    mallocr.o(i.__malloc$realloc) refers to mvars.o(.data) for __microlib_freelist
    mallocr.o(i.internal_alloc) refers to memcpya.o(.text) for __aeabi_memcpy
    mallocr.o(i.internal_alloc) refers to mvars.o(.data) for __microlib_freelist
    mallocr.o(i.realloc) refers to mallocr.o(i.__free$realloc) for free
    mallocr.o(i.realloc) refers to mallocr.o(i.internal_alloc) for internal_alloc
    mallocr.o(i.realloc) refers to mallocr.o(i.__malloc$realloc) for malloc
    mallocr.o(i.realloc) refers to mvars.o(.data) for __microlib_freelist
    malloca.o(i.__aligned_malloc) refers to mvars.o(.data) for __microlib_freelist
    malloca.o(i.__aligned_malloc) refers to mvars.o(.data) for __microlib_freelist_initialised
    malloca.o(i.__aligned_malloc) refers to startup_stm32f030xc.o(HEAP) for __heap_base
    malloca.o(i.__free$memalign) refers to mvars.o(.data) for __microlib_freelist
    malloca.o(i.__malloc$memalign) refers to malloca.o(i.__aligned_malloc) for __aligned_malloc
    mallocra.o(i.__aligned_malloc$realloc) refers to mallocra.o(i.internal_alloc) for internal_alloc
    mallocra.o(i.__aligned_malloc$realloc) refers to startup_stm32f030xc.o(HEAP) for __heap_base
    mallocra.o(i.__aligned_malloc$realloc) refers to mvars.o(.data) for __microlib_freelist
    mallocra.o(i.__aligned_malloc$realloc) refers to mvars.o(.data) for __microlib_freelist_initialised
    mallocra.o(i.__free$realloc$memalign) refers to mvars.o(.data) for __microlib_freelist
    mallocra.o(i.__malloc$realloc$memalign) refers to mallocra.o(i.__aligned_malloc$realloc) for __aligned_malloc$realloc
    mallocra.o(i.__realloc$memalign) refers to mallocra.o(i.__free$realloc$memalign) for __free$realloc$memalign
    mallocra.o(i.__realloc$memalign) refers to mallocra.o(i.internal_alloc) for internal_alloc
    mallocra.o(i.__realloc$memalign) refers to mallocra.o(i.__malloc$realloc$memalign) for __malloc$realloc$memalign
    mallocra.o(i.__realloc$memalign) refers to mvars.o(.data) for __microlib_freelist
    mallocra.o(i.internal_alloc) refers to memcpya.o(.text) for __aeabi_memcpy
    mallocra.o(i.internal_alloc) refers to mvars.o(.data) for __microlib_freelist
    calloc.o(.text) refers to mallocr.o(i.__malloc$realloc) for malloc
    entry2.o(.ARM.Collect$$$$00000001) refers to entry2.o(.ARM.Collect$$$$00002712) for __lit__00000000
    entry2.o(.ARM.Collect$$$$00002712) refers to startup_stm32f030xc.o(STACK) for __initial_sp
    entry2.o(__vectab_stack_and_reset_area) refers to startup_stm32f030xc.o(STACK) for __initial_sp
    entry2.o(__vectab_stack_and_reset_area) refers to entry.o(.ARM.Collect$$$$00000000) for __main
    entry5.o(.ARM.Collect$$$$00000004) refers to init.o(.text) for __scatterload
    entry9a.o(.ARM.Collect$$$$0000000B) refers to main.o(i.main) for main
    entry9b.o(.ARM.Collect$$$$0000000C) refers to main.o(i.main) for main
    init.o(.text) refers to entry5.o(.ARM.Collect$$$$00000004) for __main_after_scatterload


==============================================================================

Removing Unused input sections from the image.

    Removing system_stm32f0xx.o(.rev16_text), (4 bytes).
    Removing system_stm32f0xx.o(.revsh_text), (4 bytes).
    Removing system_stm32f0xx.o(i.SystemCoreClockUpdate), (88 bytes).
    Removing system_stm32f0xx.o(.constdata), (16 bytes).
    Removing system_stm32f0xx.o(.constdata), (8 bytes).
    Removing main.o(.rev16_text), (4 bytes).
    Removing main.o(.revsh_text), (4 bytes).
    Removing main.o(i._Error_Handler), (2 bytes).
    Removing stm32f0xx_it.o(.rev16_text), (4 bytes).
    Removing stm32f0xx_it.o(.revsh_text), (4 bytes).
    Removing gpio.o(.rev16_text), (4 bytes).
    Removing gpio.o(.revsh_text), (4 bytes).
    Removing gpio.o(i.LL_AHB1_GRP1_EnableClock), (24 bytes).
    Removing gpio.o(i.MX_GPIO_Init), (20 bytes).
    Removing usart.o(.rev16_text), (4 bytes).
    Removing usart.o(.revsh_text), (4 bytes).
    Removing usart.o(i.MX_USART4_UART_Init), (184 bytes).
    Removing startup_stm32f030xc.o(HEAP), (512 bytes).
    Removing stm32f0xx_ll_dma.o(.rev16_text), (4 bytes).
    Removing stm32f0xx_ll_dma.o(.revsh_text), (4 bytes).
    Removing stm32f0xx_ll_dma.o(i.LL_DMA_DeInit), (144 bytes).
    Removing stm32f0xx_ll_dma.o(i.LL_DMA_Init), (100 bytes).
    Removing stm32f0xx_ll_dma.o(i.LL_DMA_SetPeriphRequest), (24 bytes).
    Removing stm32f0xx_ll_dma.o(i.LL_DMA_StructInit), (26 bytes).
    Removing stm32f0xx_ll_dma.o(.constdata), (5 bytes).
    Removing stm32f0xx_ll_usart.o(.rev16_text), (4 bytes).
    Removing stm32f0xx_ll_usart.o(.revsh_text), (4 bytes).
    Removing stm32f0xx_ll_usart.o(i.LL_APB1_GRP1_ForceReset), (16 bytes).
    Removing stm32f0xx_ll_usart.o(i.LL_APB1_GRP1_ReleaseReset), (16 bytes).
    Removing stm32f0xx_ll_usart.o(i.LL_USART_ClockInit), (60 bytes).
    Removing stm32f0xx_ll_usart.o(i.LL_USART_ClockStructInit), (12 bytes).
    Removing stm32f0xx_ll_usart.o(i.LL_USART_DeInit), (140 bytes).
    Removing stm32f0xx_ll_usart.o(i.LL_USART_Init), (216 bytes).
    Removing stm32f0xx_ll_usart.o(i.LL_USART_StructInit), (24 bytes).
    Removing stm32f0xx_ll_utils.o(.rev16_text), (4 bytes).
    Removing stm32f0xx_ll_utils.o(.revsh_text), (4 bytes).
    Removing stm32f0xx_ll_utils.o(i.LL_PLL_ConfigSystemClock_HSE), (100 bytes).
    Removing stm32f0xx_ll_utils.o(i.LL_PLL_ConfigSystemClock_HSI), (84 bytes).
    Removing stm32f0xx_ll_utils.o(i.LL_RCC_PLL_ConfigDomain_SYS), (36 bytes).
    Removing stm32f0xx_ll_utils.o(i.LL_mDelay), (32 bytes).
    Removing stm32f0xx_ll_utils.o(i.UTILS_EnablePLLAndSwitchSystem), (152 bytes).
    Removing stm32f0xx_ll_utils.o(i.UTILS_GetPLLOutputFrequency), (28 bytes).
    Removing stm32f0xx_ll_utils.o(i.UTILS_PLL_IsBusy), (20 bytes).
    Removing stm32f0xx_ll_utils.o(i.UTILS_SetFlashLatency), (52 bytes).
    Removing stm32f0xx_ll_gpio.o(.rev16_text), (4 bytes).
    Removing stm32f0xx_ll_gpio.o(.revsh_text), (4 bytes).
    Removing stm32f0xx_ll_gpio.o(i.LL_AHB1_GRP1_ForceReset), (16 bytes).
    Removing stm32f0xx_ll_gpio.o(i.LL_AHB1_GRP1_ReleaseReset), (16 bytes).
    Removing stm32f0xx_ll_gpio.o(i.LL_GPIO_DeInit), (96 bytes).
    Removing stm32f0xx_ll_gpio.o(i.LL_GPIO_Init), (168 bytes).
    Removing stm32f0xx_ll_gpio.o(i.LL_GPIO_StructInit), (24 bytes).
    Removing stm32f0xx_ll_exti.o(.rev16_text), (4 bytes).
    Removing stm32f0xx_ll_exti.o(.revsh_text), (4 bytes).
    Removing stm32f0xx_ll_exti.o(i.LL_EXTI_DeInit), (36 bytes).
    Removing stm32f0xx_ll_exti.o(i.LL_EXTI_Init), (160 bytes).
    Removing stm32f0xx_ll_exti.o(i.LL_EXTI_StructInit), (14 bytes).
    Removing stm32f0xx_ll_rcc.o(.rev16_text), (4 bytes).
    Removing stm32f0xx_ll_rcc.o(.revsh_text), (4 bytes).
    Removing stm32f0xx_ll_rcc.o(i.LL_RCC_DeInit), (100 bytes).
    Removing stm32f0xx_ll_rcc.o(i.LL_RCC_GetI2CClockFreq), (48 bytes).
    Removing stm32f0xx_ll_rcc.o(i.LL_RCC_GetSystemClocksFreq), (24 bytes).
    Removing stm32f0xx_ll_rcc.o(i.LL_RCC_GetUSARTClockFreq), (84 bytes).
    Removing stm32f0xx_ll_rcc.o(i.RCC_GetHCLKClockFreq), (28 bytes).
    Removing stm32f0xx_ll_rcc.o(i.RCC_GetPCLK1ClockFreq), (24 bytes).
    Removing stm32f0xx_ll_rcc.o(i.RCC_GetSystemClockFreq), (36 bytes).
    Removing stm32f0xx_ll_rcc.o(i.RCC_PLL_GetFreqDomain_SYS), (44 bytes).
    Removing stm32f0xx_ll_pwr.o(.rev16_text), (4 bytes).
    Removing stm32f0xx_ll_pwr.o(.revsh_text), (4 bytes).
    Removing stm32f0xx_ll_pwr.o(i.LL_PWR_DeInit), (28 bytes).
    Removing firmwareupdate.o(.rev16_text), (4 bytes).
    Removing firmwareupdate.o(.revsh_text), (4 bytes).
    Removing firmwareupdate.o(.data), (4 bytes).
    Removing iap.o(.rev16_text), (4 bytes).
    Removing iap.o(.revsh_text), (4 bytes).
    Removing queue.o(i.Queue_Empty_Size), (10 bytes).
    Removing queue.o(i.Queue_Free), (6 bytes).
    Removing queue.o(i.Queue_Link_Free), (40 bytes).
    Removing queue.o(i.Queue_Link_Get), (54 bytes).
    Removing queue.o(i.Queue_Link_Init), (96 bytes).
    Removing queue.o(i.Queue_Link_OutSize), (10 bytes).
    Removing queue.o(i.Queue_Link_Put), (204 bytes).
    Removing queue.o(i.Queue_Link_Update), (140 bytes).
    Removing queue.o(i.Queue_Size), (40 bytes).
    Removing queue.o(.constdata), (49 bytes).
    Removing queue.o(.data), (1 bytes).
    Removing log.o(i.Log_Init), (32 bytes).
    Removing log.o(i._error), (2 bytes).
    Removing log.o(i._info), (2 bytes).
    Removing log.o(i._warning), (2 bytes).
    Removing log.o(i.os_calloc), (24 bytes).
    Removing log.o(i.os_free), (8 bytes).
    Removing log.o(i.os_malloc), (20 bytes).
    Removing log.o(.bss), (12 bytes).
    Removing log.o(.data), (4 bytes).
    Removing log.o(.data), (8 bytes).

95 unused section(s) (total 3967 bytes) removed from the image.

==============================================================================

Image Symbol Table

    Local Symbols

    Symbol Name                              Value     Ov Type        Size  Object(Section)

    ../Drivers/STM32F0xx_HAL_Driver/Src/stm32f0xx_ll_dma.c 0x00000000   Number         0  stm32f0xx_ll_dma.o ABSOLUTE
    ../Drivers/STM32F0xx_HAL_Driver/Src/stm32f0xx_ll_exti.c 0x00000000   Number         0  stm32f0xx_ll_exti.o ABSOLUTE
    ../Drivers/STM32F0xx_HAL_Driver/Src/stm32f0xx_ll_gpio.c 0x00000000   Number         0  stm32f0xx_ll_gpio.o ABSOLUTE
    ../Drivers/STM32F0xx_HAL_Driver/Src/stm32f0xx_ll_pwr.c 0x00000000   Number         0  stm32f0xx_ll_pwr.o ABSOLUTE
    ../Drivers/STM32F0xx_HAL_Driver/Src/stm32f0xx_ll_rcc.c 0x00000000   Number         0  stm32f0xx_ll_rcc.o ABSOLUTE
    ../Drivers/STM32F0xx_HAL_Driver/Src/stm32f0xx_ll_usart.c 0x00000000   Number         0  stm32f0xx_ll_usart.o ABSOLUTE
    ../Drivers/STM32F0xx_HAL_Driver/Src/stm32f0xx_ll_utils.c 0x00000000   Number         0  stm32f0xx_ll_utils.o ABSOLUTE
    ../Src/gpio.c                            0x00000000   Number         0  gpio.o ABSOLUTE
    ../Src/main.c                            0x00000000   Number         0  main.o ABSOLUTE
    ../Src/stm32f0xx_it.c                    0x00000000   Number         0  stm32f0xx_it.o ABSOLUTE
    ../Src/system_stm32f0xx.c                0x00000000   Number         0  system_stm32f0xx.o ABSOLUTE
    ../Src/usart.c                           0x00000000   Number         0  usart.o ABSOLUTE
    ../clib/microlib/division.c              0x00000000   Number         0  uidiv.o ABSOLUTE
    ../clib/microlib/init/entry.s            0x00000000   Number         0  entry10b.o ABSOLUTE
    ../clib/microlib/init/entry.s            0x00000000   Number         0  entry10a.o ABSOLUTE
    ../clib/microlib/init/entry.s            0x00000000   Number         0  entry9b.o ABSOLUTE
    ../clib/microlib/init/entry.s            0x00000000   Number         0  entry8b.o ABSOLUTE
    ../clib/microlib/init/entry.s            0x00000000   Number         0  entry8a.o ABSOLUTE
    ../clib/microlib/init/entry.s            0x00000000   Number         0  entry7b.o ABSOLUTE
    ../clib/microlib/init/entry.s            0x00000000   Number         0  entry7a.o ABSOLUTE
    ../clib/microlib/init/entry.s            0x00000000   Number         0  entry9a.o ABSOLUTE
    ../clib/microlib/init/entry.s            0x00000000   Number         0  entry5.o ABSOLUTE
    ../clib/microlib/init/entry.s            0x00000000   Number         0  entry2.o ABSOLUTE
    ../clib/microlib/init/entry.s            0x00000000   Number         0  entry.o ABSOLUTE
    ../clib/microlib/init/entry.s            0x00000000   Number         0  entry11a.o ABSOLUTE
    ../clib/microlib/init/entry.s            0x00000000   Number         0  entry11b.o ABSOLUTE
    ../clib/microlib/malloc/calloc.c         0x00000000   Number         0  calloc.o ABSOLUTE
    ../clib/microlib/malloc/malloc.c         0x00000000   Number         0  malloca.o ABSOLUTE
    ../clib/microlib/malloc/malloc.c         0x00000000   Number         0  malloc.o ABSOLUTE
    ../clib/microlib/malloc/malloc.c         0x00000000   Number         0  mallocr.o ABSOLUTE
    ../clib/microlib/malloc/malloc.c         0x00000000   Number         0  mallocra.o ABSOLUTE
    ../clib/microlib/malloc/mvars.c          0x00000000   Number         0  mvars.o ABSOLUTE
    ../clib/microlib/string/memcpy.c         0x00000000   Number         0  memcpyb.o ABSOLUTE
    ../clib/microlib/string/memcpy.c         0x00000000   Number         0  memcpya.o ABSOLUTE
    ../clib/microlib/string/memset.c         0x00000000   Number         0  memseta.o ABSOLUTE
    ..\Drivers\STM32F0xx_HAL_Driver\Src\stm32f0xx_ll_dma.c 0x00000000   Number         0  stm32f0xx_ll_dma.o ABSOLUTE
    ..\Drivers\STM32F0xx_HAL_Driver\Src\stm32f0xx_ll_exti.c 0x00000000   Number         0  stm32f0xx_ll_exti.o ABSOLUTE
    ..\Drivers\STM32F0xx_HAL_Driver\Src\stm32f0xx_ll_gpio.c 0x00000000   Number         0  stm32f0xx_ll_gpio.o ABSOLUTE
    ..\Drivers\STM32F0xx_HAL_Driver\Src\stm32f0xx_ll_pwr.c 0x00000000   Number         0  stm32f0xx_ll_pwr.o ABSOLUTE
    ..\Drivers\STM32F0xx_HAL_Driver\Src\stm32f0xx_ll_rcc.c 0x00000000   Number         0  stm32f0xx_ll_rcc.o ABSOLUTE
    ..\Drivers\STM32F0xx_HAL_Driver\Src\stm32f0xx_ll_usart.c 0x00000000   Number         0  stm32f0xx_ll_usart.o ABSOLUTE
    ..\Drivers\STM32F0xx_HAL_Driver\Src\stm32f0xx_ll_utils.c 0x00000000   Number         0  stm32f0xx_ll_utils.o ABSOLUTE
    ..\Src\gpio.c                            0x00000000   Number         0  gpio.o ABSOLUTE
    ..\Src\main.c                            0x00000000   Number         0  main.o ABSOLUTE
    ..\Src\stm32f0xx_it.c                    0x00000000   Number         0  stm32f0xx_it.o ABSOLUTE
    ..\Src\system_stm32f0xx.c                0x00000000   Number         0  system_stm32f0xx.o ABSOLUTE
    ..\Src\usart.c                           0x00000000   Number         0  usart.o ABSOLUTE
    D:\LiyaoProject\Cube_Project\STM32_Liyao_Frame\BootloaderFrame\FirmwareUpdate.c 0x00000000   Number         0  firmwareupdate.o ABSOLUTE
    D:\LiyaoProject\Cube_Project\STM32_Liyao_Frame\BootloaderFrame\iap.c 0x00000000   Number         0  iap.o ABSOLUTE
    D:\LiyaoProject\Cube_Project\STM32_Liyao_Frame\Frame\LOG.c 0x00000000   Number         0  log.o ABSOLUTE
    D:\LiyaoProject\Cube_Project\STM32_Liyao_Frame\Frame\Queue.c 0x00000000   Number         0  queue.o ABSOLUTE
    D:\\LiyaoProject\\Cube_Project\\STM32_Liyao_Frame\\BootloaderFrame\\FirmwareUpdate.c 0x00000000   Number         0  firmwareupdate.o ABSOLUTE
    D:\\LiyaoProject\\Cube_Project\\STM32_Liyao_Frame\\BootloaderFrame\\iap.c 0x00000000   Number         0  iap.o ABSOLUTE
    dc.s                                     0x00000000   Number         0  dc.o ABSOLUTE
    handlers.s                               0x00000000   Number         0  handlers.o ABSOLUTE
    init.s                                   0x00000000   Number         0  init.o ABSOLUTE
    startup_stm32f030xc.s                    0x00000000   Number         0  startup_stm32f030xc.o ABSOLUTE
    RESET                                    0x08000000   Section      184  startup_stm32f030xc.o(RESET)
    .ARM.Collect$$$$00000000                 0x080000b8   Section        0  entry.o(.ARM.Collect$$$$00000000)
    .ARM.Collect$$$$00000001                 0x080000b8   Section        4  entry2.o(.ARM.Collect$$$$00000001)
    .ARM.Collect$$$$00000004                 0x080000bc   Section        4  entry5.o(.ARM.Collect$$$$00000004)
    .ARM.Collect$$$$00000008                 0x080000c0   Section        0  entry7b.o(.ARM.Collect$$$$00000008)
    .ARM.Collect$$$$0000000A                 0x080000c0   Section        0  entry8b.o(.ARM.Collect$$$$0000000A)
    .ARM.Collect$$$$0000000B                 0x080000c0   Section        8  entry9a.o(.ARM.Collect$$$$0000000B)
    .ARM.Collect$$$$0000000D                 0x080000c8   Section        0  entry10a.o(.ARM.Collect$$$$0000000D)
    .ARM.Collect$$$$0000000F                 0x080000c8   Section        0  entry11a.o(.ARM.Collect$$$$0000000F)
    .ARM.Collect$$$$00002712                 0x080000c8   Section        4  entry2.o(.ARM.Collect$$$$00002712)
    __lit__00000000                          0x080000c8   Data           4  entry2.o(.ARM.Collect$$$$00002712)
    .emb_text                                0x080000cc   Section        6  iap.o(.emb_text)
    .text                                    0x080000d4   Section       28  startup_stm32f030xc.o(.text)
    .text                                    0x080000f0   Section        0  uidiv.o(.text)
    .text                                    0x0800011c   Section        0  memcpya.o(.text)
    .text                                    0x08000140   Section        0  memseta.o(.text)
    .text                                    0x08000164   Section       36  init.o(.text)
    i.DelayMS                                0x08000188   Section        0  firmwareupdate.o(i.DelayMS)
    i.FLASH_Program_HalfWord                 0x08000198   Section        0  firmwareupdate.o(i.FLASH_Program_HalfWord)
    FLASH_Program_HalfWord                   0x08000199   Thumb Code    22  firmwareupdate.o(i.FLASH_Program_HalfWord)
    i.FirmwareUpdate_Init                    0x080001b4   Section        0  firmwareupdate.o(i.FirmwareUpdate_Init)
    i.FirmwareUpdate_Run                     0x080001f0   Section        0  firmwareupdate.o(i.FirmwareUpdate_Run)
    i.HardFault_Handler                      0x08000364   Section        0  stm32f0xx_it.o(i.HardFault_Handler)
    i.LL_AHB1_GRP1_EnableClock               0x08000368   Section        0  firmwareupdate.o(i.LL_AHB1_GRP1_EnableClock)
    LL_AHB1_GRP1_EnableClock                 0x08000369   Thumb Code    18  firmwareupdate.o(i.LL_AHB1_GRP1_EnableClock)
    i.LL_Init1msTick                         0x08000380   Section        0  stm32f0xx_ll_utils.o(i.LL_Init1msTick)
    i.LL_SetSystemCoreClock                  0x080003a0   Section        0  stm32f0xx_ll_utils.o(i.LL_SetSystemCoreClock)
    i.NMI_Handler                            0x080003ac   Section        0  stm32f0xx_it.o(i.NMI_Handler)
    i.NVIC_SetPriority                       0x080003b0   Section        0  main.o(i.NVIC_SetPriority)
    NVIC_SetPriority                         0x080003b1   Thumb Code    60  main.o(i.NVIC_SetPriority)
    i.PendSV_Handler                         0x080003f4   Section        0  stm32f0xx_it.o(i.PendSV_Handler)
    i.Queue_Get                              0x080003f6   Section        0  queue.o(i.Queue_Get)
    i.Queue_Init                             0x08000434   Section        0  queue.o(i.Queue_Init)
    i.Queue_Put                              0x08000474   Section        0  queue.o(i.Queue_Put)
    i.SVC_Handler                            0x080004ae   Section        0  stm32f0xx_it.o(i.SVC_Handler)
    i.SYSTICK_IRQHandler                     0x080004b0   Section        0  firmwareupdate.o(i.SYSTICK_IRQHandler)
    i.SysTick_Handler                        0x080004c8   Section        0  stm32f0xx_it.o(i.SysTick_Handler)
    i.SystemClock_Config                     0x080004d0   Section        0  main.o(i.SystemClock_Config)
    i.SystemInit                             0x08000588   Section        0  system_stm32f0xx.o(i.SystemInit)
    i.UART_IRQHandler                        0x080005e4   Section        0  firmwareupdate.o(i.UART_IRQHandler)
    i.USART3_6_IRQHandler                    0x08000714   Section        0  stm32f0xx_it.o(i.USART3_6_IRQHandler)
    i.WaitBusy                               0x0800071c   Section        0  firmwareupdate.o(i.WaitBusy)
    WaitBusy                                 0x0800071d   Thumb Code    18  firmwareupdate.o(i.WaitBusy)
    i._Uart_Init                             0x08000734   Section        0  firmwareupdate.o(i._Uart_Init)
    _Uart_Init                               0x08000735   Thumb Code   110  firmwareupdate.o(i._Uart_Init)
    i.__ARM_common_switch8                   0x080007b8   Section        0  firmwareupdate.o(i.__ARM_common_switch8)
    i.__scatterload_copy                     0x080007d2   Section       14  handlers.o(i.__scatterload_copy)
    i.__scatterload_null                     0x080007e0   Section        2  handlers.o(i.__scatterload_null)
    i.__scatterload_zeroinit                 0x080007e2   Section       14  handlers.o(i.__scatterload_zeroinit)
    i.iap_load_app                           0x080007f0   Section        0  iap.o(i.iap_load_app)
    i.main                                   0x08000820   Section        0  main.o(i.main)
    i.mprintf                                0x0800085c   Section        0  firmwareupdate.o(i.mprintf)
    .data                                    0x20000000   Section        4  system_stm32f0xx.o(.data)
    .data                                    0x20000004   Section       28  firmwareupdate.o(.data)
    .data                                    0x20000020   Section        4  iap.o(.data)
    .bss                                     0x20000024   Section       12  firmwareupdate.o(.bss)
    .bss                                     0x20000030   Section     4096  firmwareupdate.o(.bss)
    .bss                                     0x20001030   Section      200  queue.o(.bss)
    STACK                                    0x200010f8   Section     1024  startup_stm32f030xc.o(STACK)

    Global Symbols

    Symbol Name                              Value     Ov Type        Size  Object(Section)

    BuildAttributes$$THM_ISAv3M$S$PE$A:L22$X:L11$S22$IEEE1$IW$USESV6$~STKCKD$USESV7$~SHL$OSPACE$EBA8$MICROLIB$REQ8$PRES8$EABIv2 0x00000000   Number         0  anon$$obj.o ABSOLUTE
    __ARM_use_no_argv                        0x00000000   Number         0  main.o ABSOLUTE
    __cpp_initialize__aeabi_                  - Undefined Weak Reference
    __cxa_finalize                            - Undefined Weak Reference
    __decompress                              - Undefined Weak Reference
    _clock_init                               - Undefined Weak Reference
    _microlib_exit                            - Undefined Weak Reference
    __Vectors_Size                           0x000000b8   Number         0  startup_stm32f030xc.o ABSOLUTE
    __Vectors                                0x08000000   Data           4  startup_stm32f030xc.o(RESET)
    __Vectors_End                            0x080000b8   Data           0  startup_stm32f030xc.o(RESET)
    __main                                   0x080000b9   Thumb Code     0  entry.o(.ARM.Collect$$$$00000000)
    _main_stk                                0x080000b9   Thumb Code     0  entry2.o(.ARM.Collect$$$$00000001)
    _main_scatterload                        0x080000bd   Thumb Code     0  entry5.o(.ARM.Collect$$$$00000004)
    __main_after_scatterload                 0x080000c1   Thumb Code     0  entry5.o(.ARM.Collect$$$$00000004)
    _main_clock                              0x080000c1   Thumb Code     0  entry7b.o(.ARM.Collect$$$$00000008)
    _main_cpp_init                           0x080000c1   Thumb Code     0  entry8b.o(.ARM.Collect$$$$0000000A)
    _main_init                               0x080000c1   Thumb Code     0  entry9a.o(.ARM.Collect$$$$0000000B)
    __rt_final_cpp                           0x080000c9   Thumb Code     0  entry10a.o(.ARM.Collect$$$$0000000D)
    __rt_final_exit                          0x080000c9   Thumb Code     0  entry11a.o(.ARM.Collect$$$$0000000F)
    MSR_MSP                                  0x080000cd   Thumb Code     6  iap.o(.emb_text)
    Reset_Handler                            0x080000d5   Thumb Code     8  startup_stm32f030xc.o(.text)
    ADC1_IRQHandler                          0x080000e7   Thumb Code     0  startup_stm32f030xc.o(.text)
    DMA1_Channel1_IRQHandler                 0x080000e7   Thumb Code     0  startup_stm32f030xc.o(.text)
    DMA1_Channel2_3_IRQHandler               0x080000e7   Thumb Code     0  startup_stm32f030xc.o(.text)
    DMA1_Channel4_5_IRQHandler               0x080000e7   Thumb Code     0  startup_stm32f030xc.o(.text)
    EXTI0_1_IRQHandler                       0x080000e7   Thumb Code     0  startup_stm32f030xc.o(.text)
    EXTI2_3_IRQHandler                       0x080000e7   Thumb Code     0  startup_stm32f030xc.o(.text)
    EXTI4_15_IRQHandler                      0x080000e7   Thumb Code     0  startup_stm32f030xc.o(.text)
    FLASH_IRQHandler                         0x080000e7   Thumb Code     0  startup_stm32f030xc.o(.text)
    I2C1_IRQHandler                          0x080000e7   Thumb Code     0  startup_stm32f030xc.o(.text)
    I2C2_IRQHandler                          0x080000e7   Thumb Code     0  startup_stm32f030xc.o(.text)
    RCC_IRQHandler                           0x080000e7   Thumb Code     0  startup_stm32f030xc.o(.text)
    RTC_IRQHandler                           0x080000e7   Thumb Code     0  startup_stm32f030xc.o(.text)
    SPI1_IRQHandler                          0x080000e7   Thumb Code     0  startup_stm32f030xc.o(.text)
    SPI2_IRQHandler                          0x080000e7   Thumb Code     0  startup_stm32f030xc.o(.text)
    TIM14_IRQHandler                         0x080000e7   Thumb Code     0  startup_stm32f030xc.o(.text)
    TIM15_IRQHandler                         0x080000e7   Thumb Code     0  startup_stm32f030xc.o(.text)
    TIM16_IRQHandler                         0x080000e7   Thumb Code     0  startup_stm32f030xc.o(.text)
    TIM17_IRQHandler                         0x080000e7   Thumb Code     0  startup_stm32f030xc.o(.text)
    TIM1_BRK_UP_TRG_COM_IRQHandler           0x080000e7   Thumb Code     0  startup_stm32f030xc.o(.text)
    TIM1_CC_IRQHandler                       0x080000e7   Thumb Code     0  startup_stm32f030xc.o(.text)
    TIM3_IRQHandler                          0x080000e7   Thumb Code     0  startup_stm32f030xc.o(.text)
    TIM6_IRQHandler                          0x080000e7   Thumb Code     0  startup_stm32f030xc.o(.text)
    TIM7_IRQHandler                          0x080000e7   Thumb Code     0  startup_stm32f030xc.o(.text)
    USART1_IRQHandler                        0x080000e7   Thumb Code     0  startup_stm32f030xc.o(.text)
    USART2_IRQHandler                        0x080000e7   Thumb Code     0  startup_stm32f030xc.o(.text)
    WWDG_IRQHandler                          0x080000e7   Thumb Code     0  startup_stm32f030xc.o(.text)
    __aeabi_uidiv                            0x080000f1   Thumb Code     0  uidiv.o(.text)
    __aeabi_uidivmod                         0x080000f1   Thumb Code    44  uidiv.o(.text)
    __aeabi_memcpy                           0x0800011d   Thumb Code    36  memcpya.o(.text)
    __aeabi_memcpy4                          0x0800011d   Thumb Code     0  memcpya.o(.text)
    __aeabi_memcpy8                          0x0800011d   Thumb Code     0  memcpya.o(.text)
    __aeabi_memset                           0x08000141   Thumb Code    14  memseta.o(.text)
    __aeabi_memset4                          0x08000141   Thumb Code     0  memseta.o(.text)
    __aeabi_memset8                          0x08000141   Thumb Code     0  memseta.o(.text)
    __aeabi_memclr                           0x0800014f   Thumb Code     4  memseta.o(.text)
    __aeabi_memclr4                          0x0800014f   Thumb Code     0  memseta.o(.text)
    __aeabi_memclr8                          0x0800014f   Thumb Code     0  memseta.o(.text)
    _memset$wrapper                          0x08000153   Thumb Code    18  memseta.o(.text)
    __scatterload                            0x08000165   Thumb Code    28  init.o(.text)
    __scatterload_rt2                        0x08000165   Thumb Code     0  init.o(.text)
    DelayMS                                  0x08000189   Thumb Code    12  firmwareupdate.o(i.DelayMS)
    FirmwareUpdate_Init                      0x080001b5   Thumb Code    42  firmwareupdate.o(i.FirmwareUpdate_Init)
    FirmwareUpdate_Run                       0x080001f1   Thumb Code   326  firmwareupdate.o(i.FirmwareUpdate_Run)
    HardFault_Handler                        0x08000365   Thumb Code     2  stm32f0xx_it.o(i.HardFault_Handler)
    LL_Init1msTick                           0x08000381   Thumb Code    26  stm32f0xx_ll_utils.o(i.LL_Init1msTick)
    LL_SetSystemCoreClock                    0x080003a1   Thumb Code     6  stm32f0xx_ll_utils.o(i.LL_SetSystemCoreClock)
    NMI_Handler                              0x080003ad   Thumb Code     2  stm32f0xx_it.o(i.NMI_Handler)
    PendSV_Handler                           0x080003f5   Thumb Code     2  stm32f0xx_it.o(i.PendSV_Handler)
    Queue_Get                                0x080003f7   Thumb Code    60  queue.o(i.Queue_Get)
    Queue_Init                               0x08000435   Thumb Code    58  queue.o(i.Queue_Init)
    Queue_Put                                0x08000475   Thumb Code    58  queue.o(i.Queue_Put)
    SVC_Handler                              0x080004af   Thumb Code     2  stm32f0xx_it.o(i.SVC_Handler)
    SYSTICK_IRQHandler                       0x080004b1   Thumb Code    18  firmwareupdate.o(i.SYSTICK_IRQHandler)
    SysTick_Handler                          0x080004c9   Thumb Code     8  stm32f0xx_it.o(i.SysTick_Handler)
    SystemClock_Config                       0x080004d1   Thumb Code   168  main.o(i.SystemClock_Config)
    SystemInit                               0x08000589   Thumb Code    78  system_stm32f0xx.o(i.SystemInit)
    UART_IRQHandler                          0x080005e5   Thumb Code   278  firmwareupdate.o(i.UART_IRQHandler)
    USART3_6_IRQHandler                      0x08000715   Thumb Code     8  stm32f0xx_it.o(i.USART3_6_IRQHandler)
    __ARM_common_switch8                     0x080007b9   Thumb Code    26  firmwareupdate.o(i.__ARM_common_switch8)
    __scatterload_copy                       0x080007d3   Thumb Code    14  handlers.o(i.__scatterload_copy)
    __scatterload_null                       0x080007e1   Thumb Code     2  handlers.o(i.__scatterload_null)
    __scatterload_zeroinit                   0x080007e3   Thumb Code    14  handlers.o(i.__scatterload_zeroinit)
    iap_load_app                             0x080007f1   Thumb Code    40  iap.o(i.iap_load_app)
    main                                     0x08000821   Thumb Code    56  main.o(i.main)
    mprintf                                  0x0800085d   Thumb Code    22  firmwareupdate.o(i.mprintf)
    Region$$Table$$Base                      0x08000878   Number         0  anon$$obj.o(Region$$Table)
    Region$$Table$$Limit                     0x08000898   Number         0  anon$$obj.o(Region$$Table)
    SystemCoreClock                          0x20000000   Data           4  system_stm32f0xx.o(.data)
    Page_Count                               0x20000004   Data           1  firmwareupdate.o(.data)
    i                                        0x20000005   Data           1  firmwareupdate.o(.data)
    plan                                     0x20000006   Data           1  firmwareupdate.o(.data)
    isJump                                   0x20000007   Data           1  firmwareupdate.o(.data)
    IsMark                                   0x20000008   Data           1  firmwareupdate.o(.data)
    Check_Sum                                0x20000009   Data           1  firmwareupdate.o(.data)
    data                                     0x2000000a   Data           1  firmwareupdate.o(.data)
    Firmware_Info                            0x2000000c   Data           4  firmwareupdate.o(.data)
    bytecount                                0x20000010   Data           4  firmwareupdate.o(.data)
    tmpData                                  0x20000014   Data           4  firmwareupdate.o(.data)
    TargetTime                               0x20000018   Data           4  firmwareupdate.o(.data)
    pro_queue                                0x2000001c   Data           4  firmwareupdate.o(.data)
    JumpApp                                  0x20000020   Data           4  iap.o(.data)
    _Firmware_Info                           0x20000024   Data          12  firmwareupdate.o(.bss)
    Program_Buffer                           0x20000030   Data        4096  firmwareupdate.o(.bss)
    queue_list                               0x20001030   Data         200  queue.o(.bss)
    __initial_sp                             0x200014f8   Data           0  startup_stm32f030xc.o(STACK)



==============================================================================

Memory Map of the image

  Image Entry point : 0x080000b9

  Load Region LR_IROM1 (Base: 0x08000000, Size: 0x000008bc, Max: 0x00040000, ABSOLUTE)

    Execution Region ER_IROM1 (Base: 0x08000000, Size: 0x00000898, Max: 0x00040000, ABSOLUTE)

    Base Addr    Size         Type   Attr      Idx    E Section Name        Object

    0x08000000   0x000000b8   Data   RO          267    RESET               startup_stm32f030xc.o
    0x080000b8   0x00000000   Code   RO          960  * .ARM.Collect$$$$00000000  mc_p.l(entry.o)
    0x080000b8   0x00000004   Code   RO         1001    .ARM.Collect$$$$00000001  mc_p.l(entry2.o)
    0x080000bc   0x00000004   Code   RO         1004    .ARM.Collect$$$$00000004  mc_p.l(entry5.o)
    0x080000c0   0x00000000   Code   RO         1006    .ARM.Collect$$$$00000008  mc_p.l(entry7b.o)
    0x080000c0   0x00000000   Code   RO         1008    .ARM.Collect$$$$0000000A  mc_p.l(entry8b.o)
    0x080000c0   0x00000008   Code   RO         1009    .ARM.Collect$$$$0000000B  mc_p.l(entry9a.o)
    0x080000c8   0x00000000   Code   RO         1011    .ARM.Collect$$$$0000000D  mc_p.l(entry10a.o)
    0x080000c8   0x00000000   Code   RO         1013    .ARM.Collect$$$$0000000F  mc_p.l(entry11a.o)
    0x080000c8   0x00000004   Code   RO         1002    .ARM.Collect$$$$00002712  mc_p.l(entry2.o)
    0x080000cc   0x00000006   Code   RO          773    .emb_text           iap.o
    0x080000d2   0x00000002   PAD
    0x080000d4   0x0000001c   Code   RO          268    .text               startup_stm32f030xc.o
    0x080000f0   0x0000002c   Code   RO          963    .text               mc_p.l(uidiv.o)
    0x0800011c   0x00000024   Code   RO          965    .text               mc_p.l(memcpya.o)
    0x08000140   0x00000024   Code   RO          967    .text               mc_p.l(memseta.o)
    0x08000164   0x00000024   Code   RO         1017    .text               mc_p.l(init.o)
    0x08000188   0x00000010   Code   RO          623    i.DelayMS           firmwareupdate.o
    0x08000198   0x0000001c   Code   RO          624    i.FLASH_Program_HalfWord  firmwareupdate.o
    0x080001b4   0x0000003c   Code   RO          625    i.FirmwareUpdate_Init  firmwareupdate.o
    0x080001f0   0x00000174   Code   RO          626    i.FirmwareUpdate_Run  firmwareupdate.o
    0x08000364   0x00000002   Code   RO          148    i.HardFault_Handler  stm32f0xx_it.o
    0x08000366   0x00000002   PAD
    0x08000368   0x00000018   Code   RO          627    i.LL_AHB1_GRP1_EnableClock  firmwareupdate.o
    0x08000380   0x00000020   Code   RO          379    i.LL_Init1msTick    stm32f0xx_ll_utils.o
    0x080003a0   0x0000000c   Code   RO          383    i.LL_SetSystemCoreClock  stm32f0xx_ll_utils.o
    0x080003ac   0x00000002   Code   RO          149    i.NMI_Handler       stm32f0xx_it.o
    0x080003ae   0x00000002   PAD
    0x080003b0   0x00000044   Code   RO           61    i.NVIC_SetPriority  main.o
    0x080003f4   0x00000002   Code   RO          150    i.PendSV_Handler    stm32f0xx_it.o
    0x080003f6   0x0000003c   Code   RO          810    i.Queue_Get         queue.o
    0x08000432   0x00000002   PAD
    0x08000434   0x00000040   Code   RO          811    i.Queue_Init        queue.o
    0x08000474   0x0000003a   Code   RO          818    i.Queue_Put         queue.o
    0x080004ae   0x00000002   Code   RO          151    i.SVC_Handler       stm32f0xx_it.o
    0x080004b0   0x00000018   Code   RO          628    i.SYSTICK_IRQHandler  firmwareupdate.o
    0x080004c8   0x00000008   Code   RO          152    i.SysTick_Handler   stm32f0xx_it.o
    0x080004d0   0x000000b8   Code   RO           62    i.SystemClock_Config  main.o
    0x08000588   0x0000005c   Code   RO            4    i.SystemInit        system_stm32f0xx.o
    0x080005e4   0x00000130   Code   RO          629    i.UART_IRQHandler   firmwareupdate.o
    0x08000714   0x00000008   Code   RO          153    i.USART3_6_IRQHandler  stm32f0xx_it.o
    0x0800071c   0x00000018   Code   RO          630    i.WaitBusy          firmwareupdate.o
    0x08000734   0x00000084   Code   RO          631    i._Uart_Init        firmwareupdate.o
    0x080007b8   0x0000001a   Code   RO          692    i.__ARM_common_switch8  firmwareupdate.o
    0x080007d2   0x0000000e   Code   RO         1021    i.__scatterload_copy  mc_p.l(handlers.o)
    0x080007e0   0x00000002   Code   RO         1022    i.__scatterload_null  mc_p.l(handlers.o)
    0x080007e2   0x0000000e   Code   RO         1023    i.__scatterload_zeroinit  mc_p.l(handlers.o)
    0x080007f0   0x00000030   Code   RO          774    i.iap_load_app      iap.o
    0x08000820   0x0000003c   Code   RO           64    i.main              main.o
    0x0800085c   0x0000001c   Code   RO          632    i.mprintf           firmwareupdate.o
    0x08000878   0x00000020   Data   RO         1019    Region$$Table       anon$$obj.o


    Execution Region RW_IRAM1 (Base: 0x20000000, Size: 0x000014f8, Max: 0x00008000, ABSOLUTE)

    Base Addr    Size         Type   Attr      Idx    E Section Name        Object

    0x20000000   0x00000004   Data   RW            7    .data               system_stm32f0xx.o
    0x20000004   0x0000001c   Data   RW          635    .data               firmwareupdate.o
    0x20000020   0x00000004   Data   RW          775    .data               iap.o
    0x20000024   0x0000000c   Zero   RW          633    .bss                firmwareupdate.o
    0x20000030   0x00001000   Zero   RW          634    .bss                firmwareupdate.o
    0x20001030   0x000000c8   Zero   RW          820    .bss                queue.o
    0x200010f8   0x00000400   Zero   RW          265    STACK               startup_stm32f030xc.o


==============================================================================

Image component sizes


      Code (inc. data)   RO Data    RW Data    ZI Data      Debug   Object Name

      1038        158          0         28       4108      27177   firmwareupdate.o
        54          8          0          4          0       2661   iap.o
       312         28          0          0          0      22001   main.o
       182          6          0          0        200       3565   queue.o
        28          8        184          0       1024        564   startup_stm32f030xc.o
        24          0          0          0          0       2317   stm32f0xx_it.o
        44         12          0          0          0       5205   stm32f0xx_ll_utils.o
        92         14          0          4          0     196135   system_stm32f0xx.o
         0          0          0          0          0       6372   usart.o

    ----------------------------------------------------------------------
      1782        234        216         36       5332     265997   Object Totals
         0          0         32          0          0          0   (incl. Generated)
         8          0          0          0          0          0   (incl. Padding)

    ----------------------------------------------------------------------

      Code (inc. data)   RO Data    RW Data    ZI Data      Debug   Library Member Name

         0          0          0          0          0          0   entry.o
         0          0          0          0          0          0   entry10a.o
         0          0          0          0          0          0   entry11a.o
         8          4          0          0          0          0   entry2.o
         4          0          0          0          0          0   entry5.o
         0          0          0          0          0          0   entry7b.o
         0          0          0          0          0          0   entry8b.o
         8          4          0          0          0          0   entry9a.o
        30          0          0          0          0          0   handlers.o
        36          8          0          0          0         68   init.o
        36          0          0          0          0         60   memcpya.o
        36          0          0          0          0        100   memseta.o
        44          0          0          0          0         72   uidiv.o

    ----------------------------------------------------------------------
       202         16          0          0          0        300   Library Totals
         0          0          0          0          0          0   (incl. Padding)

    ----------------------------------------------------------------------

      Code (inc. data)   RO Data    RW Data    ZI Data      Debug   Library Name

       202         16          0          0          0        300   mc_p.l

    ----------------------------------------------------------------------
       202         16          0          0          0        300   Library Totals

    ----------------------------------------------------------------------

==============================================================================


      Code (inc. data)   RO Data    RW Data    ZI Data      Debug   

      1984        250        216         36       5332     265297   Grand Totals
      1984        250        216         36       5332     265297   ELF Image Totals
      1984        250        216         36          0          0   ROM Totals

==============================================================================

    Total RO  Size (Code + RO Data)                 2200 (   2.15kB)
    Total RW  Size (RW Data + ZI Data)              5368 (   5.24kB)
    Total ROM Size (Code + RO Data + RW Data)       2236 (   2.18kB)

==============================================================================

