###############################################################################
#
# IAR ELF Linker V7.10.1.6676/W32 for ARM                 16/Nov/2016  15:14:09
# Copyright 2007-2014 IAR Systems AB.
#
#    Output file  =  
#        E:\LiyaoProject\Cube_Project\STM32F030C8T6_Cube\EWARM\STM32F030C8T6_Cube\Exe\STM32F030C8T6_Cube.out
#    Map file     =  
#        E:\LiyaoProject\Cube_Project\STM32F030C8T6_Cube\EWARM\STM32F030C8T6_Cube/List\STM32F030C8T6_Cube.map
#    Command line =  
#        E:\LiyaoProject\Cube_Project\STM32F030C8T6_Cube\EWARM\STM32F030C8T6_Cube\Obj\ComBuff.o
#        E:\LiyaoProject\Cube_Project\STM32F030C8T6_Cube\EWARM\STM32F030C8T6_Cube\Obj\dma.o
#        E:\LiyaoProject\Cube_Project\STM32F030C8T6_Cube\EWARM\STM32F030C8T6_Cube\Obj\gpio.o
#        E:\LiyaoProject\Cube_Project\STM32F030C8T6_Cube\EWARM\STM32F030C8T6_Cube\Obj\List.o
#        E:\LiyaoProject\Cube_Project\STM32F030C8T6_Cube\EWARM\STM32F030C8T6_Cube\Obj\LOG.o
#        E:\LiyaoProject\Cube_Project\STM32F030C8T6_Cube\EWARM\STM32F030C8T6_Cube\Obj\main.o
#        E:\LiyaoProject\Cube_Project\STM32F030C8T6_Cube\EWARM\STM32F030C8T6_Cube\Obj\Protocol.o
#        E:\LiyaoProject\Cube_Project\STM32F030C8T6_Cube\EWARM\STM32F030C8T6_Cube\Obj\ProtocolFrame.o
#        E:\LiyaoProject\Cube_Project\STM32F030C8T6_Cube\EWARM\STM32F030C8T6_Cube\Obj\ProtocolHandle.o
#        E:\LiyaoProject\Cube_Project\STM32F030C8T6_Cube\EWARM\STM32F030C8T6_Cube\Obj\Queue.o
#        E:\LiyaoProject\Cube_Project\STM32F030C8T6_Cube\EWARM\STM32F030C8T6_Cube\Obj\startup_stm32f030x8.o
#        E:\LiyaoProject\Cube_Project\STM32F030C8T6_Cube\EWARM\STM32F030C8T6_Cube\Obj\stm32f0xx_hal.o
#        E:\LiyaoProject\Cube_Project\STM32F030C8T6_Cube\EWARM\STM32F030C8T6_Cube\Obj\stm32f0xx_hal_cortex.o
#        E:\LiyaoProject\Cube_Project\STM32F030C8T6_Cube\EWARM\STM32F030C8T6_Cube\Obj\stm32f0xx_hal_dma.o
#        E:\LiyaoProject\Cube_Project\STM32F030C8T6_Cube\EWARM\STM32F030C8T6_Cube\Obj\stm32f0xx_hal_flash.o
#        E:\LiyaoProject\Cube_Project\STM32F030C8T6_Cube\EWARM\STM32F030C8T6_Cube\Obj\stm32f0xx_hal_flash_ex.o
#        E:\LiyaoProject\Cube_Project\STM32F030C8T6_Cube\EWARM\STM32F030C8T6_Cube\Obj\stm32f0xx_hal_gpio.o
#        E:\LiyaoProject\Cube_Project\STM32F030C8T6_Cube\EWARM\STM32F030C8T6_Cube\Obj\stm32f0xx_hal_i2c.o
#        E:\LiyaoProject\Cube_Project\STM32F030C8T6_Cube\EWARM\STM32F030C8T6_Cube\Obj\stm32f0xx_hal_i2c_ex.o
#        E:\LiyaoProject\Cube_Project\STM32F030C8T6_Cube\EWARM\STM32F030C8T6_Cube\Obj\stm32f0xx_hal_msp.o
#        E:\LiyaoProject\Cube_Project\STM32F030C8T6_Cube\EWARM\STM32F030C8T6_Cube\Obj\stm32f0xx_hal_pwr.o
#        E:\LiyaoProject\Cube_Project\STM32F030C8T6_Cube\EWARM\STM32F030C8T6_Cube\Obj\stm32f0xx_hal_pwr_ex.o
#        E:\LiyaoProject\Cube_Project\STM32F030C8T6_Cube\EWARM\STM32F030C8T6_Cube\Obj\stm32f0xx_hal_rcc.o
#        E:\LiyaoProject\Cube_Project\STM32F030C8T6_Cube\EWARM\STM32F030C8T6_Cube\Obj\stm32f0xx_hal_rcc_ex.o
#        E:\LiyaoProject\Cube_Project\STM32F030C8T6_Cube\EWARM\STM32F030C8T6_Cube\Obj\stm32f0xx_hal_tim.o
#        E:\LiyaoProject\Cube_Project\STM32F030C8T6_Cube\EWARM\STM32F030C8T6_Cube\Obj\stm32f0xx_hal_tim_ex.o
#        E:\LiyaoProject\Cube_Project\STM32F030C8T6_Cube\EWARM\STM32F030C8T6_Cube\Obj\stm32f0xx_hal_uart.o
#        E:\LiyaoProject\Cube_Project\STM32F030C8T6_Cube\EWARM\STM32F030C8T6_Cube\Obj\stm32f0xx_hal_uart_ex.o
#        E:\LiyaoProject\Cube_Project\STM32F030C8T6_Cube\EWARM\STM32F030C8T6_Cube\Obj\stm32f0xx_it.o
#        E:\LiyaoProject\Cube_Project\STM32F030C8T6_Cube\EWARM\STM32F030C8T6_Cube\Obj\system_stm32f0xx.o
#        E:\LiyaoProject\Cube_Project\STM32F030C8T6_Cube\EWARM\STM32F030C8T6_Cube\Obj\TaskTimeManager.o
#        E:\LiyaoProject\Cube_Project\STM32F030C8T6_Cube\EWARM\STM32F030C8T6_Cube\Obj\usart.o
#        --redirect _Printf=_PrintfFull --redirect _Scanf=_ScanfFull -o
#        E:\LiyaoProject\Cube_Project\STM32F030C8T6_Cube\EWARM\STM32F030C8T6_Cube\Exe\STM32F030C8T6_Cube.out
#        --map
#        E:\LiyaoProject\Cube_Project\STM32F030C8T6_Cube\EWARM\STM32F030C8T6_Cube/List\STM32F030C8T6_Cube.map
#        --config
#        E:\LiyaoProject\Cube_Project\STM32F030C8T6_Cube\EWARM/stm32f030x8_flash.icf
#        --semihosting --entry __iar_program_start --vfe
#
###############################################################################

*******************************************************************************
*** RUNTIME MODEL ATTRIBUTES
***

CppFlavor                     = *
__Heap_Handler                = DLMalloc
__SystemLibrary               = DLib
__dlib_dynamic_initialization = normal


*******************************************************************************
*** PLACEMENT SUMMARY
***

"A1":  place at 0x08000000 { ro section .intvec };
"P1":  place in [from 0x08000000 to 0x0800ffff] { ro };
"P2":  place in [from 0x20000000 to 0x20001fff] { rw, block CSTACK, block HEAP };

  Section             Kind        Address    Size  Object
  -------             ----        -------    ----  ------
"A1":                                        0xb4
  .intvec             ro code  0x08000000    0xb4  startup_stm32f030x8.o [1]
                             - 0x080000b4    0xb4

"P1":                                      0x5b9b
  .text               ro code  0x080000b4  0x1714  dlmalloc.o [3]
  .text               ro code  0x080017c8     0xa  abort.o [3]
  .text               ro code  0x080017d2    0x2a  zero_init3.o [5]
  .text               ro code  0x080017fc    0x2c  xgetmemchunk.o [3]
  .text               ro code  0x08001828    0x5c  ABImemcpy.o [5]
  .text               ro code  0x08001884    0x14  exit.o [6]
  .text               ro code  0x08001898  0x1266  xprintffull.o [3]
  .text               ro code  0x08002afe    0x1c  xmbtowc.o [3]
  .text               ro code  0x08002b1a    0x14  strchr.o [5]
  .text               ro code  0x08002b2e    0x10  strlen.o [5]
  .text               ro code  0x08002b3e    0x18  memchr.o [5]
  .text               ro code  0x08002b56     0xa  xmbcurmax.o [3]
  .text               ro code  0x08002b60    0x18  xwctomb.o [3]
  .text               ro code  0x08002b78    0x6a  I64DivMod.o [5]
  .text               ro code  0x08002be2   0x184  DblMul.o [4]
  .text               ro code  0x08002d66    0x44  xdnorm.o [4]
  .text               ro code  0x08002daa    0x32  DblCmpLe.o [4]
  .text               ro code  0x08002ddc    0x32  DblCmpGe.o [4]
  .text               ro code  0x08002e0e     0xa  xsprout.o [3]
  .text               ro code  0x08002e18   0x11c  xdscale.o [4]
  .text               ro code  0x08002f34    0x52  DblToI32.o [4]
  .text               ro code  0x08002f86     0x2  startup_stm32f030x8.o [1]
  .text               ro code  0x08002f88    0x34  I32ToDbl.o [4]
  .text               ro code  0x08002fbc   0x1a8  DblAddSub.o [4]
  .text               ro code  0x08003164    0xe0  I32DivModFast.o [5]
  .text               ro code  0x08003244    0xc2  DblDiv.o [4]
  .text               ro code  0x08003306     0x2  startup_stm32f030x8.o [1]
  .text               ro code  0x08003308    0x68  localeconv.o [3]
  .text               ro code  0x08003370    0x20  div.o [3]
  .text               ro code  0x08003390    0x14  setlocale.o [3]
  .text               ro code  0x080033a4    0x50  xencoding_sb.o [3]
  .text               ro code  0x080033f4     0x2  I64DivZer.o [5]
  .text               ro code  0x080033f6     0x2  startup_stm32f030x8.o [1]
  .text               ro code  0x080033f8     0x2  IntDivZer.o [5]
  .text               ro code  0x080033fa     0x2  xtls.o [3]
  .text               ro code  0x080033fc   0x790  stm32f0xx_hal_uart.o [1]
  .text               ro code  0x08003b8c    0xf0  usart.o [1]
  .text               ro code  0x08003c7c   0x2a8  stm32f0xx_hal_dma.o [1]
  .text               ro code  0x08003f24   0x54c  stm32f0xx_hal_rcc.o [1]
  .text               ro code  0x08004470    0x58  stm32f0xx_hal.o [1]
  .text               ro code  0x080044c8   0x490  ComBuff.o [1]
  .text               ro code  0x08004958   0x17c  main.o [1]
  .text               ro code  0x08004ad4   0x180  stm32f0xx_hal_gpio.o [1]
  .text               ro code  0x08004c54    0xa4  stm32f0xx_hal_cortex.o [1]
  .text               ro code  0x08004cf8    0x40  stm32f0xx_hal_msp.o [1]
  .text               ro code  0x08004d38   0x134  Queue.o [1]
  .text               ro code  0x08004e6c    0x24  printf.o [3]
  .text               ro code  0x08004e90    0x58  ABImemset.o [5]
  .text               ro code  0x08004ee8    0x30  gpio.o [1]
  .text               ro code  0x08004f18    0x2c  dma.o [1]
  .text               ro code  0x08004f44   0x204  TaskTimeManager.o [1]
  .text               ro code  0x08005148   0x32c  ProtocolFrame.o [1]
  .text               ro code  0x08005474    0x74  LOG.o [1]
  .text               ro code  0x080054e8   0x104  stm32f0xx_hal_rcc_ex.o [1]
  .text               ro code  0x080055ec     0xc  memcpy.o [3]
  .text               ro code  0x080055f8    0x38  sprintf.o [3]
  .text               ro code  0x08005630    0xf0  List.o [1]
  .text               ro code  0x08005720   0x160  Protocol.o [1]
  .text               ro code  0x08005880    0x14  memset.o [3]
  .text               ro code  0x08005894    0xda  packbits_init.o [5]
  .text               ro code  0x0800596e     0x2  startup_stm32f030x8.o [1]
  .text               ro code  0x08005970    0xd8  ProtocolHandle.o [1]
  .text               ro code  0x08005a48    0x70  system_stm32f0xx.o [1]
  .text               ro code  0x08005ab8    0x3c  stm32f0xx_it.o [1]
  .rodata             const    0x08005af4    0x28  xprintffull.o [3]
  .text               ro code  0x08005b1c    0x28  data_init.o [5]
  .iar.init_table     const    0x08005b44    0x2c  - Linker created -
  .text               ro code  0x08005b70    0x1a  cmain.o [5]
  .text               ro code  0x08005b8a     0x4  low_level_init.o [3]
  .text               ro code  0x08005b8e     0x8  exit.o [3]
  .text               ro code  0x08005b96     0x2  startup_stm32f030x8.o [1]
  .text               ro code  0x08005b98     0xa  cexit.o [5]
  .text               ro code  0x08005ba2    0x16  xprout.o [3]
  .text               ro code  0x08005bb8    0x10  putchar.o [3]
  .text               ro code  0x08005bc8    0x10  startup_stm32f030x8.o [1]
  .text               ro code  0x08005bd8     0xc  cstartup_M.o [5]
  .rodata             const    0x08005be4     0x8  system_stm32f0xx.o [1]
  .text               ro code  0x08005bec     0x2  startup_stm32f030x8.o [1]
  .text               ro code  0x08005bee     0x2  startup_stm32f030x8.o [1]
  .text               ro code  0x08005bf0     0x2  startup_stm32f030x8.o [1]
  .text               ro code  0x08005bf2     0x2  startup_stm32f030x8.o [1]
  .text               ro code  0x08005bf4     0x2  startup_stm32f030x8.o [1]
  .text               ro code  0x08005bf6     0x2  startup_stm32f030x8.o [1]
  .text               ro code  0x08005bf8     0x2  startup_stm32f030x8.o [1]
  .text               ro code  0x08005bfa     0x2  startup_stm32f030x8.o [1]
  .text               ro code  0x08005bfc     0x2  startup_stm32f030x8.o [1]
  .text               ro code  0x08005bfe     0x2  startup_stm32f030x8.o [1]
  .text               ro code  0x08005c00     0x2  startup_stm32f030x8.o [1]
  .text               ro code  0x08005c02     0x2  startup_stm32f030x8.o [1]
  .text               ro code  0x08005c04     0x2  startup_stm32f030x8.o [1]
  .text               ro code  0x08005c06     0x2  startup_stm32f030x8.o [1]
  .text               ro code  0x08005c08     0x2  startup_stm32f030x8.o [1]
  .text               ro code  0x08005c0a     0x2  startup_stm32f030x8.o [1]
  .text               ro code  0x08005c0c     0x2  startup_stm32f030x8.o [1]
  .text               ro code  0x08005c0e     0x2  startup_stm32f030x8.o [1]
  .rodata             const    0x08005c10     0x0  zero_init3.o [5]
  .rodata             const    0x08005c10     0x0  packbits_init.o [5]
  Initializer bytes   ro data  0x08005c10    0x3f  <for P2 s0>
                             - 0x08005c4f  0x5b9b

"P2", part 1 of 3:                          0x184
  P2 s0                        0x20000000   0x184  <Init block>
    __DLIB_PERTHREAD  inited   0x20000000    0x88  localeconv.o [3]
    __DLIB_PERTHREAD  inited   0x20000088    0x74  setlocale.o [3]
    .data             inited   0x200000fc    0x40  xfiles.o [3]
    .data             inited   0x2000013c    0x34  TaskTimeManager.o [1]
    .data             inited   0x20000170    0x10  ProtocolFrame.o [1]
    .data             inited   0x20000180     0x4  system_stm32f0xx.o [1]
                             - 0x20000184   0x184

"P2", part 2 of 3:                          0x424
  .bss                zero     0x20000184   0x1d8  dlmalloc.o [3]
  .bss                zero     0x2000035c    0x94  ProtocolFrame.o [1]
  .bss                zero     0x200003f0    0x78  usart.o [1]
  .bss                zero     0x20000468    0x70  usart.o [1]
  .bss                zero     0x200004d8    0x50  xfiles.o [3]
  .bss                zero     0x20000528    0x28  ComBuff.o [1]
  .bss                zero     0x20000550    0x24  ComBuff.o [1]
  .bss                zero     0x20000574    0x18  dlmalloc.o [3]
  .bss                zero     0x2000058c    0x10  LOG.o [1]
  .bss                zero     0x2000059c     0x4  stm32f0xx_hal.o [1]
  .bss                zero     0x200005a0     0x4  xgetmemchunk.o [3]
  .bss                zero     0x200005a4     0x1  main.o [1]
  .bss                zero     0x200005a5     0x1  TaskTimeManager.o [1]
                             - 0x200005a6   0x422

"P2", part 3 of 3:                          0xc00
  CSTACK                       0x200005a8   0x400  <Block>
    CSTACK            uninit   0x200005a8   0x400  <Block tail>
  HEAP                         0x200009a8   0x800  <Block>
    HEAP              uninit   0x200009a8   0x800  <Block tail>
                             - 0x200011a8   0xc00


*******************************************************************************
*** INIT TABLE
***

          Address     Size
          -------     ----
Zero (__iar_zero_init3)
    1 destination range, total size 0x422:
          0x20000184  0x422

Copy/packbits (__iar_packbits_init3)
    1 source range, total size 0x3f (16% of destination):
          0x08005c10   0x3f
    1 destination range, total size 0x184:
          0x20000000  0x184



*******************************************************************************
*** MODULE SUMMARY
***

    Module                  ro code  ro data  rw data
    ------                  -------  -------  -------
E:\LiyaoProject\Cube_Project\STM32F030C8T6_Cube\EWARM\STM32F030C8T6_Cube\Obj: [1]
    ComBuff.o                 1 168                76
    LOG.o                       116                16
    List.o                      240
    Protocol.o                  352
    ProtocolFrame.o             812        3      164
    ProtocolHandle.o            216
    Queue.o                     308
    TaskTimeManager.o           516        8       53
    dma.o                        44
    gpio.o                       48
    main.o                      380                 1
    startup_stm32f030x8.o       242
    stm32f0xx_hal.o              88                 4
    stm32f0xx_hal_cortex.o      164
    stm32f0xx_hal_dma.o         680
    stm32f0xx_hal_gpio.o        384
    stm32f0xx_hal_msp.o          64
    stm32f0xx_hal_rcc.o       1 356
    stm32f0xx_hal_rcc_ex.o      260
    stm32f0xx_hal_uart.o      1 936
    stm32f0xx_it.o               60
    system_stm32f0xx.o          112        9        4
    usart.o                     240               232
    -------------------------------------------------
    Total:                    9 786       20      550

command line: [2]
    -------------------------------------------------
    Total:

dl6M_tlf.a: [3]
    abort.o                      10
    div.o                        32
    dlmalloc.o                5 908               496
    exit.o                        8
    localeconv.o                104       22      136
    low_level_init.o              4
    memcpy.o                     12
    memset.o                     20
    printf.o                     36
    putchar.o                    16
    setlocale.o                  20       18      116
    sprintf.o                    56
    xencoding_sb.o               80
    xfiles.o                              11      144
    xgetmemchunk.o               44                 4
    xmbcurmax.o                  10
    xmbtowc.o                    28
    xprintffull.o             4 710       40
    xprout.o                     22
    xsprout.o                    10
    xtls.o                        2
    xwctomb.o                    24
    -------------------------------------------------
    Total:                   11 156       91      896

m6M_tl.a: [4]
    DblAddSub.o                 424
    DblCmpGe.o                   50
    DblCmpLe.o                   50
    DblDiv.o                    194
    DblMul.o                    388
    DblToI32.o                   82
    I32ToDbl.o                   52
    xdnorm.o                     68
    xdscale.o                   284
    -------------------------------------------------
    Total:                    1 592

rt6M_tl.a: [5]
    ABImemcpy.o                  92
    ABImemset.o                  88
    I32DivModFast.o             224
    I64DivMod.o                 106
    I64DivZer.o                   2
    IntDivZer.o                   2
    cexit.o                      10
    cmain.o                      26
    cstartup_M.o                 12
    data_init.o                  40
    memchr.o                     24
    packbits_init.o             218
    strchr.o                     20
    strlen.o                     16
    zero_init3.o                 42
    -------------------------------------------------
    Total:                      922

shb_l.a: [6]
    exit.o                       20
    -------------------------------------------------
    Total:                       20

    Linker created                        44    3 072
-----------------------------------------------------
    Grand Total:             23 476      155    4 518


*******************************************************************************
*** ENTRY LIST
***

Entry                      Address   Size  Type      Object
-----                      -------   ----  ----      ------
?main                   0x08005b71         Code  Gb  cmain.o [5]
AHBPrescTable           0x08005aa8   0x10  Data  Gb  system_stm32f0xx.o [1]
APBPrescTable           0x08005be4    0x8  Data  Gb  system_stm32f0xx.o [1]
CSTACK$$Base            0x200005a8          --   Gb  - Linker created -
CSTACK$$Limit           0x200009a8          --   Gb  - Linker created -
Cmd_R_Para              0x080059a5    0xc  Code  Gb  ProtocolHandle.o [1]
Cmd_R_Pwr               0x080059b1    0xc  Code  Gb  ProtocolHandle.o [1]
Cmd_R_Sn                0x080059c9    0xc  Code  Gb  ProtocolHandle.o [1]
Cmd_R_Speed             0x0800598d    0xc  Code  Gb  ProtocolHandle.o [1]
Cmd_R_State             0x080059bd    0xc  Code  Gb  ProtocolHandle.o [1]
Cmd_Run                 0x08005981    0xc  Code  Gb  ProtocolHandle.o [1]
Cmd_W_Para              0x08005999    0xc  Code  Gb  ProtocolHandle.o [1]
ComBuff_Init            0x0800452f   0x1a  Code  Gb  ComBuff.o [1]
DMA1_Channel2_3_IRQHandler
                        0x08005acd   0x10  Code  Gb  stm32f0xx_it.o [1]
DMA_Receiver_Init       0x080044e7   0x48  Code  Gb  ComBuff.o [1]
DMA_Sender_Init         0x080044c9   0x1e  Code  Gb  ComBuff.o [1]
DMA_SetConfig           0x08003f0d   0x18  Code  Lc  stm32f0xx_hal_dma.o [1]
Error_Handler           0x08004ac1    0x2  Code  Gb  main.o [1]
FetchProtocols          0x0800542d   0x10  Code  Gb  ProtocolFrame.o [1]
HAL_DMA_IRQHandler      0x08003d25  0x1d4  Code  Gb  stm32f0xx_hal_dma.o [1]
HAL_DMA_Init            0x08003c7d   0x50  Code  Gb  stm32f0xx_hal_dma.o [1]
HAL_DMA_Start_IT        0x08003ccd   0x54  Code  Gb  stm32f0xx_hal_dma.o [1]
HAL_GPIO_Init           0x08004ad5  0x168  Code  Gb  stm32f0xx_hal_gpio.o [1]
HAL_GetTick             0x080044b9    0x6  Code  Wk  stm32f0xx_hal.o [1]
HAL_IncTick             0x080044af    0xa  Code  Wk  stm32f0xx_hal.o [1]
HAL_Init                0x08004471   0x1a  Code  Gb  stm32f0xx_hal.o [1]
HAL_InitTick            0x0800448b   0x24  Code  Wk  stm32f0xx_hal.o [1]
HAL_MspInit             0x08004cf9   0x40  Code  Gb  stm32f0xx_hal_msp.o [1]
HAL_NVIC_EnableIRQ      0x08004c93    0xe  Code  Gb  stm32f0xx_hal_cortex.o [1]
HAL_NVIC_SetPriority    0x08004c8b    0x8  Code  Gb  stm32f0xx_hal_cortex.o [1]
HAL_RCCEx_PeriphCLKConfig
                        0x080054e9   0xec  Code  Gb  stm32f0xx_hal_rcc_ex.o [1]
HAL_RCC_ClockConfig     0x08004289  0x128  Code  Gb  stm32f0xx_hal_rcc.o [1]
HAL_RCC_GetHCLKFreq     0x0800440b    0x6  Code  Gb  stm32f0xx_hal_rcc.o [1]
HAL_RCC_GetPCLK1Freq    0x08004415   0x14  Code  Gb  stm32f0xx_hal_rcc.o [1]
HAL_RCC_GetSysClockFreq
                        0x080043b9   0x52  Code  Gb  stm32f0xx_hal_rcc.o [1]
HAL_RCC_OscConfig       0x08003f25  0x35e  Code  Gb  stm32f0xx_hal_rcc.o [1]
HAL_SYSTICK_CLKSourceConfig
                        0x08004cc9   0x18  Code  Gb  stm32f0xx_hal_cortex.o [1]
HAL_SYSTICK_Callback    0x080050a9   0x40  Code  Gb  TaskTimeManager.o [1]
HAL_SYSTICK_Config      0x08004ca1   0x28  Code  Gb  stm32f0xx_hal_cortex.o [1]
HAL_SYSTICK_IRQHandler  0x08004cf1    0x8  Code  Gb  stm32f0xx_hal_cortex.o [1]
HAL_UART_ErrorCallback  0x080036f9    0x2  Code  Wk  stm32f0xx_hal_uart.o [1]
HAL_UART_IRQHandler     0x08003521   0xbc  Code  Gb  stm32f0xx_hal_uart.o [1]
HAL_UART_Init           0x080033fd   0x58  Code  Gb  stm32f0xx_hal_uart.o [1]
HAL_UART_MspInit        0x08003bbd   0xac  Code  Gb  usart.o [1]
HAL_UART_Receive_DMA    0x0800365b   0x76  Code  Gb  stm32f0xx_hal_uart.o [1]
HAL_UART_RxCpltCallback
                        0x080048c1   0x2c  Code  Gb  ComBuff.o [1]
HAL_UART_RxHalfCpltCallback
                        0x080036f7    0x2  Code  Wk  stm32f0xx_hal_uart.o [1]
HAL_UART_Transmit       0x08003467   0xb6  Code  Gb  stm32f0xx_hal_uart.o [1]
HAL_UART_Transmit_DMA   0x080035dd   0x7e  Code  Gb  stm32f0xx_hal_uart.o [1]
HAL_UART_TxCpltCallback
                        0x080048a7   0x18  Code  Gb  ComBuff.o [1]
HAL_UART_TxHalfCpltCallback
                        0x080036f5    0x2  Code  Wk  stm32f0xx_hal_uart.o [1]
HEAP$$Base              0x200009a8          --   Gb  - Linker created -
HEAP$$Limit             0x200011a8          --   Gb  - Linker created -
HardFault_Handler       0x08005abb    0x2  Code  Gb  stm32f0xx_it.o [1]
HeartBeat_P_Handle      0x08005971   0x10  Code  Gb  ProtocolHandle.o [1]
InStream_Read           0x08005895   0x22  Code  Lc  packbits_init.o [5]
LED_TEST                0x08004959   0x14  Code  Gb  main.o [1]
List_Add                0x0800565d   0x72  Code  Gb  List.o [1]
List_Init               0x08005631   0x2c  Code  Gb  List.o [1]
Log                     0x2000058c    0xc  Data  Gb  LOG.o [1]
Log_Init                0x08005499   0x10  Code  Gb  LOG.o [1]
MEM_USE                 0x20000598    0x4  Data  Gb  LOG.o [1]
MX_DMA_Init             0x08004f19   0x2c  Code  Gb  dma.o [1]
MX_GPIO_Init            0x08004ee9   0x30  Code  Gb  gpio.o [1]
MX_USART1_UART_Init     0x08003b8d   0x30  Code  Gb  usart.o [1]
NMI_Handler             0x08005ab9    0x2  Code  Gb  stm32f0xx_it.o [1]
NVIC_SetPriority        0x08004c55   0x36  Code  Lc  stm32f0xx_hal_cortex.o [1]
OSInfo                  0x2000013c   0x24  Data  Gb  TaskTimeManager.o [1]
PaddingProtocol         0x08004977   0x34  Code  Gb  main.o [1]
PendSV_Handler          0x08005abf    0x2  Code  Gb  stm32f0xx_it.o [1]
ProtocolFrame_Init      0x080053e1   0x36  Code  Gb  ProtocolFrame.o [1]
ProtocolResolver_1      0x2000017c    0x4  Data  Gb  ProtocolFrame.o [1]
Protocol_Init           0x08005731  0x106  Code  Gb  Protocol.o [1]
Protocol_Register       0x080053a5   0x36  Code  Gb  ProtocolFrame.o [1]
Queue_Link_Get          0x08004dfb   0x34  Code  Gb  Queue.o [1]
Queue_Link_Init         0x08004d39   0x2c  Code  Gb  Queue.o [1]
Queue_Link_OutSize      0x08004df1    0xa  Code  Gb  Queue.o [1]
Queue_Link_Put          0x08004d65   0x88  Code  Gb  Queue.o [1]
Recv_Desc_P             0x20000174    0x4  Data  Gb  ProtocolFrame.o [1]
Region$$Table$$Base     0x08005b44          --   Gb  - Linker created -
Region$$Table$$Limit    0x08005b70          --   Gb  - Linker created -
SVC_Handler             0x08005abd    0x2  Code  Gb  stm32f0xx_it.o [1]
Send                    0x08005721   0x10  Code  Gb  Protocol.o [1]
Send_Desc_P             0x20000170    0x4  Data  Gb  ProtocolFrame.o [1]
SenderKeepTransmit      0x0800496d    0xa  Code  Gb  main.o [1]
SysTick_Handler         0x08005ac1    0xc  Code  Gb  stm32f0xx_it.o [1]
SystemClock_Config      0x08004a49   0x78  Code  Gb  main.o [1]
SystemCoreClock         0x20000180    0x4  Data  Gb  system_stm32f0xx.o [1]
SystemInit              0x08005a49   0x48  Code  Gb  system_stm32f0xx.o [1]
TaskID                  0x200005a5    0x1  Data  Gb  TaskTimeManager.o [1]
TaskTime_Add            0x08004f81   0xd0  Code  Gb  TaskTimeManager.o [1]
TaskTime_Head           0x20000164    0x4  Data  Gb  TaskTimeManager.o [1]
TaskTime_Init           0x08004f45   0x38  Code  Gb  TaskTimeManager.o [1]
TaskTime_Run            0x080050e9   0x34  Code  Gb  TaskTimeManager.o [1]
Transpond_Desc_P        0x20000178    0x4  Data  Gb  ProtocolFrame.o [1]
UART_AdvFeatureConfig   0x08003817   0xc8  Code  Gb  stm32f0xx_hal_uart.o [1]
UART_CheckIdleState     0x080038e9    0xe  Code  Gb  stm32f0xx_hal_uart.o [1]
UART_DMAError           0x08003a4b   0x22  Code  Lc  stm32f0xx_hal_uart.o [1]
UART_DMAReceiveCplt     0x08003a19   0x28  Code  Lc  stm32f0xx_hal_uart.o [1]
UART_DMARxHalfCplt      0x08003a41    0xa  Code  Lc  stm32f0xx_hal_uart.o [1]
UART_DMATransmitCplt    0x080039e1   0x2e  Code  Lc  stm32f0xx_hal_uart.o [1]
UART_DMATxHalfCplt      0x08003a0f    0xa  Code  Lc  stm32f0xx_hal_uart.o [1]
UART_EndTransmit_IT     0x08003ad5   0x1a  Code  Gb  stm32f0xx_hal_uart.o [1]
UART_Receive_IT         0x08003aef   0x86  Code  Gb  stm32f0xx_hal_uart.o [1]
UART_SetConfig          0x08003705  0x112  Code  Gb  stm32f0xx_hal_uart.o [1]
UART_Transmit_IT        0x08003a6d   0x68  Code  Gb  stm32f0xx_hal_uart.o [1]
UART_WaitOnFlagUntilTimeout
                        0x080038f7   0xbe  Code  Gb  stm32f0xx_hal_uart.o [1]
USART1_IRQHandler       0x08005add    0xa  Code  Gb  stm32f0xx_it.o [1]
Uart1_DMA_Receiver      0x20000528   0x28  Data  Gb  ComBuff.o [1]
Uart1_DMA_Sender        0x20000550   0x24  Data  Gb  ComBuff.o [1]
_EncodingSb_Mbtowc      0x080033b9   0x2c  Code  Gb  xencoding_sb.o [3]
_EncodingSb_Wctomb      0x080033a5   0x14  Code  Gb  xencoding_sb.o [3]
_Fetch_Protocol         0x0800516d   0x4a  Code  Gb  ProtocolFrame.o [1]
_GenldFull              0x08002839  0x292  Code  Lc  xprintffull.o [3]
_IsdstStr               0x2000008c    0x4  Data  Gb  setlocale.o [3]
_KeepTransmit           0x0800481d   0x5e  Code  Gb  ComBuff.o [1]
_LdtobFull              0x08002401  0x426  Code  Lc  xprintffull.o [3]
_LitobFull              0x08002289  0x12e  Code  Lc  xprintffull.o [3]
_LocaleEncoding         0x08003391    0xc  Code  Gb  setlocale.o [3]
_LocaleReturnString     0x200000ac   0x50  Data  Lc  setlocale.o [3]
_Locale_Profile         0x20000090   0x1c  Data  Gb  setlocale.o [3]
_Locale_aeabi_lconv     0x20000050   0x38  Data  Gb  localeconv.o [3]
_Locale_lconv           0x20000000   0x50  Data  Gb  localeconv.o [3]
_Mbtowc                 0x08002aff   0x1c  Code  Gb  xmbtowc.o [3]
_PrintfFull             0x08001899  0x6d0  Code  Gb  xprintffull.o [3]
_ProtocolResolver_1     0x2000035c   0x94  Data  Gb  ProtocolFrame.o [1]
_Protocol_Put           0x080051e9  0x194  Code  Gb  ProtocolFrame.o [1]
_Prout                  0x08005ba3   0x16  Code  Gb  xprout.o [3]
_PutcharsFull           0x08002acb   0x30  Code  Lc  xprintffull.o [3]
_PutstrFull             0x08001f69  0x31c  Code  Lc  xprintffull.o [3]
_Read                   0x08004779   0x90  Code  Gb  ComBuff.o [1]
_ReadByte               0x08004655   0x60  Code  Gb  ComBuff.o [1]
_ReadTo                 0x080046b5   0xb0  Code  Gb  ComBuff.o [1]
_SProut                 0x08002e0f    0xa  Code  Gb  xsprout.o [3]
_TaskTime_Remove        0x08005051   0x58  Code  Gb  TaskTimeManager.o [1]
_TzoneStr               0x20000088    0x4  Data  Gb  setlocale.o [3]
_Wctomb                 0x08002b61   0x18  Code  Gb  xwctomb.o [3]
_Write                  0x08004549   0xa4  Code  Gb  ComBuff.o [1]
_WriteByte              0x08004609   0x40  Code  Gb  ComBuff.o [1]
__ICFEDIT_region_RAM_end__ {Abs}
                        0x20001fff          --   Gb  command line/config [2]
__ICFEDIT_region_RAM_start__ {Abs}
                        0x20000000          --   Gb  command line/config [2]
__aeabi_cdcmple         0x08002dab         Code  Gb  DblCmpLe.o [4]
__aeabi_cdrcmple        0x08002ddd         Code  Gb  DblCmpGe.o [4]
__aeabi_d2iz            0x08002f35         Code  Gb  DblToI32.o [4]
__aeabi_d2uiz           0x08002f59         Code  Gb  DblToI32.o [4]
__aeabi_ddiv            0x08003245         Code  Gb  DblDiv.o [4]
__aeabi_dmul            0x08002be3         Code  Gb  DblMul.o [4]
__aeabi_dsub            0x08003077         Code  Gb  DblAddSub.o [4]
__aeabi_i2d             0x08002f89         Code  Gb  I32ToDbl.o [4]
__aeabi_idiv            0x08003191         Code  Gb  I32DivModFast.o [5]
__aeabi_idiv0           0x080033f9         Code  Gb  IntDivZer.o [5]
__aeabi_idivmod         0x08003191         Code  Gb  I32DivModFast.o [5]
__aeabi_ldiv0           0x080033f5         Code  Gb  I64DivZer.o [5]
__aeabi_memclr          0x08004ee1         Code  Gb  ABImemset.o [5]
__aeabi_memclr4         0x08004ee5         Code  Gb  ABImemset.o [5]
__aeabi_memclr8         0x08004ee5         Code  Gb  ABImemset.o [5]
__aeabi_memcpy          0x08001829         Code  Gb  ABImemcpy.o [5]
__aeabi_memcpy4         0x08001851         Code  Gb  ABImemcpy.o [5]
__aeabi_memcpy8         0x08001851         Code  Gb  ABImemcpy.o [5]
__aeabi_memset          0x08004e91         Code  Gb  ABImemset.o [5]
__aeabi_ui2d            0x08002f9d         Code  Gb  I32ToDbl.o [4]
__aeabi_uidiv           0x08003197         Code  Gb  I32DivModFast.o [5]
__aeabi_uidivmod        0x08003197         Code  Gb  I32DivModFast.o [5]
__aeabi_uldivmod        0x08002b79         Code  Gb  I64DivMod.o [5]
__cmain                 0x08005b71         Code  Gb  cmain.o [5]
__data_GetMemChunk      0x080017fd   0x2c  Code  Gb  xgetmemchunk.o [3]
__exit                  0x08001885   0x14  Code  Gb  exit.o [6]
__iar_Dnorm             0x08002d67   0x44  Code  Gb  xdnorm.o [4]
__iar_Dscale            0x08002e19  0x11c  Code  Gb  xdscale.o [4]
__iar_Locale_lconv_init
                        0x08003309   0x32  Code  Gb  localeconv.o [3]
__iar_Mbcurmax          0x08002b57    0xa  Code  Gb  xmbcurmax.o [3]
__iar_Memchr            0x08002b3f   0x18  Code  Gb  memchr.o [5]
__iar_Memset4_word      0x08004eb1         Code  Gb  ABImemset.o [5]
__iar_Memset_word       0x08004e9d         Code  Gb  ABImemset.o [5]
__iar_Stdout            0x200000fc   0x40  Data  Gb  xfiles.o [3]
__iar_Strchr            0x08002b1b   0x14  Code  Gb  strchr.o [5]
__iar_d2uiz             0x08002f5d         Code  Gb  DblToI32.o [4]
__iar_data_init3        0x08005b1d   0x28  Code  Gb  data_init.o [5]
__iar_dlfree            0x080011f1  0x5c6  Code  Gb  dlmalloc.o [3]
__iar_dlib_perthread_access
                        0x080033fb    0x2  Code  Gb  xtls.o [3]
__iar_dlmalloc          0x08000ef1  0x2fa  Code  Gb  dlmalloc.o [3]
__iar_gm_               0x20000184  0x1d8  Data  Gb  dlmalloc.o [3]
__iar_packbits_init3    0x080058b7   0xb8  Code  Gb  packbits_init.o [5]
__iar_program_start     0x08005bd9         Code  Gb  cstartup_M.o [5]
__iar_ui2d              0x08002fa1         Code  Gb  I32ToDbl.o [4]
__iar_zero_init3        0x080017d3   0x2a  Code  Gb  zero_init3.o [5]
__low_level_init        0x08005b8b    0x4  Code  Gb  low_level_init.o [3]
__vector_table          0x08000000         Data  Gb  startup_stm32f030x8.o [1]
_call_main              0x08005b7d         Code  Gb  cmain.o [5]
_clean_recv_buf         0x08005149   0x22  Code  Gb  ProtocolFrame.o [1]
_error                  0x08005475    0xc  Code  Gb  LOG.o [1]
_exit                   0x08005b99         Code  Gb  cexit.o [5]
_info                   0x0800548d    0xc  Code  Gb  LOG.o [1]
_main                   0x08005b87         Code  Gb  cmain.o [5]
_warning                0x08005481    0xc  Code  Gb  LOG.o [1]
abort                   0x080017c9    0xa  Code  Gb  abort.o [3]
div                     0x08003371   0x20  Code  Gb  div.o [3]
exit                    0x08005b8f    0x8  Code  Gb  exit.o [3]
fputc                   0x0800488d   0x1a  Code  Gb  ComBuff.o [1]
hdma_usart1_rx          0x200003f0   0x3c  Data  Gb  usart.o [1]
hdma_usart1_tx          0x2000042c   0x3c  Data  Gb  usart.o [1]
huart1                  0x20000468   0x70  Data  Gb  usart.o [1]
init_mparams            0x080000d1   0x2a  Code  Lc  dlmalloc.o [3]
init_top                0x080000fb   0x38  Code  Lc  dlmalloc.o [3]
localeconv              0x0800333b   0x18  Code  Gb  localeconv.o [3]
main                    0x080049ab   0x78  Code  Gb  main.o [1]
memcpy                  0x080055ed    0xc  Code  Gb  memcpy.o [3]
memset                  0x08005881   0x14  Code  Gb  memset.o [3]
mparams                 0x20000574   0x18  Data  Lc  dlmalloc.o [3]
obuf                    0x200004d8   0x50  Data  Lc  xfiles.o [3]
prepend_alloc           0x08000141  0x3b0  Code  Lc  dlmalloc.o [3]
prevTaskTime            0x2000016c    0x4  Data  Lc  TaskTimeManager.o [1]
printf                  0x08004e6d   0x24  Code  Gb  printf.o [3]
putchar                 0x08005bb9   0x10  Code  Gb  putchar.o [3]
scale                   0x080023b7   0x42  Code  Lc  xprintffull.o [3]
segment_holding         0x080000b5   0x1c  Code  Lc  dlmalloc.o [3]
sprintf                 0x080055f9   0x38  Code  Gb  sprintf.o [3]
strlen                  0x08002b2f   0x10  Code  Gb  strlen.o [5]
sys_alloc               0x080004f9  0x3ca  Code  Lc  dlmalloc.o [3]
tmalloc_large           0x080008d1  0x3ca  Code  Lc  dlmalloc.o [3]
tmalloc_small           0x08000ca1  0x250  Code  Lc  dlmalloc.o [3]
tmpTaskTime             0x20000168    0x4  Data  Lc  TaskTimeManager.o [1]
uwTick                  0x2000059c    0x4  Data  Gb  stm32f0xx_hal.o [1]


[1] = E:\LiyaoProject\Cube_Project\STM32F030C8T6_Cube\EWARM\STM32F030C8T6_Cube\Obj
[2] = command line
[3] = dl6M_tlf.a
[4] = m6M_tl.a
[5] = rt6M_tl.a
[6] = shb_l.a

  23 476 bytes of readonly  code memory
     155 bytes of readonly  data memory
   4 518 bytes of readwrite data memory

Errors: none
Warnings: none
