###############################################################################
#
# IAR ELF Linker V7.10.1.6676/W32 for ARM                 07/Nov/2016  12:06:46
# Copyright 2007-2014 IAR Systems AB.
#
#    Output file  =  
#        E:\CubeProject\STM32F103_CUBE_I2C\EWARM\STM32F103_CUBE_I2C\Exe\STM32F103_CUBE_I2C.out
#    Map file     =  
#        E:\CubeProject\STM32F103_CUBE_I2C\EWARM\STM32F103_CUBE_I2C/List\STM32F103_CUBE_I2C.map
#    Command line =  
#        E:\CubeProject\STM32F103_CUBE_I2C\EWARM\STM32F103_CUBE_I2C\Obj\ComBuff.o
#        E:\CubeProject\STM32F103_CUBE_I2C\EWARM\STM32F103_CUBE_I2C\Obj\dlmalloc.o
#        E:\CubeProject\STM32F103_CUBE_I2C\EWARM\STM32F103_CUBE_I2C\Obj\dma.o
#        E:\CubeProject\STM32F103_CUBE_I2C\EWARM\STM32F103_CUBE_I2C\Obj\gpio.o
#        E:\CubeProject\STM32F103_CUBE_I2C\EWARM\STM32F103_CUBE_I2C\Obj\i2c.o
#        E:\CubeProject\STM32F103_CUBE_I2C\EWARM\STM32F103_CUBE_I2C\Obj\List.o
#        E:\CubeProject\STM32F103_CUBE_I2C\EWARM\STM32F103_CUBE_I2C\Obj\LOG.o
#        E:\CubeProject\STM32F103_CUBE_I2C\EWARM\STM32F103_CUBE_I2C\Obj\main.o
#        E:\CubeProject\STM32F103_CUBE_I2C\EWARM\STM32F103_CUBE_I2C\Obj\Protocol.o
#        E:\CubeProject\STM32F103_CUBE_I2C\EWARM\STM32F103_CUBE_I2C\Obj\ProtocolFrame.o
#        E:\CubeProject\STM32F103_CUBE_I2C\EWARM\STM32F103_CUBE_I2C\Obj\ProtocolHandle.o
#        E:\CubeProject\STM32F103_CUBE_I2C\EWARM\STM32F103_CUBE_I2C\Obj\Queue.o
#        E:\CubeProject\STM32F103_CUBE_I2C\EWARM\STM32F103_CUBE_I2C\Obj\startup_stm32f103xe.o
#        E:\CubeProject\STM32F103_CUBE_I2C\EWARM\STM32F103_CUBE_I2C\Obj\stm32f1xx_hal.o
#        E:\CubeProject\STM32F103_CUBE_I2C\EWARM\STM32F103_CUBE_I2C\Obj\stm32f1xx_hal_cortex.o
#        E:\CubeProject\STM32F103_CUBE_I2C\EWARM\STM32F103_CUBE_I2C\Obj\stm32f1xx_hal_dma.o
#        E:\CubeProject\STM32F103_CUBE_I2C\EWARM\STM32F103_CUBE_I2C\Obj\stm32f1xx_hal_flash.o
#        E:\CubeProject\STM32F103_CUBE_I2C\EWARM\STM32F103_CUBE_I2C\Obj\stm32f1xx_hal_flash_ex.o
#        E:\CubeProject\STM32F103_CUBE_I2C\EWARM\STM32F103_CUBE_I2C\Obj\stm32f1xx_hal_gpio.o
#        E:\CubeProject\STM32F103_CUBE_I2C\EWARM\STM32F103_CUBE_I2C\Obj\stm32f1xx_hal_gpio_ex.o
#        E:\CubeProject\STM32F103_CUBE_I2C\EWARM\STM32F103_CUBE_I2C\Obj\stm32f1xx_hal_i2c.o
#        E:\CubeProject\STM32F103_CUBE_I2C\EWARM\STM32F103_CUBE_I2C\Obj\stm32f1xx_hal_msp.o
#        E:\CubeProject\STM32F103_CUBE_I2C\EWARM\STM32F103_CUBE_I2C\Obj\stm32f1xx_hal_pwr.o
#        E:\CubeProject\STM32F103_CUBE_I2C\EWARM\STM32F103_CUBE_I2C\Obj\stm32f1xx_hal_rcc.o
#        E:\CubeProject\STM32F103_CUBE_I2C\EWARM\STM32F103_CUBE_I2C\Obj\stm32f1xx_hal_rcc_ex.o
#        E:\CubeProject\STM32F103_CUBE_I2C\EWARM\STM32F103_CUBE_I2C\Obj\stm32f1xx_hal_tim.o
#        E:\CubeProject\STM32F103_CUBE_I2C\EWARM\STM32F103_CUBE_I2C\Obj\stm32f1xx_hal_tim_ex.o
#        E:\CubeProject\STM32F103_CUBE_I2C\EWARM\STM32F103_CUBE_I2C\Obj\stm32f1xx_hal_uart.o
#        E:\CubeProject\STM32F103_CUBE_I2C\EWARM\STM32F103_CUBE_I2C\Obj\stm32f1xx_it.o
#        E:\CubeProject\STM32F103_CUBE_I2C\EWARM\STM32F103_CUBE_I2C\Obj\system_stm32f1xx.o
#        E:\CubeProject\STM32F103_CUBE_I2C\EWARM\STM32F103_CUBE_I2C\Obj\TaskTimeManager.o
#        E:\CubeProject\STM32F103_CUBE_I2C\EWARM\STM32F103_CUBE_I2C\Obj\usart.o
#        --redirect _Printf=_PrintfFull --redirect _Scanf=_ScanfFull -o
#        E:\CubeProject\STM32F103_CUBE_I2C\EWARM\STM32F103_CUBE_I2C\Exe\STM32F103_CUBE_I2C.out
#        --map
#        E:\CubeProject\STM32F103_CUBE_I2C\EWARM\STM32F103_CUBE_I2C/List\STM32F103_CUBE_I2C.map
#        --config E:\CubeProject\STM32F103_CUBE_I2C\EWARM/stm32f103xe_flash.icf
#        --semihosting --entry __iar_program_start --vfe
#
###############################################################################

*******************************************************************************
*** RUNTIME MODEL ATTRIBUTES
***

CppFlavor                     = *
__Heap_Handler                = DLMalloc
__SystemLibrary               = DLib
__dlib_dynamic_initialization = normal


*******************************************************************************
*** PLACEMENT SUMMARY
***

"A1":  place at 0x08000000 { ro section .intvec };
"P1":  place in [from 0x08000000 to 0x0807ffff] { ro };
"P2":  place in [from 0x20000000 to 0x2000ffff] { rw, block CSTACK, block HEAP };

  Section             Kind        Address    Size  Object
  -------             ----        -------    ----  ------
"A1":                                       0x130
  .intvec             ro code  0x08000000   0x130  startup_stm32f103xe.o [1]
                             - 0x08000130   0x130

"P1":                                      0x648a
  .text               ro code  0x08000130  0x1480  dlmalloc.o [1]
  .text               ro code  0x080015b0     0x6  abort.o [3]
  .text               ro code  0x080015b6    0x22  zero_init3.o [5]
  .text               ro code  0x080015d8    0x76  ABImemcpy_unaligned.o [5]
  .text               ro code  0x08001650    0x2c  xgetmemchunk.o [3]
  .text               ro code  0x0800167c    0x14  exit.o [6]
  .text               ro code  0x08001690  0x1106  xprintffull.o [3]
  .text               ro code  0x08002796    0x20  xmbtowc.o [3]
  .text               ro code  0x080027b8    0x16  strchr.o [5]
  .text               ro code  0x080027d0    0x36  strlen.o [5]
  .text               ro code  0x08002808    0x58  memchr.o [5]
  .text               ro code  0x08002860     0xa  xmbcurmax.o [3]
  .text               ro code  0x0800286a    0x1a  xwctomb.o [3]
  .text               ro code  0x08002884    0xee  I64DivMod.o [5]
  .text               ro code  0x08002974   0x1a2  DblMul.o [4]
  .text               ro code  0x08002b16    0x42  xdnorm.o [4]
  .text               ro code  0x08002b58    0x2e  DblCmpLe.o [4]
  .text               ro code  0x08002b88    0x2e  DblCmpGe.o [4]
  .text               ro code  0x08002bb8   0x10c  xdscale.o [4]
  .text               ro code  0x08002cc4    0x58  DblToI32.o [4]
  .text               ro code  0x08002d1c    0x30  I32ToDbl.o [4]
  .text               ro code  0x08002d4c   0x180  DblSub.o [4]
  .text               ro code  0x08002ecc   0x246  DblDiv.o [4]
  .text               ro code  0x08003114    0x6c  localeconv.o [3]
  .text               ro code  0x08003180     0xe  div.o [3]
  .text               ro code  0x08003190    0x14  setlocale.o [3]
  .text               ro code  0x080031a4    0x60  xencoding_sb.o [3]
  .text               ro code  0x08003204     0x2  I64DivZer.o [5]
  .text               ro code  0x08003208    0xd4  DblAdd.o [4]
  .text               ro code  0x080032dc     0x2  xtls.o [3]
  .text               ro code  0x080032e0   0x8ce  stm32f1xx_hal_i2c.o [1]
  .text               ro code  0x08003bb0   0x170  i2c.o [1]
  .text               ro code  0x08003d20   0x4aa  stm32f1xx_hal_rcc.o [1]
  .text               ro code  0x080041cc   0x4b2  stm32f1xx_hal_dma.o [1]
  .text               ro code  0x08004680   0x21c  main.o [1]
  .text               ro code  0x0800489c    0x74  stm32f1xx_hal.o [1]
  .text               ro code  0x08004910    0xf4  stm32f1xx_hal_cortex.o [1]
  .text               ro code  0x08004a04   0x1c8  stm32f1xx_hal_gpio.o [1]
  .text               ro code  0x08004bcc    0x24  printf.o [3]
  .text               ro code  0x08004bf0    0x94  dlmalloc_stat.o [3]
  .text               ro code  0x08004c84    0x44  gpio.o [1]
  .text               ro code  0x08004cc8    0x60  dma.o [1]
  .text               ro code  0x08004d28   0x108  usart.o [1]
  .text               ro code  0x08004e30   0x1f8  TaskTimeManager.o [1]
  .text               ro code  0x08005028   0x374  ProtocolFrame.o [1]
  .text               ro code  0x0800539c    0x70  LOG.o [1]
  .text               ro code  0x0800540c   0x3d4  ComBuff.o [1]
  .text               ro code  0x080057e0    0x84  stm32f1xx_hal_msp.o [1]
  .text               ro code  0x08005864    0x34  fprintf.o [3]
  .text               ro code  0x08005898   0x5e4  stm32f1xx_hal_uart.o [1]
  .text               ro code  0x08005e7c     0x6  ABImemclr4.o [5]
  .text               ro code  0x08005e84   0x14c  Queue.o [1]
  .text               ro code  0x08005fd0     0xc  memcpy.o [3]
  .text               ro code  0x08005fdc    0xe8  List.o [1]
  .text               ro code  0x080060c4    0x6e  Protocol.o [1]
  .text               ro code  0x08006132     0x4  xsyslock_nop.o [3]
  .text               ro code  0x08006138    0x32  ABImemset48.o [5]
  .text               ro code  0x0800616c     0x6  ABImemclr.o [5]
  .text               ro code  0x08006172    0x14  memset.o [3]
  .text               ro code  0x08006188    0x66  ABImemset.o [5]
  .text               ro code  0x080061ee    0xd4  packbits_init.o [5]
  .text               ro code  0x080062c4    0x70  stm32f1xx_it.o [1]
  .text               ro code  0x08006334    0x5c  system_stm32f1xx.o [1]
  .text               ro code  0x08006390    0x28  data_init.o [5]
  .iar.init_table     const    0x080063b8    0x2c  - Linker created -
  .text               ro code  0x080063e4    0x1c  ProtocolHandle.o [1]
  .text               ro code  0x08006400    0x1a  cmain.o [5]
  .text               ro code  0x0800641a     0x4  low_level_init.o [3]
  .text               ro code  0x0800641e     0x4  exit.o [3]
  .text               ro code  0x08006424     0xa  cexit.o [5]
  .text               ro code  0x0800642e    0x18  xfprout.o [3]
  .text               ro code  0x08006446    0x16  xprout.o [3]
  .text               ro code  0x0800645c     0xc  putchar.o [3]
  .text               ro code  0x08006468    0x10  startup_stm32f103xe.o [1]
  .text               ro code  0x08006478     0xc  cstartup_M.o [5]
  .rodata             const    0x08006484     0x8  system_stm32f1xx.o [1]
  .text               ro code  0x0800648c     0x4  startup_stm32f103xe.o [1]
  .text               ro code  0x08006490     0x4  startup_stm32f103xe.o [1]
  .text               ro code  0x08006494     0x4  startup_stm32f103xe.o [1]
  .text               ro code  0x08006498     0x4  startup_stm32f103xe.o [1]
  .text               ro code  0x0800649c     0x4  startup_stm32f103xe.o [1]
  .text               ro code  0x080064a0     0x4  startup_stm32f103xe.o [1]
  .text               ro code  0x080064a4     0x4  startup_stm32f103xe.o [1]
  .text               ro code  0x080064a8     0x4  startup_stm32f103xe.o [1]
  .text               ro code  0x080064ac     0x4  startup_stm32f103xe.o [1]
  .text               ro code  0x080064b0     0x4  startup_stm32f103xe.o [1]
  .text               ro code  0x080064b4     0x4  startup_stm32f103xe.o [1]
  .text               ro code  0x080064b8     0x4  startup_stm32f103xe.o [1]
  .text               ro code  0x080064bc     0x4  startup_stm32f103xe.o [1]
  .text               ro code  0x080064c0     0x4  startup_stm32f103xe.o [1]
  .text               ro code  0x080064c4     0x4  startup_stm32f103xe.o [1]
  .text               ro code  0x080064c8     0x4  startup_stm32f103xe.o [1]
  .text               ro code  0x080064cc     0x4  startup_stm32f103xe.o [1]
  .text               ro code  0x080064d0     0x4  startup_stm32f103xe.o [1]
  .text               ro code  0x080064d4     0x4  startup_stm32f103xe.o [1]
  .text               ro code  0x080064d8     0x4  startup_stm32f103xe.o [1]
  .text               ro code  0x080064dc     0x4  startup_stm32f103xe.o [1]
  .text               ro code  0x080064e0     0x4  startup_stm32f103xe.o [1]
  .text               ro code  0x080064e4     0x4  startup_stm32f103xe.o [1]
  .text               ro code  0x080064e8     0x4  startup_stm32f103xe.o [1]
  .text               ro code  0x080064ec     0x4  startup_stm32f103xe.o [1]
  .text               ro code  0x080064f0     0x4  startup_stm32f103xe.o [1]
  .text               ro code  0x080064f4     0x4  startup_stm32f103xe.o [1]
  .text               ro code  0x080064f8     0x4  startup_stm32f103xe.o [1]
  .text               ro code  0x080064fc     0x4  startup_stm32f103xe.o [1]
  .text               ro code  0x08006500     0x4  startup_stm32f103xe.o [1]
  .text               ro code  0x08006504     0x4  startup_stm32f103xe.o [1]
  .text               ro code  0x08006508     0x4  startup_stm32f103xe.o [1]
  .text               ro code  0x0800650c     0x4  startup_stm32f103xe.o [1]
  .text               ro code  0x08006510     0x4  startup_stm32f103xe.o [1]
  .text               ro code  0x08006514     0x4  startup_stm32f103xe.o [1]
  .text               ro code  0x08006518     0x4  startup_stm32f103xe.o [1]
  .text               ro code  0x0800651c     0x4  startup_stm32f103xe.o [1]
  .text               ro code  0x08006520     0x4  startup_stm32f103xe.o [1]
  .text               ro code  0x08006524     0x4  startup_stm32f103xe.o [1]
  .text               ro code  0x08006528     0x4  startup_stm32f103xe.o [1]
  .text               ro code  0x0800652c     0x4  startup_stm32f103xe.o [1]
  .text               ro code  0x08006530     0x4  startup_stm32f103xe.o [1]
  .text               ro code  0x08006534     0x4  startup_stm32f103xe.o [1]
  .text               ro code  0x08006538     0x4  startup_stm32f103xe.o [1]
  .text               ro code  0x0800653c     0x4  startup_stm32f103xe.o [1]
  .text               ro code  0x08006540     0x4  startup_stm32f103xe.o [1]
  .text               ro code  0x08006544     0x4  startup_stm32f103xe.o [1]
  .text               ro code  0x08006548     0x4  startup_stm32f103xe.o [1]
  .text               ro code  0x0800654c     0x4  startup_stm32f103xe.o [1]
  .text               ro code  0x08006550     0x4  startup_stm32f103xe.o [1]
  .text               ro code  0x08006554     0x4  startup_stm32f103xe.o [1]
  .rodata             const    0x08006558     0x0  zero_init3.o [5]
  .rodata             const    0x08006558     0x0  packbits_init.o [5]
  Initializer bytes   ro data  0x08006558    0x62  <for P2 s0>
                             - 0x080065ba  0x648a

"P2", part 1 of 3:                          0x1c4
  P2 s0                        0x20000000   0x1c4  <Init block>
    __DLIB_PERTHREAD  inited   0x20000000    0x88  localeconv.o [3]
    __DLIB_PERTHREAD  inited   0x20000088    0x74  setlocale.o [3]
    .data             inited   0x200000fc    0x40  xfiles.o [3]
    .data             inited   0x2000013c    0x40  xfiles.o [3]
    .data             inited   0x2000017c    0x34  TaskTimeManager.o [1]
    .data             inited   0x200001b0    0x10  ProtocolFrame.o [1]
    .data             inited   0x200001c0     0x4  system_stm32f1xx.o [1]
                             - 0x200001c4   0x1c4

"P2", part 2 of 3:                          0x524
  .bss                zero     0x200001c4   0x1d8  dlmalloc.o [1]
  .bss                zero     0x2000039c    0x94  ProtocolFrame.o [1]
  .bss                zero     0x20000430    0x70  i2c.o [1]
  .bss                zero     0x200004a0    0x70  usart.o [1]
  .bss                zero     0x20000510    0x50  xfiles.o [3]
  .bss                zero     0x20000560    0x50  xfiles.o [3]
  .bss                zero     0x200005b0    0x40  usart.o [1]
  .bss                zero     0x200005f0    0x3c  i2c.o [1]
  .bss                zero     0x2000062c    0x3c  i2c.o [1]
  .bss                zero     0x20000668    0x28  ComBuff.o [1]
  .bss                zero     0x20000690    0x24  ComBuff.o [1]
  .bss                zero     0x200006b4    0x18  dlmalloc.o [1]
  .bss                zero     0x200006cc    0x10  LOG.o [1]
  .bss                zero     0x200006dc     0x4  stm32f1xx_hal.o [1]
  .bss                zero     0x200006e0     0x4  xgetmemchunk.o [3]
  .bss                zero     0x200006e4     0x2  main.o [1]
  .bss                zero     0x200006e6     0x1  TaskTimeManager.o [1]
                             - 0x200006e7   0x523

"P2", part 3 of 3:                         0x1000
  CSTACK                       0x200006e8   0x800  <Block>
    CSTACK            uninit   0x200006e8   0x800  <Block tail>
  HEAP                         0x20000ee8   0x800  <Block>
    HEAP              uninit   0x20000ee8   0x800  <Block tail>
                             - 0x200016e8  0x1000


*******************************************************************************
*** INIT TABLE
***

          Address     Size
          -------     ----
Zero (__iar_zero_init3)
    1 destination range, total size 0x523:
          0x200001c4  0x523

Copy/packbits (__iar_packbits_init3)
    1 source range, total size 0x62 (21% of destination):
          0x08006558   0x62
    1 destination range, total size 0x1c4:
          0x20000000  0x1c4



*******************************************************************************
*** MODULE SUMMARY
***

    Module                  ro code  ro data  rw data
    ------                  -------  -------  -------
E:\CubeProject\STM32F103_CUBE_I2C\EWARM\STM32F103_CUBE_I2C\Obj: [1]
    ComBuff.o                   980                76
    LOG.o                       112                16
    List.o                      232
    Protocol.o                  110
    ProtocolFrame.o             884        4      164
    ProtocolHandle.o             28
    Queue.o                     332
    TaskTimeManager.o           504       11       53
    dlmalloc.o                5 248               496
    dma.o                        96
    gpio.o                       68
    i2c.o                       368               232
    main.o                      540                 2
    startup_stm32f103xe.o       524
    stm32f1xx_hal.o             116                 4
    stm32f1xx_hal_cortex.o      244
    stm32f1xx_hal_dma.o       1 202
    stm32f1xx_hal_gpio.o        456
    stm32f1xx_hal_i2c.o       2 254
    stm32f1xx_hal_msp.o         132
    stm32f1xx_hal_rcc.o       1 194
    stm32f1xx_hal_uart.o      1 508
    stm32f1xx_it.o              112
    system_stm32f1xx.o           92        9        4
    usart.o                     264               176
    -------------------------------------------------
    Total:                   17 600       24    1 223

command line: [2]
    -------------------------------------------------
    Total:

dl7M_tlf.a: [3]
    abort.o                       6
    div.o                        14
    dlmalloc_stat.o             148
    exit.o                        4
    fprintf.o                    52
    localeconv.o                108       29      136
    low_level_init.o              4
    memcpy.o                     12
    memset.o                     20
    printf.o                     36
    putchar.o                    12
    setlocale.o                  20       25      116
    xencoding_sb.o               96
    xfiles.o                              28      288
    xfprout.o                    24
    xgetmemchunk.o               44                 4
    xmbcurmax.o                  10
    xmbtowc.o                    32
    xprintffull.o             4 358
    xprout.o                     22
    xsyslock_nop.o                4
    xtls.o                        2
    xwctomb.o                    26
    -------------------------------------------------
    Total:                    5 054       82      544

m7M_tl.a: [4]
    DblAdd.o                    212
    DblCmpGe.o                   46
    DblCmpLe.o                   46
    DblDiv.o                    582
    DblMul.o                    418
    DblSub.o                    384
    DblToI32.o                   88
    I32ToDbl.o                   48
    xdnorm.o                     66
    xdscale.o                   268
    -------------------------------------------------
    Total:                    2 158

rt7M_tl.a: [5]
    ABImemclr.o                   6
    ABImemclr4.o                  6
    ABImemcpy_unaligned.o       118
    ABImemset.o                 102
    ABImemset48.o                50
    I64DivMod.o                 238
    I64DivZer.o                   2
    cexit.o                      10
    cmain.o                      26
    cstartup_M.o                 12
    data_init.o                  40
    memchr.o                     88
    packbits_init.o             212
    strchr.o                     22
    strlen.o                     54
    zero_init3.o                 34
    -------------------------------------------------
    Total:                    1 020

shb_l.a: [6]
    exit.o                       20
    -------------------------------------------------
    Total:                       20

    Gaps                         40
    Linker created                        44    4 096
-----------------------------------------------------
    Grand Total:             25 892      150    5 863


*******************************************************************************
*** ENTRY LIST
***

Entry                      Address   Size  Type      Object
-----                      -------   ----  ----      ------
?main                   0x08006401         Code  Gb  cmain.o [5]
AHBPrescTable           0x08006380   0x10  Data  Gb  system_stm32f1xx.o [1]
APBPrescTable           0x08006484    0x8  Data  Gb  system_stm32f1xx.o [1]
BusFault_Handler        0x080062cb    0x2  Code  Gb  stm32f1xx_it.o [1]
CSTACK$$Base            0x200006e8          --   Gb  - Linker created -
CSTACK$$Limit           0x20000ee8          --   Gb  - Linker created -
ComBuff_Init            0x0800540d   0x64  Code  Gb  ComBuff.o [1]
DMA1_Channel4_IRQHandler
                        0x080062e3    0x6  Code  Gb  stm32f1xx_it.o [1]
DMA1_Channel5_IRQHandler
                        0x080062e9    0x6  Code  Gb  stm32f1xx_it.o [1]
DMA1_Channel6_IRQHandler
                        0x080062ef    0x6  Code  Gb  stm32f1xx_it.o [1]
DMA1_Channel7_IRQHandler
                        0x080062f5    0x6  Code  Gb  stm32f1xx_it.o [1]
DMA_SetConfig           0x08004669   0x16  Code  Lc  stm32f1xx_hal_dma.o [1]
DebugMon_Handler        0x080062d1    0x2  Code  Gb  stm32f1xx_it.o [1]
Error_Handler           0x080047d7   0x10  Code  Gb  main.o [1]
FetchProtocols          0x080052cb    0xa  Code  Gb  ProtocolFrame.o [1]
HAL_DMA_IRQHandler      0x0800426d  0x3c4  Code  Gb  stm32f1xx_hal_dma.o [1]
HAL_DMA_Init            0x080041cd   0x4a  Code  Gb  stm32f1xx_hal_dma.o [1]
HAL_DMA_Start_IT        0x08004217   0x2e  Code  Gb  stm32f1xx_hal_dma.o [1]
HAL_Delay               0x080048f1   0x18  Code  Wk  stm32f1xx_hal.o [1]
HAL_GPIO_Init           0x08004a05  0x18a  Code  Gb  stm32f1xx_hal_gpio.o [1]
HAL_GetTick             0x080048eb    0x6  Code  Wk  stm32f1xx_hal.o [1]
HAL_I2C_ER_IRQHandler   0x080036bb   0xd6  Code  Gb  stm32f1xx_hal_i2c.o [1]
HAL_I2C_EV_IRQHandler   0x0800353d  0x17e  Code  Gb  stm32f1xx_hal_i2c.o [1]
HAL_I2C_ErrorCallback   0x08003795    0x2  Code  Wk  stm32f1xx_hal_i2c.o [1]
HAL_I2C_Init            0x080032e1   0xc6  Code  Gb  stm32f1xx_hal_i2c.o [1]
HAL_I2C_MasterRxCpltCallback
                        0x08004681    0xc  Code  Gb  main.o [1]
HAL_I2C_MasterTxCpltCallback
                        0x0800468d   0x10  Code  Gb  main.o [1]
HAL_I2C_Master_Receive_DMA
                        0x0800341b   0x96  Code  Gb  stm32f1xx_hal_i2c.o [1]
HAL_I2C_Master_Transmit_DMA
                        0x080033b9   0x62  Code  Gb  stm32f1xx_hal_i2c.o [1]
HAL_I2C_MemRxCpltCallback
                        0x08003793    0x2  Code  Wk  stm32f1xx_hal_i2c.o [1]
HAL_I2C_MemTxCpltCallback
                        0x08003791    0x2  Code  Wk  stm32f1xx_hal_i2c.o [1]
HAL_I2C_MspInit         0x08003c03   0xe8  Code  Gb  i2c.o [1]
HAL_I2C_SlaveRxCpltCallback
                        0x080046a5    0x8  Code  Gb  main.o [1]
HAL_I2C_SlaveTxCpltCallback
                        0x0800469d    0x8  Code  Gb  main.o [1]
HAL_IncTick             0x080048e1    0xa  Code  Wk  stm32f1xx_hal.o [1]
HAL_Init                0x0800489d   0x20  Code  Gb  stm32f1xx_hal.o [1]
HAL_InitTick            0x080048bd   0x24  Code  Wk  stm32f1xx_hal.o [1]
HAL_MspInit             0x080057e1   0x84  Code  Gb  stm32f1xx_hal_msp.o [1]
HAL_NVIC_EnableIRQ      0x08004991    0xc  Code  Gb  stm32f1xx_hal_cortex.o [1]
HAL_NVIC_SetPriority    0x0800494f   0x42  Code  Gb  stm32f1xx_hal_cortex.o [1]
HAL_NVIC_SetPriorityGrouping
                        0x08004935   0x1a  Code  Gb  stm32f1xx_hal_cortex.o [1]
HAL_RCC_ClockConfig     0x08003fe3  0x12e  Code  Gb  stm32f1xx_hal_rcc.o [1]
HAL_RCC_GetHCLKFreq     0x08004163    0x6  Code  Gb  stm32f1xx_hal_rcc.o [1]
HAL_RCC_GetPCLK1Freq    0x08004169   0x10  Code  Gb  stm32f1xx_hal_rcc.o [1]
HAL_RCC_GetPCLK2Freq    0x08004179    0xe  Code  Gb  stm32f1xx_hal_rcc.o [1]
HAL_RCC_GetSysClockFreq
                        0x08004111   0x52  Code  Gb  stm32f1xx_hal_rcc.o [1]
HAL_RCC_OscConfig       0x08003d21  0x2ba  Code  Gb  stm32f1xx_hal_rcc.o [1]
HAL_SYSTICK_CLKSourceConfig
                        0x080049cd   0x14  Code  Gb  stm32f1xx_hal_cortex.o [1]
HAL_SYSTICK_Callback    0x08004f8b   0x40  Code  Gb  TaskTimeManager.o [1]
HAL_SYSTICK_Config      0x080049a5   0x28  Code  Gb  stm32f1xx_hal_cortex.o [1]
HAL_SYSTICK_IRQHandler  0x080049fd    0x8  Code  Gb  stm32f1xx_hal_cortex.o [1]
HAL_UART_ErrorCallback  0x08005bcf    0x2  Code  Wk  stm32f1xx_hal_uart.o [1]
HAL_UART_IRQHandler     0x08005ab9  0x112  Code  Gb  stm32f1xx_hal_uart.o [1]
HAL_UART_Init           0x08005899   0x30  Code  Gb  stm32f1xx_hal_uart.o [1]
HAL_UART_MspInit        0x08004d5b   0xbe  Code  Gb  usart.o [1]
HAL_UART_Receive_DMA    0x08005a3d   0x70  Code  Gb  stm32f1xx_hal_uart.o [1]
HAL_UART_RxCpltCallback
                        0x08005729   0x30  Code  Gb  ComBuff.o [1]
HAL_UART_RxHalfCpltCallback
                        0x08005bcd    0x2  Code  Wk  stm32f1xx_hal_uart.o [1]
HAL_UART_Transmit       0x0800590b   0xa0  Code  Gb  stm32f1xx_hal_uart.o [1]
HAL_UART_Transmit_DMA   0x080059bf   0x72  Code  Gb  stm32f1xx_hal_uart.o [1]
HAL_UART_TxCpltCallback
                        0x08005715   0x14  Code  Gb  ComBuff.o [1]
HAL_UART_TxHalfCpltCallback
                        0x08005bcb    0x2  Code  Wk  stm32f1xx_hal_uart.o [1]
HEAP$$Base              0x20000ee8          --   Gb  - Linker created -
HEAP$$Limit             0x200016e8          --   Gb  - Linker created -
HardFault_Handler       0x080062c7    0x2  Code  Gb  stm32f1xx_it.o [1]
HeartBeat_P_Handle      0x080063e5    0xc  Code  Gb  ProtocolHandle.o [1]
I2C1_ER_IRQHandler      0x08006301    0x6  Code  Gb  stm32f1xx_it.o [1]
I2C1_EV_IRQHandler      0x080062fb    0x6  Code  Gb  stm32f1xx_it.o [1]
I2C2_ER_IRQHandler      0x0800630d    0x6  Code  Gb  stm32f1xx_it.o [1]
I2C2_EV_IRQHandler      0x08006307    0x6  Code  Gb  stm32f1xx_it.o [1]
I2C_DMAError            0x08003a61   0x20  Code  Lc  stm32f1xx_hal_i2c.o [1]
I2C_DMAMasterReceiveCplt
                        0x080039f5   0x10  Code  Lc  stm32f1xx_hal_i2c.o [1]
I2C_DMAMasterTransmitCplt
                        0x0800397b   0x1c  Code  Lc  stm32f1xx_hal_i2c.o [1]
I2C_MasterReceive_BTF   0x08003797   0x70  Code  Lc  stm32f1xx_hal_i2c.o [1]
I2C_MasterRequestRead   0x08003891   0x96  Code  Lc  stm32f1xx_hal_i2c.o [1]
I2C_MasterRequestWrite  0x08003837   0x5a  Code  Lc  stm32f1xx_hal_i2c.o [1]
I2C_WaitOnFlagUntilTimeout
                        0x08003a93   0x9a  Code  Lc  stm32f1xx_hal_i2c.o [1]
I2C_WaitOnMasterAddressFlagUntilTimeout
                        0x08003b2d   0x78  Code  Lc  stm32f1xx_hal_i2c.o [1]
InStream_Read           0x080061ef   0x22  Code  Lc  packbits_init.o [5]
LED_TEST                0x080046ad   0x44  Code  Gb  main.o [1]
List_Add                0x08006003   0x60  Code  Gb  List.o [1]
List_Init               0x08005fdd   0x26  Code  Gb  List.o [1]
Log                     0x200006cc    0xc  Data  Gb  LOG.o [1]
Log_Init                0x080053bb   0x10  Code  Gb  LOG.o [1]
MEM_USE                 0x200006d8    0x4  Data  Gb  LOG.o [1]
MX_DMA_Init             0x08004cc9   0x60  Code  Gb  dma.o [1]
MX_GPIO_Init            0x08004c85   0x44  Code  Gb  gpio.o [1]
MX_I2C1_Init            0x08003bb1   0x18  Code  Gb  i2c.o [1]
MX_I2C2_Init            0x08003bc9   0x18  Code  Gb  i2c.o [1]
MX_USART1_UART_Init     0x08004d29   0x32  Code  Gb  usart.o [1]
MemManage_Handler       0x080062c9    0x2  Code  Gb  stm32f1xx_it.o [1]
NMI_Handler             0x080062c5    0x2  Code  Gb  stm32f1xx_it.o [1]
NVIC_GetPriorityGrouping
                        0x08004911    0xa  Code  Lc  stm32f1xx_hal_cortex.o [1]
NVIC_SetPriority        0x0800491b   0x1a  Code  Lc  stm32f1xx_hal_cortex.o [1]
OSInfo                  0x2000017c   0x24  Data  Gb  TaskTimeManager.o [1]
PendSV_Handler          0x080062d3    0x2  Code  Gb  stm32f1xx_it.o [1]
ProtocolFrame_Init      0x08005293   0x38  Code  Gb  ProtocolFrame.o [1]
Protocol_Init           0x080060d1   0x4a  Code  Gb  Protocol.o [1]
Protocol_Register       0x08005261   0x32  Code  Gb  ProtocolFrame.o [1]
Queue_Link_Get          0x08005f35   0x2e  Code  Gb  Queue.o [1]
Queue_Link_Init         0x08005e8b   0x26  Code  Gb  Queue.o [1]
Queue_Link_OutSize      0x08005f2d    0x8  Code  Gb  Queue.o [1]
Queue_Link_Put          0x08005eb1   0x78  Code  Gb  Queue.o [1]
Recv_Desc_P             0x200001b4    0x4  Data  Gb  ProtocolFrame.o [1]
Region$$Table$$Base     0x080063b8          --   Gb  - Linker created -
Region$$Table$$Limit    0x080063e4          --   Gb  - Linker created -
SVC_Handler             0x080062cf    0x2  Code  Gb  stm32f1xx_it.o [1]
Send                    0x080060c5    0xc  Code  Gb  Protocol.o [1]
Send_Desc_P             0x200001b0    0x4  Data  Gb  ProtocolFrame.o [1]
SenderKeepTransmit      0x080046f1    0x6  Code  Gb  main.o [1]
SysTick_Handler         0x080062d5    0xe  Code  Gb  stm32f1xx_it.o [1]
SystemClock_Config      0x0800475f   0x78  Code  Gb  main.o [1]
SystemCoreClock         0x200001c0    0x4  Data  Gb  system_stm32f1xx.o [1]
SystemInit              0x08006335   0x3a  Code  Gb  system_stm32f1xx.o [1]
TaskID                  0x200006e6    0x1  Data  Gb  TaskTimeManager.o [1]
TaskTime_Add            0x08004e69   0xca  Code  Gb  TaskTimeManager.o [1]
TaskTime_Head           0x200001a4    0x4  Data  Gb  TaskTimeManager.o [1]
TaskTime_Init           0x08004e31   0x38  Code  Gb  TaskTimeManager.o [1]
TaskTime_Run            0x08004fcb   0x34  Code  Gb  TaskTimeManager.o [1]
Transpond_Desc_P        0x200001b8    0x4  Data  Gb  ProtocolFrame.o [1]
UART1_Resolver          0x200001bc    0x4  Data  Gb  ProtocolFrame.o [1]
UART_DMAError           0x08005c49   0x20  Code  Lc  stm32f1xx_hal_uart.o [1]
UART_DMAReceiveCplt     0x08005c09   0x32  Code  Lc  stm32f1xx_hal_uart.o [1]
UART_DMARxHalfCplt      0x08005c3d    0xa  Code  Lc  stm32f1xx_hal_uart.o [1]
UART_DMATransmitCplt    0x08005bd1   0x2c  Code  Lc  stm32f1xx_hal_uart.o [1]
UART_DMATxHalfCplt      0x08005bfd    0xa  Code  Lc  stm32f1xx_hal_uart.o [1]
UART_Receive_IT         0x08005cf9   0xa0  Code  Lc  stm32f1xx_hal_uart.o [1]
UART_SetConfig          0x08005d99   0xdc  Code  Lc  stm32f1xx_hal_uart.o [1]
UART_WaitOnFlagUntilTimeout
                        0x08005c69   0x90  Code  Lc  stm32f1xx_hal_uart.o [1]
USART1_IRQHandler       0x08006313    0x6  Code  Gb  stm32f1xx_it.o [1]
Uart1_DMA_Receiver      0x20000668   0x28  Data  Gb  ComBuff.o [1]
Uart1_DMA_Sender        0x20000690   0x24  Data  Gb  ComBuff.o [1]
UsageFault_Handler      0x080062cd    0x2  Code  Gb  stm32f1xx_it.o [1]
_EncodingSb_Mbtowc      0x080031bf   0x30  Code  Gb  xencoding_sb.o [3]
_EncodingSb_Wctomb      0x080031a5   0x1a  Code  Gb  xencoding_sb.o [3]
_FProut                 0x0800642f   0x18  Code  Gb  xfprout.o [3]
_Fetch_Protocol         0x0800504d   0x4c  Code  Gb  ProtocolFrame.o [1]
_GenldFull              0x08002505  0x24a  Code  Lc  xprintffull.o [3]
_IsdstStr               0x2000008c    0x4  Data  Gb  setlocale.o [3]
_KeepTransmit           0x080056a5   0x42  Code  Gb  ComBuff.o [1]
_LdtobFull              0x08002179  0x386  Code  Lc  xprintffull.o [3]
_LitobFull              0x08002027  0x106  Code  Lc  xprintffull.o [3]
_LocaleEncoding         0x08003191    0xe  Code  Gb  setlocale.o [3]
_LocaleReturnString     0x200000ac   0x50  Data  Lc  setlocale.o [3]
_Locale_Profile         0x20000090   0x1c  Data  Gb  setlocale.o [3]
_Locale_aeabi_lconv     0x20000050   0x38  Data  Gb  localeconv.o [3]
_Locale_lconv           0x20000000   0x50  Data  Gb  localeconv.o [3]
_Mbtowc                 0x08002797   0x20  Code  Gb  xmbtowc.o [3]
_PrintfFull             0x08001691  0x67c  Code  Gb  xprintffull.o [3]
_Protocol_Put           0x08005099  0x1c4  Code  Gb  ProtocolFrame.o [1]
_Prout                  0x08006447   0x16  Code  Gb  xprout.o [3]
_PutcharsFull           0x0800274f   0x2e  Code  Lc  xprintffull.o [3]
_PutstrFull             0x08001d25  0x2fc  Code  Lc  xprintffull.o [3]
_Read                   0x0800562d   0x6e  Code  Gb  ComBuff.o [1]
_ReadByte               0x08005529   0x4c  Code  Gb  ComBuff.o [1]
_ReadTo                 0x08005575   0xb6  Code  Gb  ComBuff.o [1]
_TaskTime_Remove        0x08004f33   0x58  Code  Gb  TaskTimeManager.o [1]
_TzoneStr               0x20000088    0x4  Data  Gb  setlocale.o [3]
_UART1_Resolver         0x2000039c   0x94  Data  Gb  ProtocolFrame.o [1]
_Wctomb                 0x0800286b   0x1a  Code  Gb  xwctomb.o [3]
_Write                  0x08005471   0x88  Code  Gb  ComBuff.o [1]
_WriteByte              0x080054f9   0x30  Code  Gb  ComBuff.o [1]
__aeabi_cdcmple         0x08002b59         Code  Gb  DblCmpLe.o [4]
__aeabi_cdrcmple        0x08002b89         Code  Gb  DblCmpGe.o [4]
__aeabi_d2iz            0x08002cc5         Code  Gb  DblToI32.o [4]
__aeabi_d2uiz           0x08002cf1         Code  Gb  DblToI32.o [4]
__aeabi_ddiv            0x08002ecd         Code  Gb  DblDiv.o [4]
__aeabi_dmul            0x08002975         Code  Gb  DblMul.o [4]
__aeabi_dsub            0x08002d4d         Code  Gb  DblSub.o [4]
__aeabi_i2d             0x08002d1d         Code  Gb  I32ToDbl.o [4]
__aeabi_ldiv0           0x08003205         Code  Gb  I64DivZer.o [5]
__aeabi_memclr          0x0800616d         Code  Gb  ABImemclr.o [5]
__aeabi_memclr4         0x08005e7d         Code  Gb  ABImemclr4.o [5]
__aeabi_memset          0x08006189         Code  Gb  ABImemset.o [5]
__aeabi_ui2d            0x08002d31         Code  Gb  I32ToDbl.o [4]
__aeabi_uldivmod        0x08002885         Code  Gb  I64DivMod.o [5]
__cmain                 0x08006401         Code  Gb  cmain.o [5]
__data_GetMemChunk      0x08001651   0x2c  Code  Gb  xgetmemchunk.o [3]
__exit                  0x0800167d   0x14  Code  Gb  exit.o [6]
__iar_Dnorm             0x08002b17   0x42  Code  Gb  xdnorm.o [4]
__iar_Dscale            0x08002bb9  0x10c  Code  Gb  xdscale.o [4]
__iar_Locale_lconv_init
                        0x08003115   0x3a  Code  Gb  localeconv.o [3]
__iar_Lockfilelock      0x08006133    0x2  Code  Gb  xsyslock_nop.o [3]
__iar_Mbcurmax          0x08002861    0xa  Code  Gb  xmbcurmax.o [3]
__iar_Memchr            0x08002809         Code  Gb  memchr.o [5]
__iar_Memset            0x08006189         Code  Gb  ABImemset.o [5]
__iar_Memset4_word      0x08006139         Code  Gb  ABImemset48.o [5]
__iar_Memset8_word      0x08006139         Code  Gb  ABImemset48.o [5]
__iar_Memset_word       0x08006191         Code  Gb  ABImemset.o [5]
__iar_Stderr            0x2000013c   0x40  Data  Gb  xfiles.o [3]
__iar_Stdout            0x200000fc   0x40  Data  Gb  xfiles.o [3]
__iar_Strchr            0x080027b9         Code  Gb  strchr.o [5]
__iar_Unlockfilelock    0x08006135    0x2  Code  Gb  xsyslock_nop.o [3]
__iar_d2uiz             0x08002cfd         Code  Gb  DblToI32.o [4]
__iar_dadd              0x08003209         Code  Gb  DblAdd.o [4]
__iar_data_init3        0x08006391   0x28  Code  Gb  data_init.o [5]
__iar_dlfree            0x080010fd  0x476  Code  Gb  dlmalloc.o [1]
__iar_dlib_perthread_access
                        0x080032dd    0x2  Code  Gb  xtls.o [3]
__iar_dlmalloc          0x08000ebb  0x242  Code  Gb  dlmalloc.o [1]
__iar_dlmalloc_stats    0x08004bf1   0x36  Code  Gb  dlmalloc_stat.o [3]
__iar_dsub              0x08002d61         Code  Gb  DblSub.o [4]
__iar_dsubStart         0x08002d73         Code  Gb  DblSub.o [4]
__iar_gm_               0x200001c4  0x1d8  Data  Gb  dlmalloc.o [1]
__iar_internal_malloc_stats
                        0x0800017d   0x9e  Code  Gb  dlmalloc.o [1]
__iar_packbits_init3    0x08006211   0xb2  Code  Gb  packbits_init.o [5]
__iar_program_start     0x08006479         Code  Gb  cstartup_M.o [5]
__iar_ui2d              0x08002d35         Code  Gb  I32ToDbl.o [4]
__iar_unaligned___aeabi_memcpy
                        0x080015d9         Code  Gb  ABImemcpy_unaligned.o [5]
__iar_unaligned___aeabi_memcpy4
                        0x080015f9         Code  Gb  ABImemcpy_unaligned.o [5]
__iar_unaligned___aeabi_memcpy8
                        0x080015f9         Code  Gb  ABImemcpy_unaligned.o [5]
__iar_zero_init3        0x080015b7   0x22  Code  Gb  zero_init3.o [5]
__low_level_init        0x0800641b    0x4  Code  Gb  low_level_init.o [3]
__vector_table          0x08000000         Data  Gb  startup_stm32f103xe.o [1]
_call_main              0x0800640d         Code  Gb  cmain.o [5]
_clean_recv_buf         0x08005029   0x24  Code  Gb  ProtocolFrame.o [1]
_error                  0x0800539d    0xa  Code  Gb  LOG.o [1]
_exit                   0x08006425         Code  Gb  cexit.o [5]
_info                   0x080053b1    0xa  Code  Gb  LOG.o [1]
_main                   0x08006417         Code  Gb  cmain.o [5]
_warning                0x080053a7    0xa  Code  Gb  LOG.o [1]
abort                   0x080015b1    0x6  Code  Gb  abort.o [3]
add_segment             0x08000573  0x1d8  Code  Lc  dlmalloc.o [1]
div                     0x08003181    0xe  Code  Gb  div.o [3]
ebuf                    0x20000510   0x50  Data  Lc  xfiles.o [3]
exit                    0x0800641f    0x4  Code  Gb  exit.o [3]
fprintf                 0x08005865   0x34  Code  Gb  fprintf.o [3]
fputc                   0x080056fb   0x1a  Code  Gb  ComBuff.o [1]
hdma_i2c1_rx            0x20000430   0x38  Data  Gb  i2c.o [1]
hdma_i2c1_tx            0x20000468   0x38  Data  Gb  i2c.o [1]
hdma_usart1_rx          0x200004a0   0x38  Data  Gb  usart.o [1]
hdma_usart1_tx          0x200004d8   0x38  Data  Gb  usart.o [1]
hi2c1                   0x200005f0   0x3c  Data  Gb  i2c.o [1]
hi2c2                   0x2000062c   0x3c  Data  Gb  i2c.o [1]
huart1                  0x200005b0   0x40  Data  Gb  usart.o [1]
init_mparams            0x0800014b   0x32  Code  Lc  dlmalloc.o [1]
init_top                0x0800021b   0x34  Code  Lc  dlmalloc.o [1]
localeconv              0x0800314f   0x16  Code  Gb  localeconv.o [3]
main                    0x080046f7   0x5a  Code  Gb  main.o [1]
memchr                  0x08002809         Code  Gb  memchr.o [5]
memcpy                  0x08005fd1    0xc  Code  Gb  memcpy.o [3]
memset                  0x08006173   0x14  Code  Gb  memset.o [3]
mparams                 0x200006b4   0x18  Data  Lc  dlmalloc.o [1]
obuf                    0x20000560   0x50  Data  Lc  xfiles.o [3]
prepend_alloc           0x0800024f  0x324  Code  Lc  dlmalloc.o [1]
prevTaskTime            0x200001ac    0x4  Data  Lc  TaskTimeManager.o [1]
printf                  0x08004bcd   0x24  Code  Gb  printf.o [3]
putchar                 0x0800645d    0xc  Code  Gb  putchar.o [3]
rcv_sec                 0x200006e5    0x1  Data  Gb  main.o [1]
scale                   0x0800212d   0x46  Code  Lc  xprintffull.o [3]
sec                     0x200006e4    0x1  Data  Gb  main.o [1]
segment_holding         0x08000131   0x1a  Code  Lc  dlmalloc.o [1]
strchr                  0x080027b9         Code  Gb  strchr.o [5]
strlen                  0x080027d1         Code  Gb  strlen.o [5]
sys_alloc               0x0800074b  0x162  Code  Lc  dlmalloc.o [1]
sys_trim                0x080008ad   0x3c  Code  Lc  dlmalloc.o [1]
tmalloc_large           0x080008f5  0x3b2  Code  Lc  dlmalloc.o [1]
tmalloc_small           0x08000ca7  0x214  Code  Lc  dlmalloc.o [1]
tmpTaskTime             0x200001a8    0x4  Data  Lc  TaskTimeManager.o [1]
uwTick                  0x200006dc    0x4  Data  Lc  stm32f1xx_hal.o [1]


[1] = E:\CubeProject\STM32F103_CUBE_I2C\EWARM\STM32F103_CUBE_I2C\Obj
[2] = command line
[3] = dl7M_tlf.a
[4] = m7M_tl.a
[5] = rt7M_tl.a
[6] = shb_l.a

  25 892 bytes of readonly  code memory
     150 bytes of readonly  data memory
   5 863 bytes of readwrite data memory

Errors: none
Warnings: none
